
/Users/maria/git/ORIGYN/dapps-monorepo-lerna/node_modules/@hookform/resolvers/ajv/src/__tests__/Form-native-validation.tsx
  0:0  warning  File ignored by default. Use "--ignore-pattern '!node_modules/*'" to override

/Users/maria/git/ORIGYN/dapps-monorepo-lerna/node_modules/@hookform/resolvers/ajv/src/__tests__/Form.tsx
  0:0  warning  File ignored by default. Use "--ignore-pattern '!node_modules/*'" to override

/Users/maria/git/ORIGYN/dapps-monorepo-lerna/node_modules/@hookform/resolvers/class-validator/src/__tests__/Form-native-validation.tsx
  0:0  warning  File ignored by default. Use "--ignore-pattern '!node_modules/*'" to override

/Users/maria/git/ORIGYN/dapps-monorepo-lerna/node_modules/@hookform/resolvers/class-validator/src/__tests__/Form.tsx
  0:0  warning  File ignored by default. Use "--ignore-pattern '!node_modules/*'" to override

/Users/maria/git/ORIGYN/dapps-monorepo-lerna/node_modules/@hookform/resolvers/computed-types/src/__tests__/Form-native-validation.tsx
  0:0  warning  File ignored by default. Use "--ignore-pattern '!node_modules/*'" to override

/Users/maria/git/ORIGYN/dapps-monorepo-lerna/node_modules/@hookform/resolvers/computed-types/src/__tests__/Form.tsx
  0:0  warning  File ignored by default. Use "--ignore-pattern '!node_modules/*'" to override

/Users/maria/git/ORIGYN/dapps-monorepo-lerna/node_modules/@hookform/resolvers/io-ts/src/__tests__/Form-native-validation.tsx
  0:0  warning  File ignored by default. Use "--ignore-pattern '!node_modules/*'" to override

/Users/maria/git/ORIGYN/dapps-monorepo-lerna/node_modules/@hookform/resolvers/io-ts/src/__tests__/Form.tsx
  0:0  warning  File ignored by default. Use "--ignore-pattern '!node_modules/*'" to override

/Users/maria/git/ORIGYN/dapps-monorepo-lerna/node_modules/@hookform/resolvers/joi/src/__tests__/Form-native-validation.tsx
  0:0  warning  File ignored by default. Use "--ignore-pattern '!node_modules/*'" to override

/Users/maria/git/ORIGYN/dapps-monorepo-lerna/node_modules/@hookform/resolvers/joi/src/__tests__/Form.tsx
  0:0  warning  File ignored by default. Use "--ignore-pattern '!node_modules/*'" to override

/Users/maria/git/ORIGYN/dapps-monorepo-lerna/node_modules/@hookform/resolvers/nope/src/__tests__/Form-native-validation.tsx
  0:0  warning  File ignored by default. Use "--ignore-pattern '!node_modules/*'" to override

/Users/maria/git/ORIGYN/dapps-monorepo-lerna/node_modules/@hookform/resolvers/nope/src/__tests__/Form.tsx
  0:0  warning  File ignored by default. Use "--ignore-pattern '!node_modules/*'" to override

/Users/maria/git/ORIGYN/dapps-monorepo-lerna/node_modules/@hookform/resolvers/superstruct/src/__tests__/Form-native-validation.tsx
  0:0  warning  File ignored by default. Use "--ignore-pattern '!node_modules/*'" to override

/Users/maria/git/ORIGYN/dapps-monorepo-lerna/node_modules/@hookform/resolvers/superstruct/src/__tests__/Form.tsx
  0:0  warning  File ignored by default. Use "--ignore-pattern '!node_modules/*'" to override

/Users/maria/git/ORIGYN/dapps-monorepo-lerna/node_modules/@hookform/resolvers/typanion/src/__tests__/Form-native-validation.tsx
  0:0  warning  File ignored by default. Use "--ignore-pattern '!node_modules/*'" to override

/Users/maria/git/ORIGYN/dapps-monorepo-lerna/node_modules/@hookform/resolvers/typanion/src/__tests__/Form.tsx
  0:0  warning  File ignored by default. Use "--ignore-pattern '!node_modules/*'" to override

/Users/maria/git/ORIGYN/dapps-monorepo-lerna/node_modules/@hookform/resolvers/vest/src/__tests__/Form-native-validation.tsx
  0:0  warning  File ignored by default. Use "--ignore-pattern '!node_modules/*'" to override

/Users/maria/git/ORIGYN/dapps-monorepo-lerna/node_modules/@hookform/resolvers/vest/src/__tests__/Form.tsx
  0:0  warning  File ignored by default. Use "--ignore-pattern '!node_modules/*'" to override

/Users/maria/git/ORIGYN/dapps-monorepo-lerna/node_modules/@hookform/resolvers/yup/src/__tests__/Form-native-validation.tsx
  0:0  warning  File ignored by default. Use "--ignore-pattern '!node_modules/*'" to override

/Users/maria/git/ORIGYN/dapps-monorepo-lerna/node_modules/@hookform/resolvers/yup/src/__tests__/Form.tsx
  0:0  warning  File ignored by default. Use "--ignore-pattern '!node_modules/*'" to override

/Users/maria/git/ORIGYN/dapps-monorepo-lerna/node_modules/@hookform/resolvers/zod/src/__tests__/Form-native-validation.tsx
  0:0  warning  File ignored by default. Use "--ignore-pattern '!node_modules/*'" to override

/Users/maria/git/ORIGYN/dapps-monorepo-lerna/node_modules/@hookform/resolvers/zod/src/__tests__/Form.tsx
  0:0  warning  File ignored by default. Use "--ignore-pattern '!node_modules/*'" to override

/Users/maria/git/ORIGYN/dapps-monorepo-lerna/packages/apps/ledger/src/App.tsx
   1:19  error  Strings must use singlequote                                                                           quotes
   2:44  error  Strings must use singlequote                                                                           quotes
   2:62  error  Missing semicolon                                                                                      semi
   3:20  error  Strings must use singlequote                                                                           quotes
   3:36  error  Missing semicolon                                                                                      semi
   4:24  error  Useless path segments for "../src/components/layout", should be "./components/layout"                  import/no-useless-path-segments
   4:50  error  Missing semicolon                                                                                      semi
   5:1   error  `@dapp/features-authentication` import should occur before import of `./pages/Ledger`                  import/order
   5:61  error  Missing semicolon                                                                                      semi
   6:1   error  `@dapp/features-theme` import should occur before import of `./pages/Ledger`                           import/order
   7:8   error  Strings must use singlequote                                                                           quotes
   9:13  error  Function component is not a function declaration                                                       react/function-component-definition
   9:19  error  Unexpected block statement surrounding arrow body; move the returned value immediately after the `=>`  arrow-body-style
  11:5   error  JSX not allowed in files with extension '.tsx'                                                         react/jsx-filename-extension
  16:47  error  A space is required before closing bracket                                                             react/jsx-tag-spacing
  16:50  error  A space is required before closing bracket                                                             react/jsx-tag-spacing

/Users/maria/git/ORIGYN/dapps-monorepo-lerna/packages/apps/ledger/src/components/layout.tsx
   28:11  error  JSX not allowed in files with extension '.tsx'                                                   react/jsx-filename-extension
   42:23  error  Function component is not a function declaration                                                 react/function-component-definition
   42:26  error  'children' is missing in props validation                                                        react/prop-types
   47:9   error  't' is never reassigned. Use 'const' instead                                                     prefer-const
   52:26  error  There should be no line break before or after '='                                                operator-linebreak
   60:5   error  Fragments should contain more than one child - otherwise, there’s no need for a Fragment at all  react/jsx-no-useless-fragment
   69:43  error  Value must be omitted for boolean attributes                                                     react/jsx-boolean-value
   91:51  error  Curly braces are unnecessary here                                                                react/jsx-curly-brace-presence
   97:51  error  Curly braces are unnecessary here                                                                react/jsx-curly-brace-presence
  106:37  error  Curly braces are unnecessary here                                                                react/jsx-curly-brace-presence
  108:31  error  Unsafe arithmetic operation on optional chaining. It can result in NaN                           no-unsafe-optional-chaining
  108:31  error  Unexpected string concatenation                                                                  prefer-template
  134:47  error  Curly braces are unnecessary here                                                                react/jsx-curly-brace-presence

/Users/maria/git/ORIGYN/dapps-monorepo-lerna/packages/apps/ledger/src/index.tsx
  1:19  error  Strings must use singlequote                    quotes
  2:22  error  Strings must use singlequote                    quotes
  3:17  error  Strings must use singlequote                    quotes
  5:17  error  JSX not allowed in files with extension '.tsx'  react/jsx-filename-extension
  5:50  error  Strings must use singlequote                    quotes

/Users/maria/git/ORIGYN/dapps-monorepo-lerna/packages/apps/ledger/src/pages/Ledger/index.tsx
   1:33  error  Strings must use singlequote                                  quotes
   2:23  error  Strings must use singlequote                                  quotes
   3:21  error  Strings must use singlequote                                  quotes
   5:1   error  Expected exception block, space or tab after '//' in comment  spaced-comment
   6:80  error  Strings must use singlequote                                  quotes
   8:1   error  Expected exception block, space or tab after '//' in comment  spaced-comment
   9:7   error  Identifier 'container_style' is not in camel case             camelcase
  10:9   error  Strings must use singlequote                                  quotes
  11:12  error  Strings must use singlequote                                  quotes
  14:16  error  Function component is not a function declaration              react/function-component-definition
  14:22  error  Block must not be padded by blank lines                       padded-blocks
  16:3   error  Expected exception block, space or tab after '//' in comment  spaced-comment
  17:33  error  Strings must use singlequote                                  quotes
  19:3   error  Expected exception block, space or tab after '//' in comment  spaced-comment
  19:16  error  Trailing spaces not allowed                                   no-trailing-spaces
  22:3   error  Expected exception block, space or tab after '//' in comment  spaced-comment
  23:66  error  Strings must use singlequote                                  quotes
  24:48  error  Strings must use singlequote                                  quotes
  26:3   error  Expected exception block, space or tab after '//' in comment  spaced-comment
  33:23  error  Strings must use singlequote                                  quotes
  34:23  error  Strings must use singlequote                                  quotes
  35:22  error  Strings must use singlequote                                  quotes
  39:3   error  Expected exception block, space or tab after '//' in comment  spaced-comment
  39:23  error  Trailing spaces not allowed                                   no-trailing-spaces
  41:1   error  Trailing spaces not allowed                                   no-trailing-spaces
  42:3   error  Expected exception block, space or tab after '//' in comment  spaced-comment
  43:10  error  Identifier 'trans_types' is not in camel case                 camelcase
  43:23  error  Identifier 'setTrans_types' is not in camel case              camelcase
  46:5   error  JSX not allowed in files with extension '.tsx'                react/jsx-filename-extension
  46:20  error  Identifier 'container_style' is not in camel case             camelcase
  63:24  error  Identifier 'trans_types' is not in camel case                 camelcase
  64:27  error  Identifier 'setTrans_types' is not in camel case              camelcase
  77:25  error  Identifier 'setTrans_types' is not in camel case              camelcase

/Users/maria/git/ORIGYN/dapps-monorepo-lerna/packages/apps/marketplace/src/App.tsx
   1:45  error  Missing semicolon                                                                                      semi
   2:26  error  Missing semicolon                                                                                      semi
   3:61  error  Missing semicolon                                                                                      semi
   4:1   error  `./components/Layout` import should occur after import of `@dapp/features-tokens-provider`             import/order
   4:41  error  Missing semicolon                                                                                      semi
   5:61  error  Missing semicolon                                                                                      semi
   6:1   error  `./pages/Marketplace` import should occur after import of `@dapp/features-tokens-provider`             import/order
   6:46  error  Missing semicolon                                                                                      semi
   7:55  error  Missing semicolon                                                                                      semi
   8:52  error  Missing semicolon                                                                                      semi
   9:71  error  Missing semicolon                                                                                      semi
  11:13  error  Function component is not a function declaration                                                       react/function-component-definition
  11:19  error  Unexpected block statement surrounding arrow body; move the returned value immediately after the `=>`  arrow-body-style
  13:5   error  JSX not allowed in files with extension '.tsx'                                                         react/jsx-filename-extension
  29:4   error  Missing semicolon                                                                                      semi
  30:2   error  Missing semicolon                                                                                      semi
  32:19  error  Missing semicolon                                                                                      semi

/Users/maria/git/ORIGYN/dapps-monorepo-lerna/packages/apps/marketplace/src/components/Layout.tsx
   12:7   error  'Items' is assigned a value but never used                                                       @typescript-eslint/no-unused-vars
   16:11  error  'React' must be in scope when using JSX                                                          react/react-in-jsx-scope
   16:11  error  JSX not allowed in files with extension '.tsx'                                                   react/jsx-filename-extension
   21:11  error  'React' must be in scope when using JSX                                                          react/react-in-jsx-scope
   26:11  error  'React' must be in scope when using JSX                                                          react/react-in-jsx-scope
   30:16  error  Function component is not a function declaration                                                 react/function-component-definition
   30:19  error  'children' is missing in props validation                                                        react/prop-types
   33:11  error  'logIn' is assigned a value but never used                                                       @typescript-eslint/no-unused-vars
   33:18  error  'loggedIn' is assigned a value but never used                                                    @typescript-eslint/no-unused-vars
   33:28  error  'principal' is assigned a value but never used                                                   @typescript-eslint/no-unused-vars
   33:39  error  'logOut' is assigned a value but never used                                                      @typescript-eslint/no-unused-vars
   35:9   error  'toggleTheme' is assigned a value but never used                                                 @typescript-eslint/no-unused-vars
   36:9   error  't' is never reassigned. Use 'const' instead                                                     prefer-const
   39:9   error  'handleNavigation' is assigned a value but never used                                            @typescript-eslint/no-unused-vars
   40:26  error  There should be no line break before or after '='                                                operator-linebreak
   48:16  error  ["OGY"] is better written in dot notation                                                        dot-notation
   53:5   error  Fragments should contain more than one child - otherwise, there’s no need for a Fragment at all  react/jsx-no-useless-fragment
   53:5   error  'React' must be in scope when using JSX                                                          react/react-in-jsx-scope
   54:7   error  'React' must be in scope when using JSX                                                          react/react-in-jsx-scope
   55:9   error  'React' must be in scope when using JSX                                                          react/react-in-jsx-scope
   56:10  error  Expected exception block, space or tab after '/*' in comment                                     spaced-comment
   56:10  error  Expected space or tab before '*/' in comment                                                     spaced-comment
   57:10  error  Expected space or tab before '*/' in comment                                                     spaced-comment
   58:10  error  Expected space or tab before '*/' in comment                                                     spaced-comment
   59:10  error  Expected space or tab before '*/' in comment                                                     spaced-comment
   60:10  error  Expected exception block, space or tab after '/*' in comment                                     spaced-comment
   60:10  error  Expected space or tab before '*/' in comment                                                     spaced-comment
   61:10  error  Expected space or tab before '*/' in comment                                                     spaced-comment
   62:10  error  Expected space or tab before '*/' in comment                                                     spaced-comment
   63:10  error  Expected space or tab before '*/' in comment                                                     spaced-comment
   64:10  error  Expected space or tab before '*/' in comment                                                     spaced-comment
   65:10  error  Expected space or tab before '*/' in comment                                                     spaced-comment
   66:10  error  Expected space or tab before '*/' in comment                                                     spaced-comment
   67:10  error  Expected space or tab before '*/' in comment                                                     spaced-comment
   68:10  error  Expected space or tab before '*/' in comment                                                     spaced-comment
   69:10  error  Expected space or tab before '*/' in comment                                                     spaced-comment
   70:10  error  Expected space or tab before '*/' in comment                                                     spaced-comment
   71:10  error  Expected space or tab before '*/' in comment                                                     spaced-comment
   72:10  error  Expected space or tab before '*/' in comment                                                     spaced-comment
   73:10  error  Expected space or tab before '*/' in comment                                                     spaced-comment
   74:10  error  Expected space or tab before '*/' in comment                                                     spaced-comment
   75:10  error  Expected space or tab before '*/' in comment                                                     spaced-comment
   76:10  error  Expected space or tab before '*/' in comment                                                     spaced-comment
   77:10  error  Expected space or tab before '*/' in comment                                                     spaced-comment
   78:10  error  Expected space or tab before '*/' in comment                                                     spaced-comment
   79:10  error  Expected space or tab before '*/' in comment                                                     spaced-comment
   80:10  error  Expected space or tab before '*/' in comment                                                     spaced-comment
   81:10  error  Expected space or tab before '*/' in comment                                                     spaced-comment
   82:10  error  Expected space or tab before '*/' in comment                                                     spaced-comment
   83:10  error  Expected space or tab before '*/' in comment                                                     spaced-comment
   84:10  error  Expected space or tab before '*/' in comment                                                     spaced-comment
   85:10  error  Expected space or tab before '*/' in comment                                                     spaced-comment
   86:10  error  Expected space or tab before '*/' in comment                                                     spaced-comment
   87:10  error  Expected space or tab before '*/' in comment                                                     spaced-comment
   88:10  error  Expected space or tab before '*/' in comment                                                     spaced-comment
   89:10  error  Expected space or tab before '*/' in comment                                                     spaced-comment
   90:10  error  Expected space or tab before '*/' in comment                                                     spaced-comment
   91:10  error  Expected space or tab before '*/' in comment                                                     spaced-comment
   92:10  error  Expected space or tab before '*/' in comment                                                     spaced-comment
   93:10  error  Expected space or tab before '*/' in comment                                                     spaced-comment
   94:10  error  Expected space or tab before '*/' in comment                                                     spaced-comment
   95:10  error  Expected space or tab before '*/' in comment                                                     spaced-comment
   96:10  error  Expected space or tab before '*/' in comment                                                     spaced-comment
   97:10  error  Expected space or tab before '*/' in comment                                                     spaced-comment
   98:10  error  Expected space or tab before '*/' in comment                                                     spaced-comment
   99:10  error  Expected space or tab before '*/' in comment                                                     spaced-comment
  100:10  error  Expected space or tab before '*/' in comment                                                     spaced-comment
  101:10  error  Expected space or tab before '*/' in comment                                                     spaced-comment
  102:10  error  Expected space or tab before '*/' in comment                                                     spaced-comment
  103:10  error  Expected space or tab before '*/' in comment                                                     spaced-comment
  104:10  error  Expected space or tab before '*/' in comment                                                     spaced-comment
  105:10  error  Expected space or tab before '*/' in comment                                                     spaced-comment
  106:10  error  Expected space or tab before '*/' in comment                                                     spaced-comment
  107:10  error  Expected space or tab before '*/' in comment                                                     spaced-comment
  109:10  error  Expected space or tab before '*/' in comment                                                     spaced-comment
  110:10  error  Expected space or tab before '*/' in comment                                                     spaced-comment
  111:10  error  Expected space or tab before '*/' in comment                                                     spaced-comment
  112:10  error  Expected space or tab before '*/' in comment                                                     spaced-comment
  113:10  error  Expected space or tab before '*/' in comment                                                     spaced-comment
  114:10  error  Expected space or tab before '*/' in comment                                                     spaced-comment
  115:10  error  Expected space or tab before '*/' in comment                                                     spaced-comment
  116:10  error  Expected space or tab before '*/' in comment                                                     spaced-comment
  117:10  error  Expected space or tab before '*/' in comment                                                     spaced-comment
  118:10  error  Expected space or tab before '*/' in comment                                                     spaced-comment
  119:10  error  Expected space or tab before '*/' in comment                                                     spaced-comment
  120:10  error  Expected space or tab before '*/' in comment                                                     spaced-comment
  121:10  error  Expected space or tab before '*/' in comment                                                     spaced-comment
  122:10  error  Expected space or tab before '*/' in comment                                                     spaced-comment
  123:10  error  Expected space or tab before '*/' in comment                                                     spaced-comment
  124:10  error  Expected space or tab before '*/' in comment                                                     spaced-comment
  125:10  error  Expected space or tab before '*/' in comment                                                     spaced-comment
  126:10  error  Expected space or tab before '*/' in comment                                                     spaced-comment
  127:10  error  Expected space or tab before '*/' in comment                                                     spaced-comment
  128:10  error  Expected space or tab before '*/' in comment                                                     spaced-comment
  129:10  error  Expected space or tab before '*/' in comment                                                     spaced-comment
  130:10  error  Expected space or tab before '*/' in comment                                                     spaced-comment
  131:10  error  Expected space or tab before '*/' in comment                                                     spaced-comment
  132:10  error  Expected space or tab before '*/' in comment                                                     spaced-comment
  133:10  error  Expected space or tab before '*/' in comment                                                     spaced-comment
  134:10  error  Expected space or tab before '*/' in comment                                                     spaced-comment
  135:10  error  Expected space or tab before '*/' in comment                                                     spaced-comment
  136:10  error  Expected space or tab before '*/' in comment                                                     spaced-comment
  137:9   error  'React' must be in scope when using JSX                                                          react/react-in-jsx-scope
  144:10  error  Expected exception block, space or tab after '/*' in comment                                     spaced-comment
  144:10  error  Expected space or tab before '*/' in comment                                                     spaced-comment

/Users/maria/git/ORIGYN/dapps-monorepo-lerna/packages/apps/marketplace/src/components/Layout/AppBarr.tsx
    1:42  error  Missing semicolon                                                                               semi
    2:42  error  Missing semicolon                                                                               semi
    3:36  error  Missing semicolon                                                                               semi
    4:48  error  Missing semicolon                                                                               semi
    5:50  error  Missing semicolon                                                                               semi
    6:38  error  Missing semicolon                                                                               semi
    7:46  error  Missing semicolon                                                                               semi
    8:44  error  Missing semicolon                                                                               semi
    9:44  error  Missing semicolon                                                                               semi
   10:50  error  Missing semicolon                                                                               semi
   11:31  error  Missing semicolon                                                                               semi
   12:60  error  Missing semicolon                                                                               semi
   13:66  error  Missing semicolon                                                                               semi
   14:57  error  Missing semicolon                                                                               semi
   15:68  error  Missing semicolon                                                                               semi
   17:26  error  Function component is not a function declaration                                                react/function-component-definition
   18:68  error  Missing semicolon                                                                               semi
   19:40  error  Missing semicolon                                                                               semi
   20:10  error  'anchorElNav' is assigned a value but never used                                                @typescript-eslint/no-unused-vars
   20:81  error  Missing semicolon                                                                               semi
   22:9   error  Missing trailing comma                                                                          comma-dangle
   23:4   error  Missing semicolon                                                                               semi
   25:9   error  'handleOpenNavMenu' is assigned a value but never used                                          @typescript-eslint/no-unused-vars
   26:40  error  Missing semicolon                                                                               semi
   27:4   error  Missing semicolon                                                                               semi
   29:41  error  Missing semicolon                                                                               semi
   30:4   error  Missing semicolon                                                                               semi
   32:9   error  'handleCloseNavMenu' is assigned a value but never used                                         @typescript-eslint/no-unused-vars
   33:25  error  Missing semicolon                                                                               semi
   34:4   error  Missing semicolon                                                                               semi
   37:26  error  Missing semicolon                                                                               semi
   38:4   error  Missing semicolon                                                                               semi
   41:5   error  JSX not allowed in files with extension '.tsx'                                                  react/jsx-filename-extension
   47:15  error  Visible, non-interactive elements with click handlers must have at least one keyboard listener  jsx-a11y/click-events-have-key-events
   47:15  error  Non-interactive elements should not be assigned mouse or keyboard event listeners               jsx-a11y/no-noninteractive-element-interactions
   66:34  error  Missing semicolon                                                                               semi
   67:42  error  Missing semicolon                                                                               semi
   74:32  error  Missing semicolon                                                                               semi
   75:42  error  Missing semicolon                                                                               semi
   87:49  error  `{' '}` must be placed on a new line                                                            react/jsx-one-expression-per-line
  103:33  error  Curly braces are unnecessary here                                                               react/jsx-curly-brace-presence
  132:4   error  Missing semicolon                                                                               semi
  133:2   error  Missing semicolon                                                                               semi
  134:32  error  Missing semicolon                                                                               semi

/Users/maria/git/ORIGYN/dapps-monorepo-lerna/packages/apps/marketplace/src/index.tsx
  1:26  error    Missing semicolon                                                            semi
  2:33  error    Missing semicolon                                                            semi
  3:1   error    Expected 1 empty line after import statement not followed by another import  import/newline-after-import
  3:24  error    Missing semicolon                                                            semi
  4:1   warning  Unexpected console statement                                                 no-console
  4:20  error    Missing semicolon                                                            semi
  5:17  error    JSX not allowed in files with extension '.tsx'                               react/jsx-filename-extension
  5:58  error    Missing semicolon                                                            semi

/Users/maria/git/ORIGYN/dapps-monorepo-lerna/packages/apps/marketplace/src/pages/Marketplace/index.tsx
    1:55  error    Missing semicolon                                                                                      semi
    2:60  error    Missing semicolon                                                                                      semi
    3:53  error    Missing semicolon                                                                                      semi
    4:56  error    Missing semicolon                                                                                      semi
    5:56  error    Missing semicolon                                                                                      semi
    6:60  error    Missing semicolon                                                                                      semi
    7:56  error    Missing semicolon                                                                                      semi
    8:48  error    Missing semicolon                                                                                      semi
    9:58  error    Missing semicolon                                                                                      semi
   28:23  error    Missing semicolon                                                                                      semi
   29:38  error    Missing semicolon                                                                                      semi
   30:48  error    Missing semicolon                                                                                      semi
   31:40  error    Missing semicolon                                                                                      semi
   32:56  error    Missing semicolon                                                                                      semi
   34:24  error    Function component is not a function declaration                                                       react/function-component-definition
   34:27  error    'symbol' is missing in props validation                                                                react/prop-types
   34:40  error    Unexpected block statement surrounding arrow body; move the returned value immediately after the `=>`  arrow-body-style
   36:5   error    'React' must be in scope when using JSX                                                                react/react-in-jsx-scope
   36:5   error    JSX not allowed in files with extension '.tsx'                                                         react/jsx-filename-extension
   37:7   error    'React' must be in scope when using JSX                                                                react/react-in-jsx-scope
   46:9   error    `{' '}` must be placed on a new line                                                                   react/jsx-one-expression-per-line
   50:5   error    'React' must be in scope when using JSX                                                                react/react-in-jsx-scope
   51:7   error    'React' must be in scope when using JSX                                                                react/react-in-jsx-scope
   60:9   error    `{' '}` must be placed on a new line                                                                   react/jsx-one-expression-per-line
   63:4   error    Missing semicolon                                                                                      semi
   64:2   error    Missing semicolon                                                                                      semi
   66:21  error    Function component is not a function declaration                                                       react/function-component-definition
   67:11  error    'logIn' is assigned a value but never used                                                             @typescript-eslint/no-unused-vars
   67:18  error    'loggedIn' is assigned a value but never used                                                          @typescript-eslint/no-unused-vars
   67:28  error    'tokenId' is assigned a value but never used                                                           @typescript-eslint/no-unused-vars
   67:49  error    'principal' is assigned a value but never used                                                         @typescript-eslint/no-unused-vars
   67:67  error    'ogyActor' is assigned a value but never used                                                          @typescript-eslint/no-unused-vars
   67:78  error    There should be no line break before or after '='                                                      operator-linebreak
   68:28  error    Missing semicolon                                                                                      semi
   69:48  error    Missing semicolon                                                                                      semi
   70:55  error    Missing semicolon                                                                                      semi
   71:10  error    'isLoading' is assigned a value but never used                                                         @typescript-eslint/no-unused-vars
   71:51  error    Missing semicolon                                                                                      semi
   72:44  error    Missing semicolon                                                                                      semi
   73:42  error    Missing semicolon                                                                                      semi
   74:52  error    Missing semicolon                                                                                      semi
   75:45  error    Missing semicolon                                                                                      semi
   76:51  error    Missing semicolon                                                                                      semi
   77:51  error    Missing semicolon                                                                                      semi
   79:44  error    Missing semicolon                                                                                      semi
   81:9   error    'pushNotification' is assigned a value but never used                                                  @typescript-eslint/no-unused-vars
   88:7   error    Missing semicolon                                                                                      semi
   89:4   error    Missing semicolon                                                                                      semi
   92:5   warning  Unexpected console statement                                                                           no-console
   92:23  error    Missing semicolon                                                                                      semi
   94:25  error    Missing semicolon                                                                                      semi
   96:9   warning  Unexpected console statement                                                                           no-console
   96:30  error    Missing semicolon                                                                                      semi
   99:52  error    Unexpected block statement surrounding arrow body; move the returned value immediately after the `=>`  arrow-body-style
  100:60  error    Missing semicolon                                                                                      semi
  101:13  error    Missing trailing comma                                                                                 comma-dangle
  104:32  error    Missing semicolon                                                                                      semi
  105:13  warning  Unexpected console statement                                                                           no-console
  105:30  error    Missing semicolon                                                                                      semi
  106:29  error    Missing semicolon                                                                                      semi
  109:32  error    Missing semicolon                                                                                      semi
  110:13  warning  Unexpected console statement                                                                           no-console
  110:29  error    Missing semicolon                                                                                      semi
  111:13  error    Missing semicolon                                                                                      semi
  112:9   error    Missing semicolon                                                                                      semi
  114:4   error    Missing semicolon                                                                                      semi
  117:16  error    Missing semicolon                                                                                      semi
  118:14  error    Missing semicolon                                                                                      semi
  121:45  error    Missing semicolon                                                                                      semi
  122:5   warning  Unexpected console statement                                                                           no-console
  122:29  error    Missing semicolon                                                                                      semi
  126:11  error    Expected no linebreak before this expression                                                           implicit-arrow-linebreak
  126:45  error    Do not access Object.prototype method 'hasOwnProperty' from target object                              no-prototype-builtins
  126:67  error    Missing trailing comma                                                                                 comma-dangle
  127:9   error    Unexpected newline before ')'                                                                          function-paren-newline
  127:10  error    Missing semicolon                                                                                      semi
  128:9   warning  Unexpected console statement                                                                           no-console
  128:40  error    Missing semicolon                                                                                      semi
  129:34  error    Missing semicolon                                                                                      semi
  131:18  error    Missing semicolon                                                                                      semi
  132:7   error    Missing semicolon                                                                                      semi
  133:5   warning  Unexpected console statement                                                                           no-console
  133:26  error    Missing semicolon                                                                                      semi
  134:30  error    Missing semicolon                                                                                      semi
  135:44  error    Missing semicolon                                                                                      semi
  138:5   error    Fragments should contain more than one child - otherwise, there’s no need for a Fragment at all        react/jsx-no-useless-fragment
  138:5   error    'React' must be in scope when using JSX                                                                react/react-in-jsx-scope
  139:7   error    'React' must be in scope when using JSX                                                                react/react-in-jsx-scope
  140:9   error    'React' must be in scope when using JSX                                                                react/react-in-jsx-scope
  147:11  error    'React' must be in scope when using JSX                                                                react/react-in-jsx-scope
  154:13  error    'React' must be in scope when using JSX                                                                react/react-in-jsx-scope
  155:15  error    'React' must be in scope when using JSX                                                                react/react-in-jsx-scope
  156:17  error    'React' must be in scope when using JSX                                                                react/react-in-jsx-scope
  157:19  error    'React' must be in scope when using JSX                                                                react/react-in-jsx-scope
  158:21  error    'React' must be in scope when using JSX                                                                react/react-in-jsx-scope
  160:19  error    'React' must be in scope when using JSX                                                                react/react-in-jsx-scope
  163:15  error    'React' must be in scope when using JSX                                                                react/react-in-jsx-scope
  164:17  error    'React' must be in scope when using JSX                                                                react/react-in-jsx-scope
  165:19  error    'React' must be in scope when using JSX                                                                react/react-in-jsx-scope
  166:21  error    'React' must be in scope when using JSX                                                                react/react-in-jsx-scope
  168:19  error    'React' must be in scope when using JSX                                                                react/react-in-jsx-scope
  169:32  error    'React' must be in scope when using JSX                                                                react/react-in-jsx-scope
  169:49  error    'React' must be in scope when using JSX                                                                react/react-in-jsx-scope
  173:15  error    'React' must be in scope when using JSX                                                                react/react-in-jsx-scope
  174:17  error    'React' must be in scope when using JSX                                                                react/react-in-jsx-scope
  175:19  error    'React' must be in scope when using JSX                                                                react/react-in-jsx-scope
  176:21  error    'React' must be in scope when using JSX                                                                react/react-in-jsx-scope
  177:23  error    'React' must be in scope when using JSX                                                                react/react-in-jsx-scope
  185:21  error    'React' must be in scope when using JSX                                                                react/react-in-jsx-scope
  186:23  error    'React' must be in scope when using JSX                                                                react/react-in-jsx-scope
  197:15  error    'React' must be in scope when using JSX                                                                react/react-in-jsx-scope
  198:17  error    'React' must be in scope when using JSX                                                                react/react-in-jsx-scope
  199:19  error    'React' must be in scope when using JSX                                                                react/react-in-jsx-scope
  200:21  error    'React' must be in scope when using JSX                                                                react/react-in-jsx-scope
  202:19  error    'React' must be in scope when using JSX                                                                react/react-in-jsx-scope
  203:27  error    'React' must be in scope when using JSX                                                                react/react-in-jsx-scope
  203:44  error    'React' must be in scope when using JSX                                                                react/react-in-jsx-scope
  206:15  error    'React' must be in scope when using JSX                                                                react/react-in-jsx-scope
  207:17  error    'React' must be in scope when using JSX                                                                react/react-in-jsx-scope
  208:19  error    'React' must be in scope when using JSX                                                                react/react-in-jsx-scope
  209:21  error    'React' must be in scope when using JSX                                                                react/react-in-jsx-scope
  210:23  error    'React' must be in scope when using JSX                                                                react/react-in-jsx-scope
  212:21  error    'React' must be in scope when using JSX                                                                react/react-in-jsx-scope
  214:19  error    'React' must be in scope when using JSX                                                                react/react-in-jsx-scope
  215:21  error    'React' must be in scope when using JSX                                                                react/react-in-jsx-scope
  216:23  error    'React' must be in scope when using JSX                                                                react/react-in-jsx-scope
  218:21  error    'React' must be in scope when using JSX                                                                react/react-in-jsx-scope
  224:11  error    'React' must be in scope when using JSX                                                                react/react-in-jsx-scope
  225:13  error    'React' must be in scope when using JSX                                                                react/react-in-jsx-scope
  226:15  error    'React' must be in scope when using JSX                                                                react/react-in-jsx-scope
  227:17  error    'React' must be in scope when using JSX                                                                react/react-in-jsx-scope
  228:19  error    'React' must be in scope when using JSX                                                                react/react-in-jsx-scope
  233:21  error    'React' must be in scope when using JSX                                                                react/react-in-jsx-scope
  235:19  error    'React' must be in scope when using JSX                                                                react/react-in-jsx-scope
  240:21  error    'React' must be in scope when using JSX                                                                react/react-in-jsx-scope
  244:15  error    'React' must be in scope when using JSX                                                                react/react-in-jsx-scope
  245:17  error    'React' must be in scope when using JSX                                                                react/react-in-jsx-scope
  246:19  error    'React' must be in scope when using JSX                                                                react/react-in-jsx-scope
  247:19  error    'React' must be in scope when using JSX                                                                react/react-in-jsx-scope
  254:21  error    'React' must be in scope when using JSX                                                                react/react-in-jsx-scope
  255:21  error    'React' must be in scope when using JSX                                                                react/react-in-jsx-scope
  259:15  error    'React' must be in scope when using JSX                                                                react/react-in-jsx-scope
  260:17  error    'React' must be in scope when using JSX                                                                react/react-in-jsx-scope
  261:19  error    'React' must be in scope when using JSX                                                                react/react-in-jsx-scope
  262:19  error    'React' must be in scope when using JSX                                                                react/react-in-jsx-scope
  267:21  error    'React' must be in scope when using JSX                                                                react/react-in-jsx-scope
  268:21  error    'React' must be in scope when using JSX                                                                react/react-in-jsx-scope
  273:13  error    'React' must be in scope when using JSX                                                                react/react-in-jsx-scope
  276:46  error    Missing trailing comma                                                                                 comma-dangle
  277:29  error    Missing semicolon                                                                                      semi
  279:19  error    'React' must be in scope when using JSX                                                                react/react-in-jsx-scope
  280:21  error    'React' must be in scope when using JSX                                                                react/react-in-jsx-scope
  281:23  error    'React' must be in scope when using JSX                                                                react/react-in-jsx-scope
  282:25  error    'React' must be in scope when using JSX                                                                react/react-in-jsx-scope
  287:25  error    'React' must be in scope when using JSX                                                                react/react-in-jsx-scope
  288:27  error    'React' must be in scope when using JSX                                                                react/react-in-jsx-scope
  289:37  error    `{nftID}` must be placed on a new line                                                                 react/jsx-one-expression-per-line
  289:45  error    `br` must be placed on a new line                                                                      react/jsx-one-expression-per-line
  289:45  error    'React' must be in scope when using JSX                                                                react/react-in-jsx-scope
  291:27  error    'React' must be in scope when using JSX                                                                react/react-in-jsx-scope
  292:35  error    `{' '}` must be placed on a new line                                                                   react/jsx-one-expression-per-line
  293:29  error    'React' must be in scope when using JSX                                                                react/react-in-jsx-scope
  300:27  error    'React' must be in scope when using JSX                                                                react/react-in-jsx-scope
  301:41  error    `{' '}` must be placed on a new line                                                                   react/jsx-one-expression-per-line
  302:29  error    'React' must be in scope when using JSX                                                                react/react-in-jsx-scope
  303:31  error    'React' must be in scope when using JSX                                                                react/react-in-jsx-scope
  311:27  error    'React' must be in scope when using JSX                                                                react/react-in-jsx-scope
  312:42  error    `{' '}` must be placed on a new line                                                                   react/jsx-one-expression-per-line
  313:29  error    'React' must be in scope when using JSX                                                                react/react-in-jsx-scope
  314:31  error    'React' must be in scope when using JSX                                                                react/react-in-jsx-scope
  322:27  error    'React' must be in scope when using JSX                                                                react/react-in-jsx-scope
  323:41  error    `{' '}` must be placed on a new line                                                                   react/jsx-one-expression-per-line
  324:29  error    'React' must be in scope when using JSX                                                                react/react-in-jsx-scope
  325:31  error    'React' must be in scope when using JSX                                                                react/react-in-jsx-scope
  335:29  error    'React' must be in scope when using JSX                                                                react/react-in-jsx-scope
  336:39  error    `{' '}` must be placed on a new line                                                                   react/jsx-one-expression-per-line
  337:31  error    'React' must be in scope when using JSX                                                                react/react-in-jsx-scope
  338:33  error    'React' must be in scope when using JSX                                                                react/react-in-jsx-scope
  351:18  error    Missing semicolon                                                                                      semi
  358:4   error    Missing semicolon                                                                                      semi
  359:2   error    Missing semicolon                                                                                      semi
  361:27  error    Missing semicolon                                                                                      semi

/Users/maria/git/ORIGYN/dapps-monorepo-lerna/packages/apps/wallet/src/App.tsx
   1:45  error  Missing semicolon                                                                                      semi
   2:26  error  Missing semicolon                                                                                      semi
   3:61  error  Missing semicolon                                                                                      semi
   4:51  error  Missing semicolon                                                                                      semi
   5:61  error  Missing semicolon                                                                                      semi
   6:1   error  `./pages/Wallet` import should occur after import of `@dapp/features-tokens-provider`                  import/order
   6:36  error  Missing semicolon                                                                                      semi
   7:55  error  Missing semicolon                                                                                      semi
   8:52  error  Missing semicolon                                                                                      semi
   9:71  error  Missing semicolon                                                                                      semi
  11:13  error  Function component is not a function declaration                                                       react/function-component-definition
  11:19  error  Unexpected block statement surrounding arrow body; move the returned value immediately after the `=>`  arrow-body-style
  13:5   error  JSX not allowed in files with extension '.tsx'                                                         react/jsx-filename-extension
  29:4   error  Missing semicolon                                                                                      semi
  30:2   error  Missing semicolon                                                                                      semi
  32:19  error  Missing semicolon                                                                                      semi

/Users/maria/git/ORIGYN/dapps-monorepo-lerna/packages/apps/wallet/src/index.tsx
  1:26  error  Missing semicolon                               semi
  2:33  error  Missing semicolon                               semi
  3:24  error  Missing semicolon                               semi
  5:17  error  JSX not allowed in files with extension '.tsx'  react/jsx-filename-extension
  5:58  error  Missing semicolon                               semi

/Users/maria/git/ORIGYN/dapps-monorepo-lerna/packages/apps/wallet/src/pages/Wallet/index.tsx
    1:80  error    Missing semicolon                                                                                                                                                          semi
   12:23  error    Missing semicolon                                                                                                                                                          semi
   13:38  error    Missing semicolon                                                                                                                                                          semi
   14:40  error    Missing semicolon                                                                                                                                                          semi
   15:40  error    'useRef' is defined but never used                                                                                                                                         @typescript-eslint/no-unused-vars
   15:71  error    Missing semicolon                                                                                                                                                          semi
   22:35  error    Missing semicolon                                                                                                                                                          semi
   23:60  error    Missing semicolon                                                                                                                                                          semi
   24:66  error    Missing semicolon                                                                                                                                                          semi
   25:44  error    Missing semicolon                                                                                                                                                          semi
   29:38  error    Missing semicolon                                                                                                                                                          semi
   31:24  error    Function component is not a function declaration                                                                                                                           react/function-component-definition
   32:44  error    Missing semicolon                                                                                                                                                          semi
   35:5   error    Fragments should contain more than one child - otherwise, there’s no need for a Fragment at all                                                                            react/jsx-no-useless-fragment
   35:5   error    JSX not allowed in files with extension '.tsx'                                                                                                                             react/jsx-filename-extension
   84:4   error    Missing semicolon                                                                                                                                                          semi
   85:2   error    Missing semicolon                                                                                                                                                          semi
   87:20  error    Function component is not a function declaration                                                                                                                           react/function-component-definition
   97:4   error    Missing semicolon                                                                                                                                                          semi
   98:61  error    There should be no line break before or after '='                                                                                                                          operator-linebreak
   99:28  error    Missing semicolon                                                                                                                                                          semi
  101:62  error    Missing semicolon                                                                                                                                                          semi
  102:72  error    Missing semicolon                                                                                                                                                          semi
  103:60  error    Missing semicolon                                                                                                                                                          semi
  104:62  error    Missing semicolon                                                                                                                                                          semi
  105:48  error    Missing semicolon                                                                                                                                                          semi
  106:60  error    Missing semicolon                                                                                                                                                          semi
  107:58  error    Missing semicolon                                                                                                                                                          semi
  110:5   error    Missing semicolon                                                                                                                                                          semi
  111:58  error    Missing semicolon                                                                                                                                                          semi
  112:51  error    Missing semicolon                                                                                                                                                          semi
  113:73  error    Missing semicolon                                                                                                                                                          semi
  115:44  error    Missing semicolon                                                                                                                                                          semi
  116:40  error    Missing semicolon                                                                                                                                                          semi
  119:33  error    Missing semicolon                                                                                                                                                          semi
  120:50  error    Missing semicolon                                                                                                                                                          semi
  122:32  error    Missing semicolon                                                                                                                                                          semi
  123:33  error    Missing semicolon                                                                                                                                                          semi
  125:4   error    Missing semicolon                                                                                                                                                          semi
  128:26  error    Missing semicolon                                                                                                                                                          semi
  129:31  error    Missing semicolon                                                                                                                                                          semi
  131:18  error    Missing semicolon                                                                                                                                                          semi
  133:4   error    Missing semicolon                                                                                                                                                          semi
  135:9   error    'pushNotification' is assigned a value but never used                                                                                                                      @typescript-eslint/no-unused-vars
  142:7   error    Missing semicolon                                                                                                                                                          semi
  143:4   error    Missing semicolon                                                                                                                                                          semi
  151:6   error    Missing semicolon                                                                                                                                                          semi
  154:27  error    Missing semicolon                                                                                                                                                          semi
  155:41  error    Array.prototype.map() expects a return value from arrow function                                                                                                           array-callback-return
  157:11  error    Expected no linebreak before this statement                                                                                                                                nonblock-statement-body-position
  157:11  error    Expected { after 'if' condition                                                                                                                                            curly
  158:29  error    There should be no line break before or after '='                                                                                                                          operator-linebreak
  159:67  error    Missing semicolon                                                                                                                                                          semi
  161:9   error    Missing semicolon                                                                                                                                                          semi
  163:13  error    Identifier 'sale_type' is not in camel case                                                                                                                                camelcase
  163:23  error    There should be no line break before or after '='                                                                                                                          operator-linebreak
  164:77  error    Missing semicolon                                                                                                                                                          semi
  165:12  error    ["sale"] is better written in dot notation                                                                                                                                 dot-notation
  165:20  error    There should be no line break before or after '='                                                                                                                          operator-linebreak
  168:16  error    `{item?.current_sale[0]?.sale_id?.substring(0, 8)}` must be placed on a new line                                                                                           react/jsx-one-expression-per-line
  168:65  error    `...` must be placed on a new line                                                                                                                                         react/jsx-one-expression-per-line
  170:24  error    Missing semicolon                                                                                                                                                          semi
  171:12  error    ["raw_id"] is better written in dot notation                                                                                                                               dot-notation
  171:29  error    ["id"] is better written in dot notation                                                                                                                                   dot-notation
  171:34  error    Missing semicolon                                                                                                                                                          semi
  172:12  error    ["id"] is better written in dot notation                                                                                                                                   dot-notation
  172:42  error    ["id"] is better written in dot notation                                                                                                                                   dot-notation
  172:57  error    ["id"] is better written in dot notation                                                                                                                                   dot-notation
  172:70  error    Missing semicolon                                                                                                                                                          semi
  173:12  error    ["preview"] is better written in dot notation                                                                                                                              dot-notation
  174:9   error    img elements must have an alt prop, either with meaningful text, or an empty string for decorative images                                                                  jsx-a11y/alt-text
  175:60  error    ["raw_id"] is better written in dot notation                                                                                                                               dot-notation
  178:8   error    Missing semicolon                                                                                                                                                          semi
  179:12  error    ["saleStatus"] is better written in dot notation                                                                                                                           dot-notation
  179:26  error    There should be no line break before or after '='                                                                                                                          operator-linebreak
  180:21  error    Identifier 'sale_type' is not in camel case                                                                                                                                camelcase
  180:71  error    Missing semicolon                                                                                                                                                          semi
  182:30  error    There should be no line break before or after '='                                                                                                                          operator-linebreak
  183:10  error    Identifier 'sale_type' is not in camel case                                                                                                                                camelcase
  183:38  error    Do not access Object.prototype method 'hasOwnProperty' from target object                                                                                                  no-prototype-builtins
  183:63  error    '&&' should be placed at the beginning of the line                                                                                                                         operator-linebreak
  184:9   error    Identifier 'sale_type' is not in camel case                                                                                                                                camelcase
  184:27  error    Missing semicolon                                                                                                                                                          semi
  190:8   error    Missing semicolon                                                                                                                                                          semi
  191:18  error    Missing semicolon                                                                                                                                                          semi
  192:7   error    Missing semicolon                                                                                                                                                          semi
  194:65  error    Missing semicolon                                                                                                                                                          semi
  195:4   error    Missing semicolon                                                                                                                                                          semi
  201:6   error    Missing semicolon                                                                                                                                                          semi
  205:29  error    Missing semicolon                                                                                                                                                          semi
  206:4   error    Missing semicolon                                                                                                                                                          semi
  209:30  error    Missing semicolon                                                                                                                                                          semi
  210:30  error    Missing semicolon                                                                                                                                                          semi
  211:32  error    Missing semicolon                                                                                                                                                          semi
  212:4   error    Missing semicolon                                                                                                                                                          semi
  215:30  error    Missing semicolon                                                                                                                                                          semi
  216:30  error    Missing semicolon                                                                                                                                                          semi
  217:30  error    Missing semicolon                                                                                                                                                          semi
  218:4   error    Missing semicolon                                                                                                                                                          semi
  222:25  error    Missing semicolon                                                                                                                                                          semi
  224:35  error    Expected property shorthand                                                                                                                                                object-shorthand
  226:47  error    Missing semicolon                                                                                                                                                          semi
  227:46  error    Missing semicolon                                                                                                                                                          semi
  228:11  error    Split 'let' declarations into multiple statements                                                                                                                          one-var
  228:15  error    'inEscrow' is never reassigned. Use 'const' instead                                                                                                                        prefer-const
  229:13  error    'outEscrow' is never reassigned. Use 'const' instead                                                                                                                       prefer-const
  229:32  error    Missing semicolon                                                                                                                                                          semi
  232:34  error    Missing semicolon                                                                                                                                                          semi
  233:45  error    Missing semicolon                                                                                                                                                          semi
  241:16  error    Missing semicolon                                                                                                                                                          semi
  247:16  error    Missing semicolon                                                                                                                                                          semi
  250:22  error    `{escrow.buyer.principal.toText().substring(0, 8)}` must be placed on a new line                                                                                           react/jsx-one-expression-per-line
  250:71  error    `...` must be placed on a new line                                                                                                                                         react/jsx-one-expression-per-line
  252:16  error    Missing semicolon                                                                                                                                                          semi
  255:22  error    `{escrow.seller.principal.toText().substring(0, 8)}` must be placed on a new line                                                                                          react/jsx-one-expression-per-line
  255:72  error    `...` must be placed on a new line                                                                                                                                         react/jsx-one-expression-per-line
  257:16  error    Missing semicolon                                                                                                                                                          semi
  264:18  error    Missing radix parameter                                                                                                                                                    radix
  264:60  error    Missing trailing comma                                                                                                                                                     comma-dangle
  265:27  error    Missing semicolon                                                                                                                                                          semi
  266:34  error    Missing semicolon                                                                                                                                                          semi
  267:15  error    Missing semicolon                                                                                                                                                          semi
  271:34  error    Missing semicolon                                                                                                                                                          semi
  272:44  error    Missing semicolon                                                                                                                                                          semi
  280:16  error    Missing semicolon                                                                                                                                                          semi
  286:16  error    Missing semicolon                                                                                                                                                          semi
  289:22  error    `{offer.buyer.principal.toText().substring(0, 8)}` must be placed on a new line                                                                                            react/jsx-one-expression-per-line
  289:70  error    `...` must be placed on a new line                                                                                                                                         react/jsx-one-expression-per-line
  291:16  error    Missing semicolon                                                                                                                                                          semi
  294:22  error    `{offer.seller.principal.toText().substring(0, 8)}` must be placed on a new line                                                                                           react/jsx-one-expression-per-line
  294:71  error    `...` must be placed on a new line                                                                                                                                         react/jsx-one-expression-per-line
  296:16  error    Missing semicolon                                                                                                                                                          semi
  303:18  error    Missing radix parameter                                                                                                                                                    radix
  303:59  error    Missing trailing comma                                                                                                                                                     comma-dangle
  304:27  error    Missing semicolon                                                                                                                                                          semi
  305:33  error    Missing semicolon                                                                                                                                                          semi
  306:15  error    Missing semicolon                                                                                                                                                          semi
  315:12  error    Missing semicolon                                                                                                                                                          semi
  323:12  error    Missing semicolon                                                                                                                                                          semi
  327:13  error    Missing semicolon                                                                                                                                                          semi
  330:46  error    Unexpected block statement surrounding arrow body; move the returned value immediately after the `=>`                                                                      arrow-body-style
  331:62  error    Missing semicolon                                                                                                                                                          semi
  332:15  error    Missing trailing comma                                                                                                                                                     comma-dangle
  335:30  error    Missing semicolon                                                                                                                                                          semi
  336:15  error    iterators/generators require regenerator-runtime, which is too heavyweight for this guide to allow them. Separately, loops should be avoided in favor of array iterations  no-restricted-syntax
  337:17  error    iterators/generators require regenerator-runtime, which is too heavyweight for this guide to allow them. Separately, loops should be avoided in favor of array iterations  no-restricted-syntax
  338:19  warning  Unexpected console statement                                                                                                                                               no-console
  338:36  error    Missing semicolon                                                                                                                                                          semi
  339:27  error    Identifier 'start_price' is not in camel case                                                                                                                              camelcase
  339:40  error    Identifier 'buy_now' is not in camel case                                                                                                                                  camelcase
  339:49  error    Identifier 'min_increase' is not in camel case                                                                                                                             camelcase
  339:49  error    'min_increase' is assigned a value but never used                                                                                                                          @typescript-eslint/no-unused-vars
  339:79  error    There should be no line break before or after '='                                                                                                                          operator-linebreak
  340:68  error    Missing semicolon                                                                                                                                                          semi
  341:35  error    Identifier 'current_bid_amount' is not in camel case                                                                                                                       camelcase
  341:56  error    There should be no line break before or after '='                                                                                                                          operator-linebreak
  342:51  error    Missing semicolon                                                                                                                                                          semi
  344:32  error    Do not access Object.prototype method 'hasOwnProperty' from target object                                                                                                  no-prototype-builtins
  345:21  error    Expected no linebreak before this statement                                                                                                                                nonblock-statement-body-position
  345:21  error    Expected { after 'if' condition                                                                                                                                            curly
  350:30  error    `{sale.sale_id.substring(0, 8)}` must be placed on a new line                                                                                                              react/jsx-one-expression-per-line
  350:60  error    `...` must be placed on a new line                                                                                                                                         react/jsx-one-expression-per-line
  360:53  error    Identifier 'start_price' is not in camel case                                                                                                                              camelcase
  361:49  error    Identifier 'buy_now' is not in camel case                                                                                                                                  camelcase
  362:53  error    Identifier 'current_bid_amount' is not in camel case                                                                                                                       camelcase
  365:25  error    Unexpected use of '~'                                                                                                                                                      no-bitwise
  365:26  error    Unexpected use of '~'                                                                                                                                                      no-bitwise
  365:48  error    Missing radix parameter                                                                                                                                                    radix
  374:23  error    Missing semicolon                                                                                                                                                          semi
  378:40  error    Unexpected block statement surrounding arrow body; parenthesize the returned value and move it immediately after the `=>`                                                  arrow-body-style
  379:55  error    Missing semicolon                                                                                                                                                          semi
  380:17  error    Missing semicolon                                                                                                                                                          semi
  381:34  error    Missing semicolon                                                                                                                                                          semi
  382:48  error    Missing semicolon                                                                                                                                                          semi
  385:34  error    Missing semicolon                                                                                                                                                          semi
  386:15  warning  Unexpected console statement                                                                                                                                               no-console
  386:31  error    Missing semicolon                                                                                                                                                          semi
  387:15  error    Missing semicolon                                                                                                                                                          semi
  388:11  error    Missing semicolon                                                                                                                                                          semi
  390:4   error    Missing semicolon                                                                                                                                                          semi
  393:16  error    Missing semicolon                                                                                                                                                          semi
  394:25  error    Missing semicolon                                                                                                                                                          semi
  396:25  error    There should be no line break before or after '='                                                                                                                          operator-linebreak
  399:22  error    Missing semicolon                                                                                                                                                          semi
  401:29  error    There should be no line break before or after '='                                                                                                                          operator-linebreak
  404:26  error    Missing semicolon                                                                                                                                                          semi
  406:33  error    There should be no line break before or after '='                                                                                                                          operator-linebreak
  409:32  error    Missing semicolon                                                                                                                                                          semi
  411:34  error    There should be no line break before or after '='                                                                                                                          operator-linebreak
  414:33  error    Missing semicolon                                                                                                                                                          semi
  416:3   warning  Unexpected console statement                                                                                                                                               no-console
  416:23  error    Missing semicolon                                                                                                                                                          semi
  418:5   error    Fragments should contain more than one child - otherwise, there’s no need for a Fragment at all                                                                            react/jsx-no-useless-fragment
  428:22  error    `b` must be placed on a new line                                                                                                                                           react/jsx-one-expression-per-line
  431:28  error    `b` must be placed on a new line                                                                                                                                           react/jsx-one-expression-per-line
  434:30  error    `b` must be placed on a new line                                                                                                                                           react/jsx-one-expression-per-line
  449:19  error    Missing parentheses around multilines JSX                                                                                                                                  react/jsx-wrap-multilines
  452:23  error    Expected no linebreak before this expression                                                                                                                               implicit-arrow-linebreak
  453:21  error    Unexpected newline before '}'                                                                                                                                              react/jsx-curly-newline
  457:19  error    Missing parentheses around multilines JSX                                                                                                                                  react/jsx-wrap-multilines
  458:43  error    `b` must be placed on a new line                                                                                                                                           react/jsx-one-expression-per-line
  468:36  error    Prop spreading is forbidden                                                                                                                                                react/jsx-props-no-spreading
  469:41  error    Prop spreading is forbidden                                                                                                                                                react/jsx-props-no-spreading
  470:43  error    Prop spreading is forbidden                                                                                                                                                react/jsx-props-no-spreading
  476:14  error    Do not nest ternary expressions                                                                                                                                            no-nested-ternary
  492:14  error    Do not nest ternary expressions                                                                                                                                            no-nested-ternary
  503:14  error    Do not nest ternary expressions                                                                                                                                            no-nested-ternary
  505:53  error    '||' should be placed at the beginning of the line                                                                                                                         operator-linebreak
  507:15  error    Expected indentation of 16 space characters but found 14                                                                                                                   react/jsx-indent
  527:1   error    Expected indentation of 14 spaces but found 12                                                                                                                             indent
  531:1   error    Expected indentation of 14 spaces but found 12                                                                                                                             indent
  572:4   error    Missing semicolon                                                                                                                                                          semi
  573:2   error    Missing semicolon                                                                                                                                                          semi
  575:26  error    Missing semicolon                                                                                                                                                          semi

/Users/maria/git/ORIGYN/dapps-monorepo-lerna/packages/features/authentication/src/index.tsx
    8:1   error    `react-toastify` import should occur before import of `./plug`             import/order
    9:1   error    `@dapp/features-components` import should occur before import of `./plug`  import/order
   11:1   error    `@dfinity/auth-client` import should occur before import of `./plug`       import/order
   60:3   warning  Unexpected console statement                                               no-console
   68:11  error    Unexpected lexical declaration in case block                               no-case-declarations
   81:11  error    Unexpected lexical declaration in case block                               no-case-declarations
   91:11  error    Unexpected lexical declaration in case block                               no-case-declarations
  101:11  warning  Unexpected console statement                                               no-console
  106:7   warning  Unexpected console statement                                               no-console
  107:19  error    Unexpected string concatenation                                            prefer-template
  128:5   warning  Unexpected console statement                                               no-console
  144:7   warning  Unexpected console statement                                               no-console
  171:39  error    Function component is not a function declaration                           react/function-component-definition
  175:5   error    JSX not allowed in files with extension '.tsx'                             react/jsx-filename-extension

/Users/maria/git/ORIGYN/dapps-monorepo-lerna/packages/features/components/src/Layout/index.tsx
   22:1   error  `@dapp/features-authentication` import should occur before import of `../Logo`                                                                                                                     import/order
   23:1   error  `@dapp/features-theme` import should occur before import of `../Logo`                                                                                                                              import/order
   26:1   error  `@dapp/features-tokens-provider` import should occur before import of `../Logo`                                                                                                                    import/order
   32:11  error  JSX not allowed in files with extension '.tsx'                                                                                                                                                     react/jsx-filename-extension
   46:23  error  Function component is not a function declaration                                                                                                                                                   react/function-component-definition
   46:26  error  'children' is missing in props validation                                                                                                                                                          react/prop-types
   52:9   error  't' is never reassigned. Use 'const' instead                                                                                                                                                       prefer-const
   57:26  error  There should be no line break before or after '='                                                                                                                                                  operator-linebreak
   65:16  error  ["OGY"] is better written in dot notation                                                                                                                                                          dot-notation
   70:5   error  Fragments should contain more than one child - otherwise, there’s no need for a Fragment at all                                                                                                    react/jsx-no-useless-fragment
   79:43  error  Value must be omitted for boolean attributes                                                                                                                                                       react/jsx-boolean-value
  102:39  error  Curly braces are unnecessary here                                                                                                                                                                  react/jsx-curly-brace-presence
  109:51  error  Curly braces are unnecessary here                                                                                                                                                                  react/jsx-curly-brace-presence
  119:39  error  Curly braces are unnecessary here                                                                                                                                                                  react/jsx-curly-brace-presence
  121:33  error  Unsafe arithmetic operation on optional chaining. It can result in NaN                                                                                                                             no-unsafe-optional-chaining
  121:33  error  Unexpected string concatenation                                                                                                                                                                    prefer-template
  126:61  error  `{' '}` must be placed on a new line                                                                                                                                                               react/jsx-one-expression-per-line
  171:49  error  Curly braces are unnecessary here                                                                                                                                                                  react/jsx-curly-brace-presence
  186:19  error  Visible, non-interactive elements with click handlers must have at least one keyboard listener                                                                                                     jsx-a11y/click-events-have-key-events
  186:19  error  Avoid non-native interactive elements. If using native HTML is not possible, add an appropriate role and support for tabbing, mouse, keyboard, and touch inputs to an interactive content element  jsx-a11y/no-static-element-interactions

/Users/maria/git/ORIGYN/dapps-monorepo-lerna/packages/features/components/src/LoadingContainer/index.tsx
  4:33  error  Function component is not a function declaration                                                       react/function-component-definition
  4:39  error  Unexpected block statement surrounding arrow body; move the returned value immediately after the `=>`  arrow-body-style
  6:5   error  JSX not allowed in files with extension '.tsx'                                                         react/jsx-filename-extension

/Users/maria/git/ORIGYN/dapps-monorepo-lerna/packages/features/components/src/Logo/index.tsx
    8:5   error  JSX not allowed in files with extension '.tsx'                     react/jsx-filename-extension
   16:11  error  Empty components are self-closing                                  react/self-closing-comp
   19:12  error  Closing tag of a multiline JSX expression must be on its own line  react/jsx-closing-tag-location
   20:11  error  Empty components are self-closing                                  react/self-closing-comp
   23:12  error  Closing tag of a multiline JSX expression must be on its own line  react/jsx-closing-tag-location
   24:11  error  Empty components are self-closing                                  react/self-closing-comp
   27:12  error  Closing tag of a multiline JSX expression must be on its own line  react/jsx-closing-tag-location
   28:11  error  Empty components are self-closing                                  react/self-closing-comp
   31:12  error  Closing tag of a multiline JSX expression must be on its own line  react/jsx-closing-tag-location
   33:13  error  Empty components are self-closing                                  react/self-closing-comp
   36:14  error  Closing tag of a multiline JSX expression must be on its own line  react/jsx-closing-tag-location
   48:13  error  Empty components are self-closing                                  react/self-closing-comp
   49:13  error  Empty components are self-closing                                  react/self-closing-comp
   50:13  error  Empty components are self-closing                                  react/self-closing-comp
   51:13  error  Empty components are self-closing                                  react/self-closing-comp
   52:13  error  Empty components are self-closing                                  react/self-closing-comp
   53:13  error  Empty components are self-closing                                  react/self-closing-comp
   54:13  error  Empty components are self-closing                                  react/self-closing-comp
   55:13  error  Empty components are self-closing                                  react/self-closing-comp
   56:13  error  Empty components are self-closing                                  react/self-closing-comp
   57:13  error  Empty components are self-closing                                  react/self-closing-comp
   67:13  error  Empty components are self-closing                                  react/self-closing-comp
   68:13  error  Empty components are self-closing                                  react/self-closing-comp
   69:13  error  Empty components are self-closing                                  react/self-closing-comp
   70:13  error  Empty components are self-closing                                  react/self-closing-comp
   71:13  error  Empty components are self-closing                                  react/self-closing-comp
   72:13  error  Empty components are self-closing                                  react/self-closing-comp
   73:13  error  Empty components are self-closing                                  react/self-closing-comp
   74:13  error  Empty components are self-closing                                  react/self-closing-comp
   75:13  error  Empty components are self-closing                                  react/self-closing-comp
   76:13  error  Empty components are self-closing                                  react/self-closing-comp
   86:13  error  Empty components are self-closing                                  react/self-closing-comp
   87:13  error  Empty components are self-closing                                  react/self-closing-comp
   88:13  error  Empty components are self-closing                                  react/self-closing-comp
   89:13  error  Empty components are self-closing                                  react/self-closing-comp
   90:13  error  Empty components are self-closing                                  react/self-closing-comp
   91:13  error  Empty components are self-closing                                  react/self-closing-comp
   92:13  error  Empty components are self-closing                                  react/self-closing-comp
  102:13  error  Empty components are self-closing                                  react/self-closing-comp
  103:13  error  Empty components are self-closing                                  react/self-closing-comp
  104:13  error  Empty components are self-closing                                  react/self-closing-comp
  105:13  error  Empty components are self-closing                                  react/self-closing-comp
  106:13  error  Empty components are self-closing                                  react/self-closing-comp
  107:13  error  Empty components are self-closing                                  react/self-closing-comp
  108:13  error  Empty components are self-closing                                  react/self-closing-comp
  109:13  error  Empty components are self-closing                                  react/self-closing-comp
  110:13  error  Empty components are self-closing                                  react/self-closing-comp
  113:13  error  Empty components are self-closing                                  react/self-closing-comp

/Users/maria/git/ORIGYN/dapps-monorepo-lerna/packages/features/components/src/NatPrice/index.tsx
   5:25  error  Function component is not a function declaration                                      react/function-component-definition
   6:23  error  JSX not allowed in files with extension '.tsx'                                        react/jsx-filename-extension
  17:3   error  propType "symbol" is not required, but has no corresponding defaultProps declaration  react/require-default-props

/Users/maria/git/ORIGYN/dapps-monorepo-lerna/packages/features/components/src/Preloader/index.tsx
  25:26  error  Function component is not a function declaration                                                       react/function-component-definition
  25:37  error  Unexpected block statement surrounding arrow body; move the returned value immediately after the `=>`  arrow-body-style
  27:5   error  JSX not allowed in files with extension '.tsx'                                                         react/jsx-filename-extension
  27:22  error  Prop spreading is forbidden                                                                            react/jsx-props-no-spreading

/Users/maria/git/ORIGYN/dapps-monorepo-lerna/packages/features/components/src/SearchbarNft/index.tsx
    1:40  error    'useState' is defined but never used                                                                                                                                       @typescript-eslint/no-unused-vars
    3:15  error    'IconButton' is defined but never used                                                                                                                                     @typescript-eslint/no-unused-vars
    3:45  error    '/Users/maria/git/ORIGYN/dapps-monorepo-lerna/node_modules/@mui/material/index.d.ts' imported multiple times                                                               import/no-duplicates
    9:1   error    Expected exception block, space or tab after '//' in comment                                                                                                               spaced-comment
   10:34  error    '/Users/maria/git/ORIGYN/dapps-monorepo-lerna/node_modules/@mui/material/index.d.ts' imported multiple times                                                               import/no-duplicates
   12:29  error    Function component is not a function declaration                                                                                                                           react/function-component-definition
   13:20  error    'canisterId' is assigned a value but never used                                                                                                                            @typescript-eslint/no-unused-vars
   13:32  error    'principal' is assigned a value but never used                                                                                                                             @typescript-eslint/no-unused-vars
   18:5   error    Expected exception block, space or tab after '//' in comment                                                                                                               spaced-comment
   20:7   error    Assignment to function parameter 'value'                                                                                                                                   no-param-reassign
   22:5   error    Must use destructuring props assignment                                                                                                                                    react/destructuring-assignment
   22:11  error    'setSearchBarTokenId' is missing in props validation                                                                                                                       react/prop-types
   23:5   error    Expected exception block, space or tab after '//' in comment                                                                                                               spaced-comment
   27:40  error    Must use destructuring props assignment                                                                                                                                    react/destructuring-assignment
   27:46  error    'searchBarTokenId' is missing in props validation                                                                                                                          react/prop-types
   32:5   error    Expected exception block, space or tab after '//' in comment                                                                                                               spaced-comment
   35:9   error    'response' is never reassigned. Use 'const' instead                                                                                                                        prefer-const
   37:9   error    'collectionNFT' is never reassigned. Use 'const' instead                                                                                                                   prefer-const
   39:9   error    Identifier 'obj_token_ids' is not in camel case                                                                                                                            camelcase
   39:9   error    'obj_token_ids' is never reassigned. Use 'const' instead                                                                                                                   prefer-const
   40:9   error    Identifier 'number_ids' is not in camel case                                                                                                                               camelcase
   40:9   error    'number_ids' is never reassigned. Use 'const' instead                                                                                                                      prefer-const
   43:5   error    All 'var' declarations must be at the top of the function scope                                                                                                            vars-on-top
   43:5   error    Unexpected var, use let or const instead                                                                                                                                   no-var
   44:5   error    All 'var' declarations must be at the top of the function scope                                                                                                            vars-on-top
   44:5   error    Unexpected var, use let or const instead                                                                                                                                   no-var
   45:5   error    for..in loops iterate over the entire prototype chain, which is virtually never what you want. Use Object.{keys,values,entries}, and iterate over the resulting array      no-restricted-syntax
   45:5   error    The body of a for-in should be wrapped in an if statement to filter unwanted properties from the prototype                                                                 guard-for-in
   45:15  error    Identifier 'obj_token_ids' is not in camel case                                                                                                                            camelcase
   46:7   error    All 'var' declarations must be at the top of the function scope                                                                                                            vars-on-top
   46:7   error    Unexpected var, use let or const instead                                                                                                                                   no-var
   46:19  error    Identifier 'obj_token_ids' is not in camel case                                                                                                                            camelcase
   47:7   error    Expected exception block, space or tab after '//' in comment                                                                                                               spaced-comment
   49:25  error    Function declared in a loop contains unsafe references to variable(s) 'newID'                                                                                              no-loop-func
   49:26  error    'x' is defined but never used                                                                                                                                              @typescript-eslint/no-unused-vars
   49:32  error    Unexpected block statement surrounding arrow body; move the returned value immediately after the `=>`                                                                      arrow-body-style
   54:5   error    Expected exception block, space or tab after '//' in comment                                                                                                               spaced-comment
   55:9   error    Identifier 'splitted_url' is not in camel case                                                                                                                             camelcase
   55:9   error    'splitted_url' is never reassigned. Use 'const' instead                                                                                                                    prefer-const
   56:5   error    Expected exception block, space or tab after '//' in comment                                                                                                               spaced-comment
   57:5   error    Must use destructuring props assignment                                                                                                                                    react/destructuring-assignment
   57:11  error    'setIndexID' is missing in props validation                                                                                                                                react/prop-types
   58:5   error    Expected exception block, space or tab after '//' in comment                                                                                                               spaced-comment
   60:5   error    iterators/generators require regenerator-runtime, which is too heavyweight for this guide to allow them. Separately, loops should be avoided in favor of array iterations  no-restricted-syntax
   60:5   error    Invalid loop. Its body allows only one iteration                                                                                                                           no-unreachable-loop
   61:15  error    Expected '===' and instead saw '=='                                                                                                                                        eqeqeq
   62:9   error    Must use destructuring props assignment                                                                                                                                    react/destructuring-assignment
   62:15  error    'setIndexID' is missing in props validation                                                                                                                                react/prop-types
   67:5   error    Expected exception block, space or tab after '//' in comment                                                                                                               spaced-comment
   68:5   error    Expected exception block, space or tab after '//' in comment                                                                                                               spaced-comment
   69:5   error    All 'var' declarations must be at the top of the function scope                                                                                                            vars-on-top
   69:5   error    Unexpected var, use let or const instead                                                                                                                                   no-var
   69:24  error    Identifier 'splitted_url' is not in camel case                                                                                                                             camelcase
   69:44  error    Unexpected function expression                                                                                                                                             prefer-arrow-callback
   69:44  warning  Unexpected unnamed function                                                                                                                                                func-names
   73:7   error    Expected exception block, space or tab after '//' in comment                                                                                                               spaced-comment
   74:7   error    Must use destructuring props assignment                                                                                                                                    react/destructuring-assignment
   74:13  error    'setSearchBarTokenId' is missing in props validation                                                                                                                       react/prop-types
   76:7   error    Expected exception block, space or tab after '//' in comment                                                                                                               spaced-comment
   77:7   error    Must use destructuring props assignment                                                                                                                                    react/destructuring-assignment
   77:13  error    'setSearchBarTokenId' is missing in props validation                                                                                                                       react/prop-types
   80:3   error    Expected exception block, space or tab after '//' in comment                                                                                                               spaced-comment
   88:5   error    JSX not allowed in files with extension '.tsx'                                                                                                                             react/jsx-filename-extension
   93:8   error    Must use destructuring props assignment                                                                                                                                    react/destructuring-assignment
   93:14  error    'isLoading' is missing in props validation                                                                                                                                 react/prop-types
   95:11  error    Empty components are self-closing                                                                                                                                          react/self-closing-comp
   99:20  error    Expected '===' and instead saw '=='                                                                                                                                        eqeqeq
  107:34  error    `b` must be placed on a new line                                                                                                                                           react/jsx-one-expression-per-line
  107:66  error    `{' '}` must be placed on a new line                                                                                                                                       react/jsx-one-expression-per-line
  117:35  error    `b` must be placed on a new line                                                                                                                                           react/jsx-one-expression-per-line
  117:39  error    Must use destructuring props assignment                                                                                                                                    react/destructuring-assignment
  117:45  error    'searchBarTokenId' is missing in props validation                                                                                                                          react/prop-types
  129:33  error    `b` must be placed on a new line                                                                                                                                           react/jsx-one-expression-per-line
  129:37  error    Must use destructuring props assignment                                                                                                                                    react/destructuring-assignment
  129:43  error    'searchBarTokenId' is missing in props validation                                                                                                                          react/prop-types
  133:33  error    `'` can be escaped with `&apos;`, `&lsquo;`, `&#39;`, `&rsquo;`                                                                                                            react/no-unescaped-entities
  133:36  error    `em` must be placed on a new line                                                                                                                                          react/jsx-one-expression-per-line
  133:40  error    `(+` must be placed on a new line                                                                                                                                          react/jsx-one-expression-per-line
  133:42  error    `{idsNumber}` must be placed on a new line                                                                                                                                 react/jsx-one-expression-per-line
  133:53  error    `...)` must be placed on a new line                                                                                                                                        react/jsx-one-expression-per-line
  141:26  error    Prop spreading is forbidden                                                                                                                                                react/jsx-props-no-spreading
  143:20  error    Must use destructuring props assignment                                                                                                                                    react/destructuring-assignment
  143:26  error    'searchBarTokenId' is missing in props validation                                                                                                                          react/prop-types

/Users/maria/git/ORIGYN/dapps-monorepo-lerna/packages/features/components/src/TabPanel/index.tsx
   5:3   error  propType "children" is not required, but has no corresponding defaultProps declaration  react/require-default-props
   8:3   error  propType "padding" is not required, but has no corresponding defaultProps declaration   react/require-default-props
  11:25  error  Function component is not a function declaration                                        react/function-component-definition
  15:5   error  JSX not allowed in files with extension '.tsx'                                          react/jsx-filename-extension
  20:7   error  Prop spreading is forbidden                                                             react/jsx-props-no-spreading
  23:23  error  Must use destructuring props assignment                                                 react/destructuring-assignment

/Users/maria/git/ORIGYN/dapps-monorepo-lerna/packages/features/components/src/Table/index.tsx
  11:25  error  'columns' is missing in props validation                                                               react/prop-types
  11:34  error  'rows' is missing in props validation                                                                  react/prop-types
  27:5   error  JSX not allowed in files with extension '.tsx'                                                         react/jsx-filename-extension
  32:24  error  'columns.map' is missing in props validation                                                           react/prop-types
  45:16  error  'rows.slice' is missing in props validation                                                            react/prop-types
  46:29  error  Unexpected block statement surrounding arrow body; move the returned value immediately after the `=>`  arrow-body-style
  49:30  error  'columns.map' is missing in props validation                                                           react/prop-types
  68:21  error  'rows.length' is missing in props validation                                                           react/prop-types

/Users/maria/git/ORIGYN/dapps-monorepo-lerna/packages/features/components/src/TokenIcon/index.tsx
  12:26  error  Function component is not a function declaration                                                           react/function-component-definition
  12:29  error  'symbol' is missing in props validation                                                                    react/prop-types
  14:32  error  '&&' should be placed at the beginning of the line                                                         operator-linebreak
  15:13  error  'symbol.indexOf' is missing in props validation                                                            react/prop-types
  15:50  error  'symbol.indexOf' is missing in props validation                                                            react/prop-types
  17:5   error  Expected no linebreak before this statement                                                                nonblock-statement-body-position
  17:5   error  Expected { after 'if' condition                                                                            curly
  17:12  error  img elements must have an alt prop, either with meaningful text, or an empty string for decorative images  jsx-a11y/alt-text
  17:12  error  JSX not allowed in files with extension '.tsx'                                                             react/jsx-filename-extension
  19:35  error  Assignment to function parameter 'symbol'                                                                  no-param-reassign
  19:51  error  'symbol.toUpperCase' is missing in props validation                                                        react/prop-types
  24:18  error  Do not access Object.prototype method 'hasOwnProperty' from target object                                  no-prototype-builtins

/Users/maria/git/ORIGYN/dapps-monorepo-lerna/packages/features/components/src/TransactionFilter/index.tsx
    2:15  error    'Typography' is defined but never used                                                                                                                                 @typescript-eslint/no-unused-vars
   15:1   error    Expected exception block, space or tab after '//' in comment                                                                                                           spaced-comment
   22:1   error    Expected exception block, space or tab after '//' in comment                                                                                                           spaced-comment
   26:1   error    Expected exception block, space or tab after '//' in comment                                                                                                           spaced-comment
   38:1   error    Expected exception block, space or tab after '//' in comment                                                                                                           spaced-comment
   39:7   error    Identifier 'search_into' is not in camel case                                                                                                                          camelcase
   41:34  error    Function component is not a function declaration                                                                                                                       react/function-component-definition
   42:3   error    Expected exception block, space or tab after '//' in comment                                                                                                           spaced-comment
   47:3   error    Expected exception block, space or tab after '//' in comment                                                                                                           spaced-comment
   49:3   error    Expected exception block, space or tab after '//' in comment                                                                                                           spaced-comment
   51:3   error    Expected exception block, space or tab after '//' in comment                                                                                                           spaced-comment
   57:7   error    Assignment to function parameter 'value'                                                                                                                               no-param-reassign
   59:18  error    'x' is defined but never used                                                                                                                                          @typescript-eslint/no-unused-vars
   59:24  error    Unexpected block statement surrounding arrow body; move the returned value immediately after the `=>`                                                                  arrow-body-style
   62:5   warning  Unexpected console statement                                                                                                                                           no-console
   66:3   error    Expected exception block, space or tab after '//' in comment                                                                                                           spaced-comment
   73:22  error    'x' is defined but never used                                                                                                                                          @typescript-eslint/no-unused-vars
   73:28  error    Unexpected block statement surrounding arrow body; move the returned value immediately after the `=>`                                                                  arrow-body-style
   77:5   error    All 'var' declarations must be at the top of the function scope                                                                                                        vars-on-top
   77:5   error    Unexpected var, use let or const instead                                                                                                                               no-var
   78:5   error    All 'var' declarations must be at the top of the function scope                                                                                                        vars-on-top
   78:5   error    Unexpected var, use let or const instead                                                                                                                               no-var
   79:5   error    All 'var' declarations must be at the top of the function scope                                                                                                        vars-on-top
   79:5   error    Unexpected var, use let or const instead                                                                                                                               no-var
   80:5   error    Expected a default case                                                                                                                                                default-case
   82:9   error    All 'var' declarations must be at the top of the function scope                                                                                                        vars-on-top
   82:9   error    Unexpected var, use let or const instead                                                                                                                               no-var
   82:31  error    Must use destructuring props assignment                                                                                                                                react/destructuring-assignment
   82:37  error    'transactionData' is missing in props validation                                                                                                                       react/prop-types
   83:9   error    for..in loops iterate over the entire prototype chain, which is virtually never what you want. Use Object.{keys,values,entries}, and iterate over the resulting array  no-restricted-syntax
   83:9   error    The body of a for-in should be wrapped in an if statement to filter unwanted properties from the prototype                                                             guard-for-in
   84:11  error    All 'var' declarations must be at the top of the function scope                                                                                                        vars-on-top
   84:11  error    Unexpected var, use let or const instead                                                                                                                               no-var
   84:59  error    'transactionData[].accounts' is missing in props validation                                                                                                            react/prop-types
   85:28  error    'transactionData[].accounts.length' is missing in props validation                                                                                                     react/prop-types
   86:13  error    for..in loops iterate over the entire prototype chain, which is virtually never what you want. Use Object.{keys,values,entries}, and iterate over the resulting array  no-restricted-syntax
   86:13  error    The body of a for-in should be wrapped in an if statement to filter unwanted properties from the prototype                                                             guard-for-in
   94:9   error    All 'var' declarations must be at the top of the function scope                                                                                                        vars-on-top
   94:9   error    Unexpected var, use let or const instead                                                                                                                               no-var
   94:31  error    Must use destructuring props assignment                                                                                                                                react/destructuring-assignment
   94:37  error    'transactionData' is missing in props validation                                                                                                                       react/prop-types
   95:9   error    for..in loops iterate over the entire prototype chain, which is virtually never what you want. Use Object.{keys,values,entries}, and iterate over the resulting array  no-restricted-syntax
   95:9   error    The body of a for-in should be wrapped in an if statement to filter unwanted properties from the prototype                                                             guard-for-in
   96:11  error    All 'var' declarations must be at the top of the function scope                                                                                                        vars-on-top
   96:11  error    Unexpected var, use let or const instead                                                                                                                               no-var
   96:61  error    'transactionData[].principals' is missing in props validation                                                                                                          react/prop-types
   97:30  error    'transactionData[].principals.length' is missing in props validation                                                                                                   react/prop-types
   98:13  error    for..in loops iterate over the entire prototype chain, which is virtually never what you want. Use Object.{keys,values,entries}, and iterate over the resulting array  no-restricted-syntax
   98:13  error    The body of a for-in should be wrapped in an if statement to filter unwanted properties from the prototype                                                             guard-for-in
  106:9   error    All 'var' declarations must be at the top of the function scope                                                                                                        vars-on-top
  106:9   error    Unexpected var, use let or const instead                                                                                                                               no-var
  106:31  error    Must use destructuring props assignment                                                                                                                                react/destructuring-assignment
  106:37  error    'transactionData' is missing in props validation                                                                                                                       react/prop-types
  107:9   error    for..in loops iterate over the entire prototype chain, which is virtually never what you want. Use Object.{keys,values,entries}, and iterate over the resulting array  no-restricted-syntax
  107:9   error    The body of a for-in should be wrapped in an if statement to filter unwanted properties from the prototype                                                             guard-for-in
  108:11  error    All 'var' declarations must be at the top of the function scope                                                                                                        vars-on-top
  108:11  error    Unexpected var, use let or const instead                                                                                                                               no-var
  108:47  error    'transactionData[].trans_index' is missing in props validation                                                                                                         react/prop-types
  118:3   error    Expected exception block, space or tab after '//' in comment                                                                                                           spaced-comment
  124:14  error    'x' is defined but never used                                                                                                                                          @typescript-eslint/no-unused-vars
  124:20  error    Unexpected block statement surrounding arrow body; move the returned value immediately after the `=>`                                                                  arrow-body-style
  130:9   error    Identifier 'array_types' is not in camel case                                                                                                                          camelcase
  130:33  error    Must use destructuring props assignment                                                                                                                                react/destructuring-assignment
  130:39  error    'trans_types' is missing in props validation                                                                                                                           react/prop-types
  132:3   error    Expected exception block, space or tab after '//' in comment                                                                                                           spaced-comment
  141:5   error    Must use destructuring props assignment                                                                                                                                react/destructuring-assignment
  141:11  error    'setFilter' is missing in props validation                                                                                                                             react/prop-types
  142:5   error    Must use destructuring props assignment                                                                                                                                react/destructuring-assignment
  142:11  error    'setTrans_types' is missing in props validation                                                                                                                        react/prop-types
  146:5   error    JSX not allowed in files with extension '.tsx'                                                                                                                         react/jsx-filename-extension
  151:8   error    Must use destructuring props assignment                                                                                                                                react/destructuring-assignment
  151:14  error    'searchBarTokenId' is missing in props validation                                                                                                                      react/prop-types
  151:31  error    Expected '===' and instead saw '=='                                                                                                                                    eqeqeq
  151:49  error    '||' should be placed at the beginning of the line                                                                                                                     operator-linebreak
  152:7   error    Must use destructuring props assignment                                                                                                                                react/destructuring-assignment
  152:13  error    'searchBarTokenId' is missing in props validation                                                                                                                      react/prop-types
  152:30  error    Expected '===' and instead saw '=='                                                                                                                                    eqeqeq
  161:1   error    Expected indentation of 8 spaces but found 6                                                                                                                           indent
  171:16  error    Must use destructuring props assignment                                                                                                                                react/destructuring-assignment
  171:22  error    'isLoading' is missing in props validation                                                                                                                             react/prop-types
  179:34  error    Prop spreading is forbidden                                                                                                                                            react/jsx-props-no-spreading
  194:34  error    Prop spreading is forbidden                                                                                                                                            react/jsx-props-no-spreading
  203:16  error    Must use destructuring props assignment                                                                                                                                react/destructuring-assignment
  203:22  error    'isLoading' is missing in props validation                                                                                                                             react/prop-types
  235:22  error    Identifier 'search_into' is not in camel case                                                                                                                          camelcase
  235:39  error    Identifier 'filter_to_choose' is not in camel case                                                                                                                     camelcase
  236:38  error    Identifier 'filter_to_choose' is not in camel case                                                                                                                     camelcase
  236:63  error    Identifier 'filter_to_choose' is not in camel case                                                                                                                     camelcase
  237:26  error    Identifier 'filter_to_choose' is not in camel case                                                                                                                     camelcase
  243:16  error    Must use destructuring props assignment                                                                                                                                react/destructuring-assignment
  243:22  error    'isLoading' is missing in props validation                                                                                                                             react/prop-types
  276:22  error    Identifier 'array_types' is not in camel case                                                                                                                          camelcase
  276:34  error    'trans_types.map' is missing in props validation                                                                                                                       react/prop-types
  287:1   error    Expected indentation of 8 spaces but found 6                                                                                                                           indent

/Users/maria/git/ORIGYN/dapps-monorepo-lerna/packages/features/components/src/TransactionModal/TransactionTypes/AuctionBid.tsx
   4:1   error  Expected exception block, space or tab after '//' in comment      spaced-comment
   7:20  error  Function component is not a function declaration                  react/function-component-definition
   8:3   error  Unexpected var, use let or const instead                          no-var
   8:7   error  Identifier 'singleT_type' is not in camel case                    camelcase
   8:22  error  Must use destructuring props assignment                           react/destructuring-assignment
   8:28  error  'data' is missing in props validation                             react/prop-types
   8:33  error  'data.type_txn' is missing in props validation                    react/prop-types
   9:3   error  Unexpected var, use let or const instead                          no-var
   9:7   error  Identifier 'bid_buyer' is not in camel case                       camelcase
   9:19  error  Must use destructuring props assignment                           react/destructuring-assignment
   9:25  error  'data' is missing in props validation                             react/prop-types
   9:30  error  'data.buyer' is missing in props validation                       react/prop-types
  10:3   error  Expected exception block, space or tab after '//' in comment      spaced-comment
  11:3   error  Unexpected var, use let or const instead                          no-var
  11:15  error  Identifier 'bid_buyer' is not in camel case                       camelcase
  11:25  error  'data.buyer.acc_principal_string' is missing in props validation  react/prop-types
  12:3   error  Expected exception block, space or tab after '//' in comment      spaced-comment
  13:3   error  Unexpected var, use let or const instead                          no-var
  13:7   error  Identifier 'bid_amount' is not in camel case                      camelcase
  13:20  error  Must use destructuring props assignment                           react/destructuring-assignment
  13:26  error  'data' is missing in props validation                             react/prop-types
  13:31  error  'data.amount' is missing in props validation                      react/prop-types
  14:3   error  Unexpected var, use let or const instead                          no-var
  14:7   error  Identifier 'bid_token' is not in camel case                       camelcase
  14:19  error  Must use destructuring props assignment                           react/destructuring-assignment
  14:25  error  'data' is missing in props validation                             react/prop-types
  14:30  error  'data.token' is missing in props validation                       react/prop-types
  15:3   error  Expected exception block, space or tab after '//' in comment      spaced-comment
  16:3   error  Unexpected var, use let or const instead                          no-var
  16:18  error  Identifier 'bid_token' is not in camel case                       camelcase
  16:28  error  'data.token.canister_string' is missing in props validation       react/prop-types
  17:3   error  Unexpected var, use let or const instead                          no-var
  17:7   error  Use object destructuring                                          prefer-destructuring
  17:13  error  Identifier 'bid_token' is not in camel case                       camelcase
  17:23  error  'data.token.fee' is missing in props validation                   react/prop-types
  18:3   error  Unexpected var, use let or const instead                          no-var
  18:13  error  Identifier 'bid_token' is not in camel case                       camelcase
  18:23  error  'data.token.symbol' is missing in props validation                react/prop-types
  19:3   error  Unexpected var, use let or const instead                          no-var
  19:18  error  Identifier 'bid_token' is not in camel case                       camelcase
  19:28  error  'data.token.decimal' is missing in props validation               react/prop-types
  20:3   error  Unexpected var, use let or const instead                          no-var
  20:7   error  Use object destructuring                                          prefer-destructuring
  20:18  error  Identifier 'bid_token' is not in camel case                       camelcase
  20:28  error  'data.token.standard' is missing in props validation              react/prop-types
  21:3   error  Unexpected var, use let or const instead                          no-var
  21:7   error  Identifier 'bid_saleId' is not in camel case                      camelcase
  21:20  error  Must use destructuring props assignment                           react/destructuring-assignment
  21:26  error  'data' is missing in props validation                             react/prop-types
  21:31  error  'data.sale_id' is missing in props validation                     react/prop-types
  24:5   error  JSX not allowed in files with extension '.tsx'                    react/jsx-filename-extension
  35:12  error  Identifier 'singleT_type' is not in camel case                    camelcase
  41:12  error  Identifier 'bid_saleId' is not in camel case                      camelcase
  62:39  error  Identifier 'bid_amount' is not in camel case                      camelcase

/Users/maria/git/ORIGYN/dapps-monorepo-lerna/packages/features/components/src/TransactionModal/TransactionTypes/EscrowDeposit.tsx
    1:19  error  Strings must use singlequote                                       quotes
    2:33  error  Strings must use singlequote                                       quotes
    3:18  error  Strings must use singlequote                                       quotes
    4:31  error  Multiple spaces found before '"@dapp/common-assets"'               no-multi-spaces
    4:33  error  Strings must use singlequote                                       quotes
    6:23  error  Function component is not a function declaration                   react/function-component-definition
    7:3   error  Expected exception block, space or tab after '//' in comment       spaced-comment
    8:3   error  Unexpected var, use let or const instead                           no-var
    8:7   error  Identifier 'singleT_type' is not in camel case                     camelcase
    8:22  error  Must use destructuring props assignment                            react/destructuring-assignment
    8:28  error  'data' is missing in props validation                              react/prop-types
    8:33  error  'data.type_txn' is missing in props validation                     react/prop-types
    9:3   error  Expected exception block, space or tab after '//' in comment       spaced-comment
   10:3   error  Unexpected var, use let or const instead                           no-var
   10:7   error  Identifier 'account_buyer' is not in camel case                    camelcase
   10:23  error  Must use destructuring props assignment                            react/destructuring-assignment
   10:29  error  'data' is missing in props validation                              react/prop-types
   10:34  error  'data.buyer' is missing in props validation                        react/prop-types
   11:3   error  Unexpected var, use let or const instead                           no-var
   11:7   error  Identifier 'buyer_principal' is not in camel case                  camelcase
   11:25  error  Identifier 'account_buyer' is not in camel case                    camelcase
   11:39  error  'data.buyer.acc_principal_string' is missing in props validation   react/prop-types
   12:3   error  Expected exception block, space or tab after '//' in comment       spaced-comment
   13:3   error  Unexpected var, use let or const instead                           no-var
   13:7   error  Identifier 'account_seller' is not in camel case                   camelcase
   13:24  error  Must use destructuring props assignment                            react/destructuring-assignment
   13:30  error  'data' is missing in props validation                              react/prop-types
   13:35  error  'data.seller' is missing in props validation                       react/prop-types
   14:3   error  Unexpected var, use let or const instead                           no-var
   14:7   error  Identifier 'seller_principal' is not in camel case                 camelcase
   14:26  error  Identifier 'account_seller' is not in camel case                   camelcase
   14:41  error  'data.seller.acc_principal_string' is missing in props validation  react/prop-types
   15:3   error  Expected exception block, space or tab after '//' in comment       spaced-comment
   16:3   error  Unexpected var, use let or const instead                           no-var
   16:7   error  Identifier 'dep_token' is not in camel case                        camelcase
   16:19  error  Must use destructuring props assignment                            react/destructuring-assignment
   16:25  error  'data' is missing in props validation                              react/prop-types
   16:30  error  'data.token' is missing in props validation                        react/prop-types
   17:3   error  Expected exception block, space or tab after '//' in comment       spaced-comment
   18:3   error  Unexpected var, use let or const instead                           no-var
   18:18  error  Identifier 'dep_token' is not in camel case                        camelcase
   18:28  error  'data.token.canister_string' is missing in props validation        react/prop-types
   19:3   error  Unexpected var, use let or const instead                           no-var
   19:7   error  Use object destructuring                                           prefer-destructuring
   19:13  error  Identifier 'dep_token' is not in camel case                        camelcase
   19:23  error  'data.token.fee' is missing in props validation                    react/prop-types
   20:3   error  Unexpected var, use let or const instead                           no-var
   20:13  error  Identifier 'dep_token' is not in camel case                        camelcase
   20:23  error  'data.token.symbol' is missing in props validation                 react/prop-types
   21:3   error  Unexpected var, use let or const instead                           no-var
   21:18  error  Identifier 'dep_token' is not in camel case                        camelcase
   21:28  error  'data.token.decimal' is missing in props validation                react/prop-types
   22:3   error  Unexpected var, use let or const instead                           no-var
   22:7   error  Use object destructuring                                           prefer-destructuring
   22:18  error  Identifier 'dep_token' is not in camel case                        camelcase
   22:28  error  'data.token.standard' is missing in props validation               react/prop-types
   23:3   error  Expected exception block, space or tab after '//' in comment       spaced-comment
   24:3   error  Unexpected var, use let or const instead                           no-var
   24:7   error  Identifier 'token_id' is not in camel case                         camelcase
   24:7   error  Use object destructuring                                           prefer-destructuring
   24:18  error  Must use destructuring props assignment                            react/destructuring-assignment
   24:24  error  'data' is missing in props validation                              react/prop-types
   24:29  error  'data.token_id' is missing in props validation                     react/prop-types
   25:3   error  Unexpected var, use let or const instead                           no-var
   25:7   error  Use object destructuring                                           prefer-destructuring
   25:16  error  Must use destructuring props assignment                            react/destructuring-assignment
   25:22  error  'data' is missing in props validation                              react/prop-types
   25:27  error  'data.amount' is missing in props validation                       react/prop-types
   26:3   error  Unexpected var, use let or const instead                           no-var
   26:7   error  Identifier 'token_fee' is not in camel case                        camelcase
   26:19  error  Must use destructuring props assignment                            react/destructuring-assignment
   26:25  error  'data' is missing in props validation                              react/prop-types
   26:30  error  'data.fee' is missing in props validation                          react/prop-types
   27:8   error  Identifier 'token_fee' is not in camel case                        camelcase
   28:5   error  Identifier 'token_fee' is not in camel case                        camelcase
   28:17  error  Strings must use singlequote                                       quotes
   30:3   error  Expected exception block, space or tab after '//' in comment       spaced-comment
   31:3   error  All 'var' declarations must be at the top of the function scope    vars-on-top
   31:3   error  Unexpected var, use let or const instead                           no-var
   31:15  error  Must use destructuring props assignment                            react/destructuring-assignment
   31:21  error  'data' is missing in props validation                              react/prop-types
   31:26  error  'data.trx_id' is missing in props validation                       react/prop-types
   32:3   error  All 'var' declarations must be at the top of the function scope    vars-on-top
   32:3   error  Unexpected var, use let or const instead                           no-var
   32:7   error  Unexpected dangling '_' in '_nat'                                  no-underscore-dangle
   32:7   error  Use object destructuring                                           prefer-destructuring
   32:14  error  Unexpected dangling '_' in '_nat'                                  no-underscore-dangle
   32:20  error  'data.trx_id._nat' is missing in props validation                  react/prop-types
   33:3   error  All 'var' declarations must be at the top of the function scope    vars-on-top
   33:3   error  Unexpected var, use let or const instead                           no-var
   33:7   error  Unexpected dangling '_' in '_text'                                 no-underscore-dangle
   33:7   error  Use object destructuring                                           prefer-destructuring
   33:15  error  Unexpected dangling '_' in '_text'                                 no-underscore-dangle
   33:21  error  'data.trx_id._text' is missing in props validation                 react/prop-types
   34:3   error  All 'var' declarations must be at the top of the function scope    vars-on-top
   34:3   error  Unexpected var, use let or const instead                           no-var
   34:7   error  Identifier 'id_trans' is not in camel case                         camelcase
   36:5   error  Identifier 'id_trans' is not in camel case                         camelcase
   38:5   error  Identifier 'id_trans' is not in camel case                         camelcase
   41:5   error  JSX not allowed in files with extension '.tsx'                     react/jsx-filename-extension
   45:25  error  Strings must use singlequote                                       quotes
   56:12  error  Identifier 'singleT_type' is not in camel case                     camelcase
   66:12  error  Identifier 'id_trans' is not in camel case                         camelcase
   72:25  error  Strings must use singlequote                                       quotes
   84:39  error  Identifier 'buyer_principal' is not in camel case                  camelcase
   92:39  error  Identifier 'seller_principal' is not in camel case                 camelcase
  100:39  error  Identifier 'token_id' is not in camel case                         camelcase
  118:39  error  Identifier 'token_fee' is not in camel case                        camelcase
  159:24  error  Strings must use singlequote                                       quotes
  177:4   error  Missing semicolon                                                  semi

/Users/maria/git/ORIGYN/dapps-monorepo-lerna/packages/features/components/src/TransactionModal/TransactionTypes/EscrowWithdraw.tsx
    1:19  error  Strings must use singlequote                                       quotes
    2:33  error  Strings must use singlequote                                       quotes
    3:18  error  Strings must use singlequote                                       quotes
    4:1   error  Expected exception block, space or tab after '//' in comment       spaced-comment
    5:31  error  Multiple spaces found before '"@dapp/common-assets"'               no-multi-spaces
    5:33  error  Strings must use singlequote                                       quotes
    7:24  error  Function component is not a function declaration                   react/function-component-definition
    8:3   error  Expected exception block, space or tab after '//' in comment       spaced-comment
    9:3   error  Unexpected var, use let or const instead                           no-var
    9:7   error  Identifier 'singleT_type' is not in camel case                     camelcase
    9:22  error  Must use destructuring props assignment                            react/destructuring-assignment
    9:28  error  'data' is missing in props validation                              react/prop-types
    9:33  error  'data.type_txn' is missing in props validation                     react/prop-types
   10:3   error  Expected exception block, space or tab after '//' in comment       spaced-comment
   11:3   error  Unexpected var, use let or const instead                           no-var
   11:7   error  Identifier 'account_buyer' is not in camel case                    camelcase
   11:23  error  Must use destructuring props assignment                            react/destructuring-assignment
   11:29  error  'data' is missing in props validation                              react/prop-types
   11:34  error  'data.buyer' is missing in props validation                        react/prop-types
   12:3   error  Unexpected var, use let or const instead                           no-var
   12:7   error  Identifier 'buyer_principal' is not in camel case                  camelcase
   12:25  error  Identifier 'account_buyer' is not in camel case                    camelcase
   12:39  error  'data.buyer.acc_principal_string' is missing in props validation   react/prop-types
   13:3   error  Expected exception block, space or tab after '//' in comment       spaced-comment
   14:3   error  Unexpected var, use let or const instead                           no-var
   14:7   error  Identifier 'account_seller' is not in camel case                   camelcase
   14:24  error  Must use destructuring props assignment                            react/destructuring-assignment
   14:30  error  'data' is missing in props validation                              react/prop-types
   14:35  error  'data.seller' is missing in props validation                       react/prop-types
   15:3   error  Unexpected var, use let or const instead                           no-var
   15:7   error  Identifier 'seller_principal' is not in camel case                 camelcase
   15:26  error  Identifier 'account_seller' is not in camel case                   camelcase
   15:41  error  'data.seller.acc_principal_string' is missing in props validation  react/prop-types
   16:3   error  Expected exception block, space or tab after '//' in comment       spaced-comment
   17:3   error  Unexpected var, use let or const instead                           no-var
   17:7   error  Identifier 'wit_token' is not in camel case                        camelcase
   17:19  error  Must use destructuring props assignment                            react/destructuring-assignment
   17:25  error  'data' is missing in props validation                              react/prop-types
   17:30  error  'data.token' is missing in props validation                        react/prop-types
   18:3   error  Expected exception block, space or tab after '//' in comment       spaced-comment
   19:3   error  Unexpected var, use let or const instead                           no-var
   19:18  error  Identifier 'wit_token' is not in camel case                        camelcase
   19:28  error  'data.token.canister_string' is missing in props validation        react/prop-types
   20:3   error  Unexpected var, use let or const instead                           no-var
   20:7   error  Use object destructuring                                           prefer-destructuring
   20:13  error  Identifier 'wit_token' is not in camel case                        camelcase
   20:23  error  'data.token.fee' is missing in props validation                    react/prop-types
   21:3   error  Unexpected var, use let or const instead                           no-var
   21:13  error  Identifier 'wit_token' is not in camel case                        camelcase
   21:23  error  'data.token.symbol' is missing in props validation                 react/prop-types
   22:3   error  Unexpected var, use let or const instead                           no-var
   22:18  error  Identifier 'wit_token' is not in camel case                        camelcase
   22:28  error  'data.token.decimal' is missing in props validation                react/prop-types
   23:3   error  Unexpected var, use let or const instead                           no-var
   23:7   error  Use object destructuring                                           prefer-destructuring
   23:18  error  Identifier 'wit_token' is not in camel case                        camelcase
   23:28  error  'data.token.standard' is missing in props validation               react/prop-types
   24:3   error  Expected exception block, space or tab after '//' in comment       spaced-comment
   25:3   error  Unexpected var, use let or const instead                           no-var
   25:7   error  Identifier 'token_id' is not in camel case                         camelcase
   25:7   error  Use object destructuring                                           prefer-destructuring
   25:18  error  Must use destructuring props assignment                            react/destructuring-assignment
   25:24  error  'data' is missing in props validation                              react/prop-types
   25:29  error  'data.token_id' is missing in props validation                     react/prop-types
   26:3   error  Unexpected var, use let or const instead                           no-var
   26:7   error  Use object destructuring                                           prefer-destructuring
   26:16  error  Must use destructuring props assignment                            react/destructuring-assignment
   26:22  error  'data' is missing in props validation                              react/prop-types
   26:27  error  'data.amount' is missing in props validation                       react/prop-types
   27:3   error  Unexpected var, use let or const instead                           no-var
   27:7   error  Identifier 'token_fee' is not in camel case                        camelcase
   27:19  error  Must use destructuring props assignment                            react/destructuring-assignment
   27:25  error  'data' is missing in props validation                              react/prop-types
   27:30  error  'data.fee' is missing in props validation                          react/prop-types
   28:8   error  Identifier 'token_fee' is not in camel case                        camelcase
   29:5   error  Identifier 'token_fee' is not in camel case                        camelcase
   29:17  error  Strings must use singlequote                                       quotes
   31:3   error  Expected exception block, space or tab after '//' in comment       spaced-comment
   32:3   error  All 'var' declarations must be at the top of the function scope    vars-on-top
   32:3   error  Unexpected var, use let or const instead                           no-var
   32:15  error  Must use destructuring props assignment                            react/destructuring-assignment
   32:21  error  'data' is missing in props validation                              react/prop-types
   32:26  error  'data.trx_id' is missing in props validation                       react/prop-types
   33:3   error  All 'var' declarations must be at the top of the function scope    vars-on-top
   33:3   error  Unexpected var, use let or const instead                           no-var
   33:7   error  Unexpected dangling '_' in '_nat'                                  no-underscore-dangle
   33:7   error  Use object destructuring                                           prefer-destructuring
   33:14  error  Unexpected dangling '_' in '_nat'                                  no-underscore-dangle
   33:20  error  'data.trx_id._nat' is missing in props validation                  react/prop-types
   34:3   error  All 'var' declarations must be at the top of the function scope    vars-on-top
   34:3   error  Unexpected var, use let or const instead                           no-var
   34:7   error  Unexpected dangling '_' in '_text'                                 no-underscore-dangle
   34:7   error  Use object destructuring                                           prefer-destructuring
   34:15  error  Unexpected dangling '_' in '_text'                                 no-underscore-dangle
   34:21  error  'data.trx_id._text' is missing in props validation                 react/prop-types
   35:3   error  All 'var' declarations must be at the top of the function scope    vars-on-top
   35:3   error  Unexpected var, use let or const instead                           no-var
   35:7   error  Identifier 'id_trans' is not in camel case                         camelcase
   37:5   error  Identifier 'id_trans' is not in camel case                         camelcase
   39:5   error  Identifier 'id_trans' is not in camel case                         camelcase
   42:5   error  JSX not allowed in files with extension '.tsx'                     react/jsx-filename-extension
   46:25  error  Strings must use singlequote                                       quotes
   57:12  error  Identifier 'singleT_type' is not in camel case                     camelcase
   67:12  error  Identifier 'id_trans' is not in camel case                         camelcase
   73:25  error  Strings must use singlequote                                       quotes
   85:39  error  Identifier 'buyer_principal' is not in camel case                  camelcase
   93:39  error  Identifier 'seller_principal' is not in camel case                 camelcase
  101:39  error  Identifier 'token_id' is not in camel case                         camelcase
  119:39  error  Identifier 'token_fee' is not in camel case                        camelcase
  160:24  error  Strings must use singlequote                                       quotes
  178:4   error  Missing semicolon                                                  semi

/Users/maria/git/ORIGYN/dapps-monorepo-lerna/packages/features/components/src/TransactionModal/TransactionTypes/Mint.tsx
    1:19  error  Strings must use singlequote                                                                quotes
    2:33  error  Strings must use singlequote                                                                quotes
    3:18  error  Strings must use singlequote                                                                quotes
    4:1   error  Expected exception block, space or tab after '//' in comment                                spaced-comment
    5:31  error  Multiple spaces found before '"@dapp/common-assets"'                                        no-multi-spaces
    5:33  error  Strings must use singlequote                                                                quotes
    7:14  error  Function component is not a function declaration                                            react/function-component-definition
    8:1   error  Expected indentation of 2 spaces but found 4                                                indent
    8:5   error  Unexpected var, use let or const instead                                                    no-var
    8:9   error  Identifier 'singleT_type' is not in camel case                                              camelcase
    8:24  error  Must use destructuring props assignment                                                     react/destructuring-assignment
    8:30  error  'data' is missing in props validation                                                       react/prop-types
    8:35  error  'data.type_txn' is missing in props validation                                              react/prop-types
    9:1   error  Expected indentation of 2 spaces but found 4                                                indent
    9:5   error  Unexpected var, use let or const instead                                                    no-var
    9:9   error  Identifier 'singleT_mint_from' is not in camel case                                         camelcase
    9:29  error  Must use destructuring props assignment                                                     react/destructuring-assignment
    9:35  error  'data' is missing in props validation                                                       react/prop-types
    9:40  error  'data.mint_from' is missing in props validation                                             react/prop-types
   10:1   error  Expected indentation of 2 spaces but found 4                                                indent
   10:5   error  Unexpected var, use let or const instead                                                    no-var
   10:9   error  Identifier 'singleT_mint_to' is not in camel case                                           camelcase
   10:27  error  Must use destructuring props assignment                                                     react/destructuring-assignment
   10:33  error  'data' is missing in props validation                                                       react/prop-types
   10:38  error  'data.mint_to' is missing in props validation                                               react/prop-types
   11:1   error  Expected indentation of 2 spaces but found 4                                                indent
   11:5   error  Expected exception block, space or tab after '//' in comment                                spaced-comment
   12:1   error  Expected indentation of 2 spaces but found 4                                                indent
   12:5   error  Unexpected var, use let or const instead                                                    no-var
   12:9   error  Identifier 'singleT_sale' is not in camel case                                              camelcase
   12:24  error  Must use destructuring props assignment                                                     react/destructuring-assignment
   12:30  error  'data' is missing in props validation                                                       react/prop-types
   12:35  error  'data.sale' is missing in props validation                                                  react/prop-types
   13:1   error  Expected indentation of 2 spaces but found 4                                                indent
   13:5   error  Expected exception block, space or tab after '//' in comment                                spaced-comment
   14:1   error  Expected indentation of 2 spaces but found 4                                                indent
   14:5   error  Unexpected var, use let or const instead                                                    no-var
   14:9   error  Identifier 'amount_mint' is not in camel case                                               camelcase
   14:23  error  Identifier 'singleT_sale' is not in camel case                                              camelcase
   14:36  error  'data.sale.amount' is missing in props validation                                           react/prop-types
   15:1   error  Expected indentation of 2 spaces but found 4                                                indent
   15:5   error  Expected exception block, space or tab after '//' in comment                                spaced-comment
   16:1   error  Expected indentation of 2 spaces but found 4                                                indent
   16:5   error  Unexpected var, use let or const instead                                                    no-var
   16:9   error  Identifier 'token_mint' is not in camel case                                                camelcase
   16:22  error  Identifier 'singleT_sale' is not in camel case                                              camelcase
   16:35  error  'data.sale.token' is missing in props validation                                            react/prop-types
   18:1   error  Expected indentation of 2 spaces but found 4                                                indent
   18:5   error  Unexpected var, use let or const instead                                                    no-var
   18:9   error  Identifier 'display_token_config' is not in camel case                                      camelcase
   18:31  error  'JSX' is not defined                                                                        no-undef
   20:1   error  Expected indentation of 2 spaces but found 4                                                indent
   20:9   error  Identifier 'token_mint' is not in camel case                                                camelcase
   20:20  error  Expected '===' and instead saw '=='                                                         eqeqeq
   20:23  error  Strings must use singlequote                                                                quotes
   21:1   error  Expected indentation of 4 spaces but found 8                                                indent
   21:9   error  Identifier 'display_token_config' is not in camel case                                      camelcase
   22:13  error  Expected indentation of 10 space characters but found 12                                    react/jsx-indent
   22:13  error  JSX not allowed in files with extension '.tsx'                                              react/jsx-filename-extension
   23:17  error  Expected indentation of 14 space characters but found 16                                    react/jsx-indent-props
   24:1   error  Expected indentation of 18 spaces but found 20                                              indent
   27:17  error  Expected indentation of 14 space characters but found 16                                    react/jsx-indent
   28:21  error  Expected indentation of 18 space characters but found 20                                    react/jsx-indent
   29:25  error  Expected indentation of 22 space characters but found 24                                    react/jsx-indent
   30:29  error  Expected indentation of 26 space characters but found 28                                    react/jsx-indent-props
   31:29  error  Expected indentation of 26 space characters but found 28                                    react/jsx-indent-props
   32:29  error  Expected indentation of 26 space characters but found 28                                    react/jsx-indent-props
   33:26  error  Expected indentation of 26 space characters but found 28                                    react/jsx-indent
   36:25  error  Expected indentation of 22 space characters but found 24                                    react/jsx-indent
   37:29  error  Expected indentation of 26 space characters but found 28                                    react/jsx-indent
   37:30  error  Identifier 'token_mint' is not in camel case                                                camelcase
   40:21  error  Expected indentation of 18 space characters but found 20                                    react/jsx-indent
   41:25  error  Expected indentation of 22 space characters but found 24                                    react/jsx-indent
   42:29  error  Expected indentation of 26 space characters but found 28                                    react/jsx-indent-props
   43:29  error  Expected indentation of 26 space characters but found 28                                    react/jsx-indent-props
   44:29  error  Expected indentation of 26 space characters but found 28                                    react/jsx-indent-props
   45:26  error  Expected indentation of 26 space characters but found 28                                    react/jsx-indent
   48:25  error  Expected indentation of 22 space characters but found 24                                    react/jsx-indent
   49:29  error  Expected indentation of 26 space characters but found 28                                    react/jsx-indent
   49:30  error  Identifier 'amount_mint' is not in camel case                                               camelcase
   54:1   error  Expected indentation of 4 spaces but found 8                                                indent
   55:1   error  Expected indentation of 2 spaces but found 4                                                indent
   56:1   error  Expected indentation of 4 spaces but found 8                                                indent
   56:9   error  All 'var' declarations must be at the top of the function scope                             vars-on-top
   56:9   error  Unexpected var, use let or const instead                                                    no-var
   56:24  error  Identifier 'token_mint' is not in camel case                                                camelcase
   56:35  error  'data.sale.token.canister_string' is missing in props validation                            react/prop-types
   57:1   error  Expected indentation of 4 spaces but found 8                                                indent
   57:9   error  All 'var' declarations must be at the top of the function scope                             vars-on-top
   57:9   error  Unexpected var, use let or const instead                                                    no-var
   57:13  error  Use object destructuring                                                                    prefer-destructuring
   57:19  error  Identifier 'token_mint' is not in camel case                                                camelcase
   57:30  error  'data.sale.token.fee' is missing in props validation                                        react/prop-types
   58:1   error  Expected indentation of 4 spaces but found 8                                                indent
   58:9   error  All 'var' declarations must be at the top of the function scope                             vars-on-top
   58:9   error  Unexpected var, use let or const instead                                                    no-var
   58:19  error  Identifier 'token_mint' is not in camel case                                                camelcase
   58:30  error  'data.sale.token.symbol' is missing in props validation                                     react/prop-types
   59:1   error  Expected indentation of 4 spaces but found 8                                                indent
   59:9   error  All 'var' declarations must be at the top of the function scope                             vars-on-top
   59:9   error  Unexpected var, use let or const instead                                                    no-var
   59:24  error  Identifier 'token_mint' is not in camel case                                                camelcase
   59:35  error  'data.sale.token.decimal' is missing in props validation                                    react/prop-types
   60:1   error  Expected indentation of 4 spaces but found 8                                                indent
   60:9   error  All 'var' declarations must be at the top of the function scope                             vars-on-top
   60:9   error  Unexpected var, use let or const instead                                                    no-var
   60:13  error  Use object destructuring                                                                    prefer-destructuring
   60:24  error  Identifier 'token_mint' is not in camel case                                                camelcase
   60:35  error  'data.sale.token.standard' is missing in props validation                                   react/prop-types
   61:1   error  Expected indentation of 4 spaces but found 8                                                indent
   61:9   error  Identifier 'display_token_config' is not in camel case                                      camelcase
   62:13  error  Expected indentation of 10 space characters but found 12                                    react/jsx-indent
   63:17  error  Expected indentation of 14 space characters but found 16                                    react/jsx-indent-props
   64:1   error  Expected indentation of 18 spaces but found 20                                              indent
   67:17  error  Expected indentation of 14 space characters but found 16                                    react/jsx-indent
   68:21  error  Expected indentation of 18 space characters but found 20                                    react/jsx-indent
   69:25  error  Expected indentation of 22 space characters but found 24                                    react/jsx-indent
   70:29  error  Expected indentation of 26 space characters but found 28                                    react/jsx-indent-props
   71:29  error  Expected indentation of 26 space characters but found 28                                    react/jsx-indent-props
   72:29  error  Expected indentation of 26 space characters but found 28                                    react/jsx-indent-props
   73:26  error  Expected indentation of 26 space characters but found 28                                    react/jsx-indent
   76:25  error  Expected indentation of 22 space characters but found 24                                    react/jsx-indent
   77:29  error  Expected indentation of 26 space characters but found 28                                    react/jsx-indent
   79:25  error  Expected indentation of 22 space characters but found 24                                    react/jsx-indent
   80:29  error  Expected indentation of 26 space characters but found 28                                    react/jsx-indent-props
   81:29  error  Expected indentation of 26 space characters but found 28                                    react/jsx-indent-props
   82:29  error  Expected indentation of 26 space characters but found 28                                    react/jsx-indent-props
   83:26  error  Expected indentation of 26 space characters but found 28                                    react/jsx-indent
   86:25  error  Expected indentation of 22 space characters but found 24                                    react/jsx-indent
   87:29  error  Expected indentation of 26 space characters but found 28                                    react/jsx-indent
   89:25  error  Expected indentation of 22 space characters but found 24                                    react/jsx-indent
   90:29  error  Expected indentation of 26 space characters but found 28                                    react/jsx-indent-props
   91:29  error  Expected indentation of 26 space characters but found 28                                    react/jsx-indent-props
   92:29  error  Expected indentation of 26 space characters but found 28                                    react/jsx-indent-props
   93:26  error  Expected indentation of 26 space characters but found 28                                    react/jsx-indent
   96:25  error  Expected indentation of 22 space characters but found 24                                    react/jsx-indent
   97:29  error  Expected indentation of 26 space characters but found 28                                    react/jsx-indent
  100:21  error  Expected indentation of 18 space characters but found 20                                    react/jsx-indent
  101:25  error  Expected indentation of 22 space characters but found 24                                    react/jsx-indent
  102:29  error  Expected indentation of 26 space characters but found 28                                    react/jsx-indent-props
  103:29  error  Expected indentation of 26 space characters but found 28                                    react/jsx-indent-props
  104:29  error  Expected indentation of 26 space characters but found 28                                    react/jsx-indent-props
  105:26  error  Expected indentation of 26 space characters but found 28                                    react/jsx-indent
  108:25  error  Expected indentation of 22 space characters but found 24                                    react/jsx-indent
  109:29  error  Expected indentation of 26 space characters but found 28                                    react/jsx-indent
  109:38  error  Strings must use singlequote                                                                quotes
  110:33  error  Expected indentation of 30 space characters but found 32                                    react/jsx-indent
  112:33  error  Expected indentation of 30 space characters but found 32                                    react/jsx-indent
  115:25  error  Expected indentation of 22 space characters but found 24                                    react/jsx-indent
  116:29  error  Expected indentation of 26 space characters but found 28                                    react/jsx-indent-props
  117:29  error  Expected indentation of 26 space characters but found 28                                    react/jsx-indent-props
  118:29  error  Expected indentation of 26 space characters but found 28                                    react/jsx-indent-props
  119:26  error  Expected indentation of 26 space characters but found 28                                    react/jsx-indent
  122:25  error  Expected indentation of 22 space characters but found 24                                    react/jsx-indent
  123:29  error  Expected indentation of 26 space characters but found 28                                    react/jsx-indent
  128:1   error  Expected indentation of 4 spaces but found 8                                                indent
  129:1   error  Expected indentation of 2 spaces but found 4                                                indent
  131:1   error  Expected indentation of 2 spaces but found 4                                                indent
  133:9   error  Expected indentation of 6 space characters but found 8                                      react/jsx-indent
  134:13  error  Expected indentation of 10 space characters but found 12                                    react/jsx-indent
  135:17  error  Expected indentation of 14 space characters but found 16                                    react/jsx-indent-props
  136:1   error  Expected indentation of 18 spaces but found 20                                              indent
  137:1   error  Expected indentation of 18 spaces but found 20                                              indent
  137:35  error  Strings must use singlequote                                                                quotes
  140:17  error  Expected indentation of 14 space characters but found 16                                    react/jsx-indent
  141:21  error  Expected indentation of 18 space characters but found 20                                    react/jsx-indent-props
  142:21  error  Expected indentation of 18 space characters but found 20                                    react/jsx-indent-props
  143:21  error  Expected indentation of 18 space characters but found 20                                    react/jsx-indent-props
  144:18  error  Expected indentation of 18 space characters but found 20                                    react/jsx-indent
  147:17  error  Expected indentation of 14 space characters but found 16                                    react/jsx-indent
  148:21  error  Expected indentation of 18 space characters but found 20                                    react/jsx-indent
  148:22  error  Identifier 'singleT_type' is not in camel case                                              camelcase
  150:17  error  Expected indentation of 14 space characters but found 16                                    react/jsx-indent
  151:21  error  Expected indentation of 18 space characters but found 20                                    react/jsx-indent
  152:25  error  Expected indentation of 22 space characters but found 24                                    react/jsx-indent
  153:29  error  Expected indentation of 26 space characters but found 28                                    react/jsx-indent-props
  154:29  error  Expected indentation of 26 space characters but found 28                                    react/jsx-indent-props
  155:29  error  Expected indentation of 26 space characters but found 28                                    react/jsx-indent-props
  156:26  error  Expected indentation of 26 space characters but found 28                                    react/jsx-indent
  159:25  error  Expected indentation of 22 space characters but found 24                                    react/jsx-indent
  159:51  error  Identifier 'singleT_mint_from' is not in camel case                                         camelcase
  161:21  error  Expected indentation of 18 space characters but found 20                                    react/jsx-indent
  162:25  error  Expected indentation of 22 space characters but found 24                                    react/jsx-indent
  163:29  error  Expected indentation of 26 space characters but found 28                                    react/jsx-indent-props
  164:29  error  Expected indentation of 26 space characters but found 28                                    react/jsx-indent-props
  165:29  error  Expected indentation of 26 space characters but found 28                                    react/jsx-indent-props
  166:26  error  Expected indentation of 26 space characters but found 28                                    react/jsx-indent
  169:25  error  Expected indentation of 22 space characters but found 24                                    react/jsx-indent
  169:51  error  Identifier 'singleT_mint_to' is not in camel case                                           camelcase
  173:13  error  Empty components are self-closing                                                           react/self-closing-comp
  173:13  error  Expected indentation of 10 space characters but found 12                                    react/jsx-indent
  173:18  error  Do not pass children as props. Instead, nest children between the opening and closing tags  react/no-children-prop
  173:28  error  Identifier 'display_token_config' is not in camel case                                      camelcase
  175:1   error  Expected indentation of 2 spaces but found 4                                                indent
  175:6   error  Missing semicolon                                                                           semi

/Users/maria/git/ORIGYN/dapps-monorepo-lerna/packages/features/components/src/TransactionModal/TransactionTypes/OwnerTransfer.tsx
   1:19  error  Strings must use singlequote                          quotes
   2:33  error  Strings must use singlequote                          quotes
   3:18  error  Strings must use singlequote                          quotes
   5:23  error  Function component is not a function declaration      react/function-component-definition
   5:34  error  Block must not be padded by blank lines               padded-blocks
   7:3   error  Unexpected var, use let or const instead              no-var
   7:7   error  Identifier 'singleT_type' is not in camel case        camelcase
   7:22  error  Must use destructuring props assignment               react/destructuring-assignment
   7:28  error  'data' is missing in props validation                 react/prop-types
   7:33  error  'data.type_txn' is missing in props validation        react/prop-types
   8:3   error  Unexpected var, use let or const instead              no-var
   8:7   error  Identifier 'account_from' is not in camel case        camelcase
   8:22  error  Must use destructuring props assignment               react/destructuring-assignment
   8:28  error  'data' is missing in props validation                 react/prop-types
   8:33  error  'data.from' is missing in props validation            react/prop-types
   9:3   error  Unexpected var, use let or const instead              no-var
   9:7   error  Identifier 'account_to' is not in camel case          camelcase
   9:20  error  Must use destructuring props assignment               react/destructuring-assignment
   9:26  error  'data' is missing in props validation                 react/prop-types
   9:31  error  'data.to' is missing in props validation              react/prop-types
  11:3   error  Unexpected var, use let or const instead              no-var
  11:7   error  Identifier 'from_principal' is not in camel case      camelcase
  11:24  error  Identifier 'account_from' is not in camel case        camelcase
  11:37  error  'data.from.principal' is missing in props validation  react/prop-types
  12:3   error  Unexpected var, use let or const instead              no-var
  12:7   error  Identifier 'to_principal' is not in camel case        camelcase
  12:22  error  Identifier 'account_to' is not in camel case          camelcase
  12:33  error  'data.to.principal' is missing in props validation    react/prop-types
  14:5   error  JSX not allowed in files with extension '.tsx'        react/jsx-filename-extension
  18:25  error  Strings must use singlequote                          quotes
  29:12  error  Identifier 'singleT_type' is not in camel case        camelcase
  40:39  error  Identifier 'from_principal' is not in camel case      camelcase
  50:39  error  Identifier 'to_principal' is not in camel case        camelcase
  55:4   error  Missing semicolon                                     semi

/Users/maria/git/ORIGYN/dapps-monorepo-lerna/packages/features/components/src/TransactionModal/TransactionTypes/SaleEnded.tsx
    1:19  error  Strings must use singlequote                                       quotes
    2:33  error  Strings must use singlequote                                       quotes
    3:18  error  Strings must use singlequote                                       quotes
    4:1   error  Expected exception block, space or tab after '//' in comment       spaced-comment
    5:31  error  Multiple spaces found before '"@dapp/common-assets"'               no-multi-spaces
    5:33  error  Strings must use singlequote                                       quotes
    7:19  error  Function component is not a function declaration                   react/function-component-definition
    8:3   error  Unexpected var, use let or const instead                           no-var
    8:7   error  Identifier 'end_seller' is not in camel case                       camelcase
    8:20  error  Must use destructuring props assignment                            react/destructuring-assignment
    8:26  error  'data' is missing in props validation                              react/prop-types
    8:31  error  'data.seller' is missing in props validation                       react/prop-types
    9:3   error  Unexpected var, use let or const instead                           no-var
    9:7   error  Identifier 'principal_seller' is not in camel case                 camelcase
    9:26  error  Identifier 'end_seller' is not in camel case                       camelcase
    9:37  error  'data.seller.acc_principal_string' is missing in props validation  react/prop-types
   11:3   error  Unexpected var, use let or const instead                           no-var
   11:7   error  Identifier 'end_buyer' is not in camel case                        camelcase
   11:19  error  Must use destructuring props assignment                            react/destructuring-assignment
   11:25  error  'data' is missing in props validation                              react/prop-types
   11:30  error  'data.buyer' is missing in props validation                        react/prop-types
   12:3   error  Unexpected var, use let or const instead                           no-var
   12:7   error  Identifier 'principal_buyer' is not in camel case                  camelcase
   12:25  error  Identifier 'end_buyer' is not in camel case                        camelcase
   12:35  error  'data.buyer.acc_principal_string' is missing in props validation   react/prop-types
   14:3   error  Unexpected var, use let or const instead                           no-var
   14:7   error  Identifier 'end_amount' is not in camel case                       camelcase
   14:20  error  Must use destructuring props assignment                            react/destructuring-assignment
   14:26  error  'data' is missing in props validation                              react/prop-types
   14:31  error  'data.amount' is missing in props validation                       react/prop-types
   16:3   error  Unexpected var, use let or const instead                           no-var
   16:7   error  Identifier 'token_end' is not in camel case                        camelcase
   16:19  error  Must use destructuring props assignment                            react/destructuring-assignment
   16:25  error  'data' is missing in props validation                              react/prop-types
   16:30  error  'data.token' is missing in props validation                        react/prop-types
   17:3   error  Unexpected var, use let or const instead                           no-var
   17:18  error  Identifier 'token_end' is not in camel case                        camelcase
   17:28  error  'data.token.canister_string' is missing in props validation        react/prop-types
   18:3   error  Unexpected var, use let or const instead                           no-var
   18:7   error  Use object destructuring                                           prefer-destructuring
   18:13  error  Identifier 'token_end' is not in camel case                        camelcase
   18:23  error  'data.token.fee' is missing in props validation                    react/prop-types
   19:3   error  Unexpected var, use let or const instead                           no-var
   19:13  error  Identifier 'token_end' is not in camel case                        camelcase
   19:23  error  'data.token.symbol' is missing in props validation                 react/prop-types
   20:3   error  Unexpected var, use let or const instead                           no-var
   20:18  error  Identifier 'token_end' is not in camel case                        camelcase
   20:28  error  'data.token.decimal' is missing in props validation                react/prop-types
   21:3   error  Unexpected var, use let or const instead                           no-var
   21:7   error  Use object destructuring                                           prefer-destructuring
   21:18  error  Identifier 'token_end' is not in camel case                        camelcase
   21:28  error  'data.token.standard' is missing in props validation               react/prop-types
   23:1   error  More than 1 blank line not allowed                                 no-multiple-empty-lines
   26:5   error  JSX not allowed in files with extension '.tsx'                     react/jsx-filename-extension
   30:25  error  Strings must use singlequote                                       quotes
   41:12  error  Must use destructuring props assignment                            react/destructuring-assignment
   41:18  error  'data' is missing in props validation                              react/prop-types
   41:23  error  'data.type_txn' is missing in props validation                     react/prop-types
   51:12  error  Must use destructuring props assignment                            react/destructuring-assignment
   51:18  error  'data' is missing in props validation                              react/prop-types
   51:23  error  'data.sale' is missing in props validation                         react/prop-types
   57:25  error  Strings must use singlequote                                       quotes
   67:35  error  Identifier 'end_amount' is not in camel case                       camelcase
   77:39  error  Identifier 'principal_buyer' is not in camel case                  camelcase
   87:39  error  Identifier 'principal_seller' is not in camel case                 camelcase
  128:24  error  Strings must use singlequote                                       quotes

/Users/maria/git/ORIGYN/dapps-monorepo-lerna/packages/features/components/src/TransactionModal/TransactionTypes/SaleOpened.tsx
    1:19  error  Strings must use singlequote                                                                quotes
    2:33  error  Strings must use singlequote                                                                quotes
    3:18  error  Strings must use singlequote                                                                quotes
    4:1   error  Expected exception block, space or tab after '//' in comment                                spaced-comment
    5:31  error  Multiple spaces found before '"@dapp/common-assets"'                                        no-multi-spaces
    5:33  error  Strings must use singlequote                                                                quotes
    7:20  error  Function component is not a function declaration                                            react/function-component-definition
    8:3   error  Unexpected var, use let or const instead                                                    no-var
    8:7   error  Identifier 'singleT_type' is not in camel case                                              camelcase
    8:22  error  Must use destructuring props assignment                                                     react/destructuring-assignment
    8:28  error  'data' is missing in props validation                                                       react/prop-types
    8:33  error  'data.type_txn' is missing in props validation                                              react/prop-types
    9:3   error  Unexpected var, use let or const instead                                                    no-var
    9:7   error  Identifier 'singleT_pricing' is not in camel case                                           camelcase
    9:25  error  Must use destructuring props assignment                                                     react/destructuring-assignment
    9:31  error  'data' is missing in props validation                                                       react/prop-types
    9:36  error  'data.pricing_config' is missing in props validation                                        react/prop-types
   11:3   error  Unexpected var, use let or const instead                                                    no-var
   11:7   error  Identifier 'singleT_sale_id' is not in camel case                                           camelcase
   11:25  error  Must use destructuring props assignment                                                     react/destructuring-assignment
   11:31  error  'data' is missing in props validation                                                       react/prop-types
   11:36  error  'data.sale_id' is missing in props validation                                               react/prop-types
   13:3   error  Expected exception block, space or tab after '//' in comment                                spaced-comment
   14:3   error  Expected exception block, space or tab after '//' in comment                                spaced-comment
   15:3   error  Unexpected var, use let or const instead                                                    no-var
   15:7   error  Identifier 'display_pricing_config' is not in camel case                                    camelcase
   15:31  error  'JSX' is not defined                                                                        no-undef
   17:3   error  Unexpected var, use let or const instead                                                    no-var
   17:7   error  Identifier 'type_of_pricing' is not in camel case                                           camelcase
   17:25  error  Identifier 'singleT_pricing' is not in camel case                                           camelcase
   17:41  error  'data.pricing_config.type_of_pricing_config' is missing in props validation                 react/prop-types
   18:3   error  Expected exception block, space or tab after '//' in comment                                spaced-comment
   19:3   error  Expected exception block, space or tab after '//' in comment                                spaced-comment
   20:3   error  Expected a default case                                                                     default-case
   20:11  error  Identifier 'type_of_pricing' is not in camel case                                           camelcase
   21:10  error  Strings must use singlequote                                                                quotes
   22:7   error  All 'var' declarations must be at the top of the function scope                             vars-on-top
   22:7   error  Unexpected var, use let or const instead                                                    no-var
   22:25  error  Identifier 'type_of_pricing' is not in camel case                                           camelcase
   22:41  error  'data.pricing_config.type_of_pricing_config.toUpperCase' is missing in props validation     react/prop-types
   24:7   error  All 'var' declarations must be at the top of the function scope                             vars-on-top
   24:7   error  Unexpected var, use let or const instead                                                    no-var
   24:11  error  Identifier 'start_price' is not in camel case                                               camelcase
   24:11  error  Use object destructuring                                                                    prefer-destructuring
   24:25  error  Identifier 'type_of_pricing' is not in camel case                                           camelcase
   24:41  error  'data.pricing_config.type_of_pricing_config.start_price' is missing in props validation     react/prop-types
   25:7   error  All 'var' declarations must be at the top of the function scope                             vars-on-top
   25:7   error  Unexpected var, use let or const instead                                                    no-var
   25:11  error  Identifier 'decay_per_hour' is not in camel case                                            camelcase
   25:11  error  Use object destructuring                                                                    prefer-destructuring
   25:28  error  Identifier 'type_of_pricing' is not in camel case                                           camelcase
   25:44  error  'data.pricing_config.type_of_pricing_config.decay_per_hour' is missing in props validation  react/prop-types
   26:7   error  All 'var' declarations must be at the top of the function scope                             vars-on-top
   26:7   error  Unexpected var, use let or const instead                                                    no-var
   26:11  error  Use object destructuring                                                                    prefer-destructuring
   26:21  error  Identifier 'type_of_pricing' is not in camel case                                           camelcase
   26:37  error  'data.pricing_config.type_of_pricing_config.reserve' is missing in props validation         react/prop-types
   28:7   error  Identifier 'display_pricing_config' is not in camel case                                    camelcase
   29:9   error  JSX not allowed in files with extension '.tsx'                                              react/jsx-filename-extension
   54:18  error  Identifier 'start_price' is not in camel case                                               camelcase
   66:18  error  Identifier 'decay_per_hour' is not in camel case                                            camelcase
   83:10  error  Strings must use singlequote                                                                quotes
   84:7   error  All 'var' declarations must be at the top of the function scope                             vars-on-top
   84:7   error  Unexpected var, use let or const instead                                                    no-var
   84:25  error  Identifier 'type_of_pricing' is not in camel case                                           camelcase
   84:41  error  'data.pricing_config.type_of_pricing_config.toUpperCase' is missing in props validation     react/prop-types
   86:7   error  All 'var' declarations must be at the top of the function scope                             vars-on-top
   86:7   error  Unexpected var, use let or const instead                                                    no-var
   86:11  error  Use object destructuring                                                                    prefer-destructuring
   86:20  error  Identifier 'type_of_pricing' is not in camel case                                           camelcase
   86:36  error  'data.pricing_config.type_of_pricing_config.amount' is missing in props validation          react/prop-types
   88:7   error  All 'var' declarations must be at the top of the function scope                             vars-on-top
   88:7   error  Unexpected var, use let or const instead                                                    no-var
   88:11  error  Identifier 'obj_token' is not in camel case                                                 camelcase
   88:23  error  Identifier 'singleT_pricing' is not in camel case                                           camelcase
   88:39  error  'data.pricing_config.token' is missing in props validation                                  react/prop-types
   89:7   error  All 'var' declarations must be at the top of the function scope                             vars-on-top
   89:7   error  Unexpected var, use let or const instead                                                    no-var
   89:22  error  Identifier 'obj_token' is not in camel case                                                 camelcase
   89:32  error  'data.pricing_config.token.canister_string' is missing in props validation                  react/prop-types
   90:7   error  All 'var' declarations must be at the top of the function scope                             vars-on-top
   90:7   error  Unexpected var, use let or const instead                                                    no-var
   90:11  error  Use object destructuring                                                                    prefer-destructuring
   90:17  error  Identifier 'obj_token' is not in camel case                                                 camelcase
   90:27  error  'data.pricing_config.token.fee' is missing in props validation                              react/prop-types
   91:7   error  All 'var' declarations must be at the top of the function scope                             vars-on-top
   91:7   error  Unexpected var, use let or const instead                                                    no-var
   91:17  error  Identifier 'obj_token' is not in camel case                                                 camelcase
   91:27  error  'data.pricing_config.token.symbol' is missing in props validation                           react/prop-types
   92:7   error  All 'var' declarations must be at the top of the function scope                             vars-on-top
   92:7   error  Unexpected var, use let or const instead                                                    no-var
   92:22  error  Identifier 'obj_token' is not in camel case                                                 camelcase
   92:32  error  'data.pricing_config.token.decimal' is missing in props validation                          react/prop-types
   93:7   error  All 'var' declarations must be at the top of the function scope                             vars-on-top
   93:7   error  Unexpected var, use let or const instead                                                    no-var
   93:11  error  Use object destructuring                                                                    prefer-destructuring
   93:22  error  Identifier 'obj_token' is not in camel case                                                 camelcase
   93:32  error  'data.pricing_config.token.standard' is missing in props validation                         react/prop-types
   95:7   error  Identifier 'display_pricing_config' is not in camel case                                    camelcase
  154:26  error  Strings must use singlequote                                                                quotes
  186:10  error  Strings must use singlequote                                                                quotes
  187:7   error  All 'var' declarations must be at the top of the function scope                             vars-on-top
  187:7   error  Unexpected var, use let or const instead                                                    no-var
  187:25  error  Identifier 'type_of_pricing' is not in camel case                                           camelcase
  187:41  error  'data.pricing_config.type_of_pricing_config.toUpperCase' is missing in props validation     react/prop-types
  188:7   error  All 'var' declarations must be at the top of the function scope                             vars-on-top
  188:7   error  Unexpected var, use let or const instead                                                    no-var
  188:11  error  Use object destructuring                                                                    prefer-destructuring
  188:21  error  Identifier 'singleT_pricing' is not in camel case                                           camelcase
  188:37  error  'data.pricing_config.reserve' is missing in props validation                                react/prop-types
  189:7   error  All 'var' declarations must be at the top of the function scope                             vars-on-top
  189:7   error  Unexpected var, use let or const instead                                                    no-var
  189:20  error  Identifier 'singleT_pricing' is not in camel case                                           camelcase
  189:36  error  'data.pricing_config.buy_now' is missing in props validation                                react/prop-types
  190:7   error  All 'var' declarations must be at the top of the function scope                             vars-on-top
  190:7   error  Unexpected var, use let or const instead                                                    no-var
  190:24  error  Identifier 'singleT_pricing' is not in camel case                                           camelcase
  190:40  error  'data.pricing_config.start_price' is missing in props validation                            react/prop-types
  191:7   error  All 'var' declarations must be at the top of the function scope                             vars-on-top
  191:7   error  Unexpected var, use let or const instead                                                    no-var
  191:25  error  Identifier 'singleT_pricing' is not in camel case                                           camelcase
  191:41  error  'data.pricing_config.min_increase' is missing in props validation                           react/prop-types
  192:7   error  All 'var' declarations must be at the top of the function scope                             vars-on-top
  192:7   error  Unexpected var, use let or const instead                                                    no-var
  192:19  error  Identifier 'singleT_pricing' is not in camel case                                           camelcase
  192:35  error  'data.pricing_config.start_date' is missing in props validation                             react/prop-types
  193:7   error  All 'var' declarations must be at the top of the function scope                             vars-on-top
  193:7   error  Unexpected var, use let or const instead                                                    no-var
  193:20  error  Identifier 'singleT_pricing' is not in camel case                                           camelcase
  193:36  error  'data.pricing_config.ending_date' is missing in props validation                            react/prop-types
  195:7   error  All 'var' declarations must be at the top of the function scope                             vars-on-top
  195:7   error  Unexpected var, use let or const instead                                                    no-var
  195:23  error  Identifier 'singleT_pricing' is not in camel case                                           camelcase
  195:39  error  'data.pricing_config.token' is missing in props validation                                  react/prop-types
  196:7   error  All 'var' declarations must be at the top of the function scope                             vars-on-top
  196:7   error  Unexpected var, use let or const instead                                                    no-var
  196:22  error  Identifier 'obj_token' is not in camel case                                                 camelcase
  196:32  error  'data.pricing_config.token.canister_string' is missing in props validation                  react/prop-types
  197:7   error  All 'var' declarations must be at the top of the function scope                             vars-on-top
  197:7   error  Unexpected var, use let or const instead                                                    no-var
  197:11  error  Use object destructuring                                                                    prefer-destructuring
  197:17  error  Identifier 'obj_token' is not in camel case                                                 camelcase
  197:27  error  'data.pricing_config.token.fee' is missing in props validation                              react/prop-types
  198:7   error  All 'var' declarations must be at the top of the function scope                             vars-on-top
  198:7   error  Unexpected var, use let or const instead                                                    no-var
  198:17  error  Identifier 'obj_token' is not in camel case                                                 camelcase
  198:27  error  'data.pricing_config.token.symbol' is missing in props validation                           react/prop-types
  199:7   error  All 'var' declarations must be at the top of the function scope                             vars-on-top
  199:7   error  Unexpected var, use let or const instead                                                    no-var
  199:22  error  Identifier 'obj_token' is not in camel case                                                 camelcase
  199:32  error  'data.pricing_config.token.decimal' is missing in props validation                          react/prop-types
  200:7   error  All 'var' declarations must be at the top of the function scope                             vars-on-top
  200:7   error  Unexpected var, use let or const instead                                                    no-var
  200:11  error  Use object destructuring                                                                    prefer-destructuring
  200:22  error  Identifier 'obj_token' is not in camel case                                                 camelcase
  200:32  error  'data.pricing_config.token.standard' is missing in props validation                         react/prop-types
  202:7   error  Identifier 'display_pricing_config' is not in camel case                                    camelcase
  284:26  error  Strings must use singlequote                                                                quotes
  330:1   error  More than 1 blank line not allowed                                                          no-multiple-empty-lines
  336:25  error  Strings must use singlequote                                                                quotes
  347:12  error  Identifier 'singleT_type' is not in camel case                                              camelcase
  356:35  error  Identifier 'singleT_sale_id' is not in camel case                                           camelcase
  358:7   error  Empty components are self-closing                                                           react/self-closing-comp
  358:12  error  Do not pass children as props. Instead, nest children between the opening and closing tags  react/no-children-prop
  358:22  error  Identifier 'display_pricing_config' is not in camel case                                    camelcase
  360:4   error  Missing semicolon                                                                           semi

/Users/maria/git/ORIGYN/dapps-monorepo-lerna/packages/features/components/src/TransactionModal/TransactionTypes/SaleWithdraw.tsx
    1:19  error  Strings must use singlequote                                       quotes
    2:33  error  Strings must use singlequote                                       quotes
    3:18  error  Strings must use singlequote                                       quotes
    5:22  error  Function component is not a function declaration                   react/function-component-definition
    6:3   error  Expected exception block, space or tab after '//' in comment       spaced-comment
    7:3   error  Unexpected var, use let or const instead                           no-var
    7:7   error  Identifier 'singleT_type' is not in camel case                     camelcase
    7:22  error  Must use destructuring props assignment                            react/destructuring-assignment
    7:28  error  'data' is missing in props validation                              react/prop-types
    7:33  error  'data.type_txn' is missing in props validation                     react/prop-types
    8:3   error  Expected exception block, space or tab after '//' in comment       spaced-comment
    9:3   error  Unexpected var, use let or const instead                           no-var
    9:7   error  Identifier 'account_buyer' is not in camel case                    camelcase
    9:23  error  Must use destructuring props assignment                            react/destructuring-assignment
    9:29  error  'data' is missing in props validation                              react/prop-types
    9:34  error  'data.buyer' is missing in props validation                        react/prop-types
   10:3   error  Unexpected var, use let or const instead                           no-var
   10:7   error  Identifier 'buyer_principal' is not in camel case                  camelcase
   10:25  error  Identifier 'account_buyer' is not in camel case                    camelcase
   10:39  error  'data.buyer.acc_principal_string' is missing in props validation   react/prop-types
   11:3   error  Expected exception block, space or tab after '//' in comment       spaced-comment
   12:3   error  Unexpected var, use let or const instead                           no-var
   12:7   error  Identifier 'account_seller' is not in camel case                   camelcase
   12:24  error  Must use destructuring props assignment                            react/destructuring-assignment
   12:30  error  'data' is missing in props validation                              react/prop-types
   12:35  error  'data.seller' is missing in props validation                       react/prop-types
   13:3   error  Unexpected var, use let or const instead                           no-var
   13:7   error  Identifier 'seller_principal' is not in camel case                 camelcase
   13:26  error  Identifier 'account_seller' is not in camel case                   camelcase
   13:41  error  'data.seller.acc_principal_string' is missing in props validation  react/prop-types
   14:3   error  Expected exception block, space or tab after '//' in comment       spaced-comment
   15:3   error  Unexpected var, use let or const instead                           no-var
   15:7   error  Identifier 'sale_wit_token' is not in camel case                   camelcase
   15:24  error  Must use destructuring props assignment                            react/destructuring-assignment
   15:30  error  'data' is missing in props validation                              react/prop-types
   15:35  error  'data.token' is missing in props validation                        react/prop-types
   16:3   error  Expected exception block, space or tab after '//' in comment       spaced-comment
   17:3   error  Unexpected var, use let or const instead                           no-var
   17:18  error  Identifier 'sale_wit_token' is not in camel case                   camelcase
   17:33  error  'data.token.canister_string' is missing in props validation        react/prop-types
   18:3   error  Unexpected var, use let or const instead                           no-var
   18:7   error  Use object destructuring                                           prefer-destructuring
   18:13  error  Identifier 'sale_wit_token' is not in camel case                   camelcase
   18:28  error  'data.token.fee' is missing in props validation                    react/prop-types
   19:3   error  Unexpected var, use let or const instead                           no-var
   19:13  error  Identifier 'sale_wit_token' is not in camel case                   camelcase
   19:28  error  'data.token.symbol' is missing in props validation                 react/prop-types
   20:3   error  Unexpected var, use let or const instead                           no-var
   20:18  error  Identifier 'sale_wit_token' is not in camel case                   camelcase
   20:33  error  'data.token.decimal' is missing in props validation                react/prop-types
   21:3   error  Unexpected var, use let or const instead                           no-var
   21:7   error  Use object destructuring                                           prefer-destructuring
   21:18  error  Identifier 'sale_wit_token' is not in camel case                   camelcase
   21:33  error  'data.token.standard' is missing in props validation               react/prop-types
   22:3   error  Expected exception block, space or tab after '//' in comment       spaced-comment
   23:3   error  Unexpected var, use let or const instead                           no-var
   23:7   error  Identifier 'token_id' is not in camel case                         camelcase
   23:7   error  Use object destructuring                                           prefer-destructuring
   23:18  error  Must use destructuring props assignment                            react/destructuring-assignment
   23:24  error  'data' is missing in props validation                              react/prop-types
   23:29  error  'data.token_id' is missing in props validation                     react/prop-types
   24:3   error  Unexpected var, use let or const instead                           no-var
   24:7   error  Use object destructuring                                           prefer-destructuring
   24:16  error  Must use destructuring props assignment                            react/destructuring-assignment
   24:22  error  'data' is missing in props validation                              react/prop-types
   24:27  error  'data.amount' is missing in props validation                       react/prop-types
   25:3   error  Unexpected var, use let or const instead                           no-var
   25:7   error  Identifier 'token_fee' is not in camel case                        camelcase
   25:19  error  Must use destructuring props assignment                            react/destructuring-assignment
   25:25  error  'data' is missing in props validation                              react/prop-types
   25:30  error  'data.fee' is missing in props validation                          react/prop-types
   26:8   error  Identifier 'token_fee' is not in camel case                        camelcase
   27:5   error  Identifier 'token_fee' is not in camel case                        camelcase
   27:17  error  Strings must use singlequote                                       quotes
   29:3   error  Expected exception block, space or tab after '//' in comment       spaced-comment
   30:3   error  All 'var' declarations must be at the top of the function scope    vars-on-top
   30:3   error  Unexpected var, use let or const instead                           no-var
   30:15  error  Must use destructuring props assignment                            react/destructuring-assignment
   30:21  error  'data' is missing in props validation                              react/prop-types
   30:26  error  'data.trx_id' is missing in props validation                       react/prop-types
   31:3   error  All 'var' declarations must be at the top of the function scope    vars-on-top
   31:3   error  Unexpected var, use let or const instead                           no-var
   31:7   error  Unexpected dangling '_' in '_nat'                                  no-underscore-dangle
   31:7   error  Use object destructuring                                           prefer-destructuring
   31:14  error  Unexpected dangling '_' in '_nat'                                  no-underscore-dangle
   31:20  error  'data.trx_id._nat' is missing in props validation                  react/prop-types
   32:3   error  All 'var' declarations must be at the top of the function scope    vars-on-top
   32:3   error  Unexpected var, use let or const instead                           no-var
   32:7   error  Unexpected dangling '_' in '_text'                                 no-underscore-dangle
   32:7   error  Use object destructuring                                           prefer-destructuring
   32:15  error  Unexpected dangling '_' in '_text'                                 no-underscore-dangle
   32:21  error  'data.trx_id._text' is missing in props validation                 react/prop-types
   33:3   error  All 'var' declarations must be at the top of the function scope    vars-on-top
   33:3   error  Unexpected var, use let or const instead                           no-var
   33:7   error  Identifier 'id_trans' is not in camel case                         camelcase
   35:5   error  Identifier 'id_trans' is not in camel case                         camelcase
   37:5   error  Identifier 'id_trans' is not in camel case                         camelcase
   40:5   error  JSX not allowed in files with extension '.tsx'                     react/jsx-filename-extension
   44:25  error  Strings must use singlequote                                       quotes
   55:12  error  Identifier 'singleT_type' is not in camel case                     camelcase
   65:12  error  Identifier 'id_trans' is not in camel case                         camelcase
   71:25  error  Strings must use singlequote                                       quotes
   83:39  error  Identifier 'buyer_principal' is not in camel case                  camelcase
   91:39  error  Identifier 'seller_principal' is not in camel case                 camelcase
   99:39  error  Identifier 'token_id' is not in camel case                         camelcase
  117:39  error  Identifier 'token_fee' is not in camel case                        camelcase
  170:4   error  Missing semicolon                                                  semi

/Users/maria/git/ORIGYN/dapps-monorepo-lerna/packages/features/components/src/TransactionModal/index.tsx
  10:1   error  Expected 1 empty line after import statement not followed by another import                            import/newline-after-import
  11:28  error  Function component is not a function declaration                                                       react/function-component-definition
  11:39  error  Unexpected block statement surrounding arrow body; move the returned value immediately after the `=>`  arrow-body-style
  13:5   error  JSX not allowed in files with extension '.tsx'                                                         react/jsx-filename-extension
  15:17  error  Must use destructuring props assignment                                                                react/destructuring-assignment
  15:23  error  'modalData' is missing in props validation                                                             react/prop-types
  15:33  error  'modalData.type_txn' is missing in props validation                                                    react/prop-types
  17:38  error  Must use destructuring props assignment                                                                react/destructuring-assignment
  17:44  error  'modalData' is missing in props validation                                                             react/prop-types
  19:32  error  Must use destructuring props assignment                                                                react/destructuring-assignment
  19:38  error  'modalData' is missing in props validation                                                             react/prop-types
  21:38  error  Must use destructuring props assignment                                                                react/destructuring-assignment
  21:44  error  'modalData' is missing in props validation                                                             react/prop-types
  23:37  error  Must use destructuring props assignment                                                                react/destructuring-assignment
  23:43  error  'modalData' is missing in props validation                                                             react/prop-types
  25:41  error  Must use destructuring props assignment                                                                react/destructuring-assignment
  25:47  error  'modalData' is missing in props validation                                                             react/prop-types
  27:41  error  Must use destructuring props assignment                                                                react/destructuring-assignment
  27:47  error  'modalData' is missing in props validation                                                             react/prop-types
  29:42  error  Must use destructuring props assignment                                                                react/destructuring-assignment
  29:48  error  'modalData' is missing in props validation                                                             react/prop-types
  31:40  error  Must use destructuring props assignment                                                                react/destructuring-assignment
  31:46  error  'modalData' is missing in props validation                                                             react/prop-types

/Users/maria/git/ORIGYN/dapps-monorepo-lerna/packages/features/components/src/TransactionsTable/functions/AuctionBid.tsx
    1:27  error  Strings must use singlequote                                                                                                                                               quotes
    2:44  error  Strings must use singlequote                                                                                                                                               quotes
    4:1   error  Expected exception block, space or tab after '//' in comment                                                                                                               spaced-comment
    6:1   error  Expected indentation of 2 spaces but found 4                                                                                                                               indent
    6:5   error  Identifier 'acc_principal' is not in camel case                                                                                                                            camelcase
    7:1   error  Expected indentation of 2 spaces but found 4                                                                                                                               indent
    7:5   error  Identifier 'acc_id' is not in camel case                                                                                                                                   camelcase
    8:1   error  Expected indentation of 2 spaces but found 4                                                                                                                               indent
    8:5   error  Identifier 'acc_extensible' is not in camel case                                                                                                                           camelcase
    8:27  error  Missing trailing comma                                                                                                                                                     comma-dangle
   10:1   error  Expected indentation of 2 spaces but found 4                                                                                                                               indent
   10:9   error  'thisArray' is never reassigned. Use 'const' instead                                                                                                                       prefer-const
   10:51  error  Identifier 'acc_principal' is not in camel case                                                                                                                            camelcase
   10:51  error  Unexpected dangling '_' in '_arr'                                                                                                                                          no-underscore-dangle
   11:1   error  Expected indentation of 2 spaces but found 4                                                                                                                               indent
   11:5   error  Unexpected var, use let or const instead                                                                                                                                   no-var
   11:9   error  Identifier 'acc_principal_string' is not in camel case                                                                                                                     camelcase
   12:1   error  Expected indentation of 2 spaces but found 4                                                                                                                               indent
   12:14  error  Identifier 'acc_principal_string' is not in camel case                                                                                                                     camelcase
   12:36  error  Identifier 'acc_id' is not in camel case                                                                                                                                   camelcase
   12:44  error  Identifier 'acc_extensible' is not in camel case                                                                                                                           camelcase
   14:1   error  Expected exception block, space or tab after '//' in comment                                                                                                               spaced-comment
   16:1   error  Expected indentation of 2 spaces but found 4                                                                                                                               indent
   17:1   error  Expected indentation of 2 spaces but found 4                                                                                                                               indent
   18:1   error  Expected indentation of 2 spaces but found 4                                                                                                                               indent
   19:1   error  Expected indentation of 2 spaces but found 4                                                                                                                               indent
   20:1   error  Expected indentation of 2 spaces but found 4                                                                                                                               indent
   20:21  error  Missing trailing comma                                                                                                                                                     comma-dangle
   22:1   error  Expected indentation of 2 spaces but found 4                                                                                                                               indent
   22:9   error  'thisArray' is never reassigned. Use 'const' instead                                                                                                                       prefer-const
   22:51  error  Unexpected dangling '_' in '_arr'                                                                                                                                          no-underscore-dangle
   23:1   error  Expected indentation of 2 spaces but found 4                                                                                                                               indent
   23:5   error  Unexpected var, use let or const instead                                                                                                                                   no-var
   23:9   error  Identifier 'canister_string' is not in camel case                                                                                                                          camelcase
   24:1   error  Expected indentation of 2 spaces but found 4                                                                                                                               indent
   24:14  error  Identifier 'canister_string' is not in camel case                                                                                                                          camelcase
   26:1   error  Expected exception block, space or tab after '//' in comment                                                                                                               spaced-comment
   28:1   error  Expected indentation of 2 spaces but found 4                                                                                                                               indent
   32:1   error  Expected indentation of 2 spaces but found 4                                                                                                                               indent
   32:5   error  Identifier 'obj_transaction' is not in camel case                                                                                                                          camelcase
   33:1   error  Expected indentation of 2 spaces but found 4                                                                                                                               indent
   34:1   error  Expected indentation of 2 spaces but found 4                                                                                                                               indent
   35:1   error  Expected indentation of 2 spaces but found 4                                                                                                                               indent
   35:5   error  Identifier 'curr_obj' is not in camel case                                                                                                                                 camelcase
   36:1   error  Expected indentation of 2 spaces but found 4                                                                                                                               indent
   36:5   error  Identifier '_transaction_type_formatted' is not in camel case                                                                                                              camelcase
   36:40  error  Missing trailing comma                                                                                                                                                     comma-dangle
   37:6   error  Block must not be padded by blank lines                                                                                                                                    padded-blocks
   39:1   error  Expected indentation of 2 spaces but found 4                                                                                                                               indent
   39:5   error  Unexpected var, use let or const instead                                                                                                                                   no-var
   39:19  error  Strings must use singlequote                                                                                                                                               quotes
   41:1   error  Expected indentation of 2 spaces but found 4                                                                                                                               indent
   41:5   error  Unexpected var, use let or const instead                                                                                                                                   no-var
   41:9   error  Identifier 'bid_buyer' is not in camel case                                                                                                                                camelcase
   41:21  error  Identifier 'obj_transaction' is not in camel case                                                                                                                          camelcase
   41:21  error  Unexpected dangling '_' in '_props'                                                                                                                                        no-underscore-dangle
   42:1   error  Expected indentation of 2 spaces but found 4                                                                                                                               indent
   42:5   error  Expected exception block, space or tab after '//' in comment                                                                                                               spaced-comment
   43:1   error  Expected indentation of 2 spaces but found 4                                                                                                                               indent
   43:5   error  Unexpected var, use let or const instead                                                                                                                                   no-var
   43:9   error  Identifier 'bid_principal' is not in camel case                                                                                                                            camelcase
   43:25  error  Identifier 'bid_buyer' is not in camel case                                                                                                                                camelcase
   44:1   error  Expected indentation of 2 spaces but found 4                                                                                                                               indent
   44:5   error  Unexpected var, use let or const instead                                                                                                                                   no-var
   44:9   error  Identifier 'bid_account_id' is not in camel case                                                                                                                           camelcase
   44:26  error  Identifier 'bid_buyer' is not in camel case                                                                                                                                camelcase
   45:1   error  Expected indentation of 2 spaces but found 4                                                                                                                               indent
   45:5   error  Unexpected var, use let or const instead                                                                                                                                   no-var
   45:9   error  Identifier 'bid_extensible' is not in camel case                                                                                                                           camelcase
   45:26  error  Identifier 'bid_buyer' is not in camel case                                                                                                                                camelcase
   46:1   error  Expected indentation of 2 spaces but found 4                                                                                                                               indent
   46:5   error  Expected exception block, space or tab after '//' in comment                                                                                                               spaced-comment
   47:1   error  Expected indentation of 2 spaces but found 4                                                                                                                               indent
   47:5   error  Unexpected var, use let or const instead                                                                                                                                   no-var
   48:1   error  Expected indentation of 4 spaces but found 8                                                                                                                               indent
   49:1   error  Expected indentation of 4 spaces but found 8                                                                                                                               indent
   50:1   error  Expected indentation of 4 spaces but found 8                                                                                                                               indent
   50:23  error  Missing trailing comma                                                                                                                                                     comma-dangle
   51:1   error  Expected indentation of 2 spaces but found 4                                                                                                                               indent
   53:1   error  Expected indentation of 2 spaces but found 4                                                                                                                               indent
   53:5   error  Unexpected var, use let or const instead                                                                                                                                   no-var
   53:9   error  Identifier 'bid_amount' is not in camel case                                                                                                                               camelcase
   53:22  error  Identifier 'obj_transaction' is not in camel case                                                                                                                          camelcase
   53:22  error  Unexpected dangling '_' in '_props'                                                                                                                                        no-underscore-dangle
   54:1   error  Expected indentation of 2 spaces but found 4                                                                                                                               indent
   54:5   error  Unexpected var, use let or const instead                                                                                                                                   no-var
   54:9   error  Identifier 'bid_token' is not in camel case                                                                                                                                camelcase
   54:21  error  Identifier 'obj_transaction' is not in camel case                                                                                                                          camelcase
   54:21  error  Unexpected dangling '_' in '_props'                                                                                                                                        no-underscore-dangle
   55:1   error  Expected indentation of 2 spaces but found 4                                                                                                                               indent
   55:5   error  Expected exception block, space or tab after '//' in comment                                                                                                               spaced-comment
   56:1   error  Expected indentation of 2 spaces but found 4                                                                                                                               indent
   56:5   error  Unexpected var, use let or const instead                                                                                                                                   no-var
   57:1   error  Expected indentation of 2 spaces but found 4                                                                                                                               indent
   57:5   error  for..in loops iterate over the entire prototype chain, which is virtually never what you want. Use Object.{keys,values,entries}, and iterate over the resulting array      no-restricted-syntax
   57:5   error  The body of a for-in should be wrapped in an if statement to filter unwanted properties from the prototype                                                                 guard-for-in
   57:24  error  Identifier 'bid_token' is not in camel case                                                                                                                                camelcase
   58:1   error  Expected indentation of 4 spaces but found 8                                                                                                                               indent
   58:9   error  All 'var' declarations must be at the top of the function scope                                                                                                            vars-on-top
   58:9   error  Unexpected var, use let or const instead                                                                                                                                   no-var
   58:13  error  Unexpected dangling '_' in '_canister'                                                                                                                                     no-underscore-dangle
   58:25  error  Identifier 'bid_token' is not in camel case                                                                                                                                camelcase
   59:1   error  Expected indentation of 4 spaces but found 8                                                                                                                               indent
   59:9   error  All 'var' declarations must be at the top of the function scope                                                                                                            vars-on-top
   59:9   error  Unexpected var, use let or const instead                                                                                                                                   no-var
   59:13  error  Unexpected dangling '_' in '_fee'                                                                                                                                          no-underscore-dangle
   59:20  error  Identifier 'bid_token' is not in camel case                                                                                                                                camelcase
   60:1   error  Expected indentation of 4 spaces but found 8                                                                                                                               indent
   60:9   error  All 'var' declarations must be at the top of the function scope                                                                                                            vars-on-top
   60:9   error  Unexpected var, use let or const instead                                                                                                                                   no-var
   60:13  error  Unexpected dangling '_' in '_symbol'                                                                                                                                       no-underscore-dangle
   60:23  error  Identifier 'bid_token' is not in camel case                                                                                                                                camelcase
   61:1   error  Expected indentation of 4 spaces but found 8                                                                                                                               indent
   61:9   error  All 'var' declarations must be at the top of the function scope                                                                                                            vars-on-top
   61:9   error  Unexpected var, use let or const instead                                                                                                                                   no-var
   61:13  error  Unexpected dangling '_' in '_decimals'                                                                                                                                     no-underscore-dangle
   61:25  error  Identifier 'bid_token' is not in camel case                                                                                                                                camelcase
   62:1   error  Expected indentation of 4 spaces but found 8                                                                                                                               indent
   62:9   error  All 'var' declarations must be at the top of the function scope                                                                                                            vars-on-top
   62:9   error  Unexpected var, use let or const instead                                                                                                                                   no-var
   62:13  error  Unexpected dangling '_' in '_standard'                                                                                                                                     no-underscore-dangle
   62:25  error  Identifier 'bid_token' is not in camel case                                                                                                                                camelcase
   63:1   error  Expected indentation of 2 spaces but found 4                                                                                                                               indent
   65:1   error  Expected indentation of 2 spaces but found 4                                                                                                                               indent
   65:5   error  iterators/generators require regenerator-runtime, which is too heavyweight for this guide to allow them. Separately, loops should be avoided in favor of array iterations  no-restricted-syntax
   65:36  error  '_standard' used outside of binding context                                                                                                                                block-scoped-var
   66:1   error  Expected indentation of 4 spaces but found 8                                                                                                                               indent
   66:9   error  All 'var' declarations must be at the top of the function scope                                                                                                            vars-on-top
   66:9   error  Unexpected var, use let or const instead                                                                                                                                   no-var
   66:13  error  Identifier 'token_standard' is not in camel case                                                                                                                           camelcase
   67:1   error  Expected indentation of 2 spaces but found 4                                                                                                                               indent
   68:1   error  Expected indentation of 2 spaces but found 4                                                                                                                               indent
   68:5   error  All 'var' declarations must be at the top of the function scope                                                                                                            vars-on-top
   68:5   error  Unexpected var, use let or const instead                                                                                                                                   no-var
   68:9   error  Identifier 'bid_obj_token' is not in camel case                                                                                                                            camelcase
   69:1   error  Expected indentation of 4 spaces but found 8                                                                                                                               indent
   69:9   error  '_canister' used outside of binding context                                                                                                                                block-scoped-var
   70:1   error  Expected indentation of 4 spaces but found 8                                                                                                                               indent
   70:9   error  '_fee' used outside of binding context                                                                                                                                     block-scoped-var
   71:1   error  Expected indentation of 4 spaces but found 8                                                                                                                               indent
   71:9   error  '_symbol' used outside of binding context                                                                                                                                  block-scoped-var
   72:1   error  Expected indentation of 4 spaces but found 8                                                                                                                               indent
   72:9   error  '_decimals' used outside of binding context                                                                                                                                block-scoped-var
   73:1   error  Expected indentation of 4 spaces but found 8                                                                                                                               indent
   73:9   error  'token_standard' used outside of binding context                                                                                                                           block-scoped-var
   73:23  error  Missing trailing comma                                                                                                                                                     comma-dangle
   74:1   error  Expected indentation of 2 spaces but found 4                                                                                                                               indent
   76:1   error  Expected indentation of 2 spaces but found 4                                                                                                                               indent
   76:5   error  All 'var' declarations must be at the top of the function scope                                                                                                            vars-on-top
   76:5   error  Unexpected var, use let or const instead                                                                                                                                   no-var
   76:9   error  Identifier 'bid_sale_id' is not in camel case                                                                                                                              camelcase
   76:23  error  Identifier 'obj_transaction' is not in camel case                                                                                                                          camelcase
   76:23  error  Unexpected dangling '_' in '_props'                                                                                                                                        no-underscore-dangle
   78:1   error  Expected indentation of 2 spaces but found 4                                                                                                                               indent
   78:5   error  Expected exception block, space or tab after '//' in comment                                                                                                               spaced-comment
   79:1   error  Expected indentation of 2 spaces but found 4                                                                                                                               indent
   79:5   error  Expected exception block, space or tab after '//' in comment                                                                                                               spaced-comment
   80:1   error  Expected indentation of 2 spaces but found 4                                                                                                                               indent
   80:5   error  All 'var' declarations must be at the top of the function scope                                                                                                            vars-on-top
   80:5   error  Unexpected var, use let or const instead                                                                                                                                   no-var
   80:9   error  Identifier 'array_accounts' is not in camel case                                                                                                                           camelcase
   82:1   error  Expected indentation of 2 spaces but found 4                                                                                                                               indent
   82:5   error  Identifier 'array_accounts' is not in camel case                                                                                                                           camelcase
   82:38  error  Identifier 'bid_principal' is not in camel case                                                                                                                            camelcase
   82:38  error  Unexpected dangling '_' in '_arr'                                                                                                                                          no-underscore-dangle
   83:1   error  Expected indentation of 2 spaces but found 4                                                                                                                               indent
   83:5   error  All 'var' declarations must be at the top of the function scope                                                                                                            vars-on-top
   83:5   error  Unexpected var, use let or const instead                                                                                                                                   no-var
   83:9   error  Identifier 'array_principals' is not in camel case                                                                                                                         camelcase
   84:1   error  Expected indentation of 2 spaces but found 4                                                                                                                               indent
   84:5   error  Identifier 'array_principals' is not in camel case                                                                                                                         camelcase
   84:27  error  Identifier 'bid_obj_token' is not in camel case                                                                                                                            camelcase
   86:1   error  Expected indentation of 2 spaces but found 4                                                                                                                               indent
   86:5   error  Assignment to function parameter 'transactionObj'                                                                                                                          no-param-reassign
   87:1   error  Expected indentation of 4 spaces but found 8                                                                                                                               indent
   87:22  error  Identifier 'curr_obj' is not in camel case                                                                                                                                 camelcase
   88:1   error  Expected indentation of 4 spaces but found 8                                                                                                                               indent
   88:19  error  Identifier 'curr_obj' is not in camel case                                                                                                                                 camelcase
   89:1   error  Expected indentation of 4 spaces but found 8                                                                                                                               indent
   89:19  error  Identifier '_transaction_type_formatted' is not in camel case                                                                                                              camelcase
   90:1   error  Expected indentation of 4 spaces but found 8                                                                                                                               indent
   91:1   error  Expected indentation of 4 spaces but found 8                                                                                                                               indent
   92:1   error  Expected indentation of 4 spaces but found 8                                                                                                                               indent
   93:1   error  Expected indentation of 4 spaces but found 8                                                                                                                               indent
   93:9   error  Expected property shorthand                                                                                                                                                object-shorthand
   94:1   error  Expected indentation of 4 spaces but found 8                                                                                                                               indent
   94:17  error  Identifier 'bid_amount' is not in camel case                                                                                                                               camelcase
   95:1   error  Expected indentation of 4 spaces but found 8                                                                                                                               indent
   95:16  error  Identifier 'bid_obj_token' is not in camel case                                                                                                                            camelcase
   96:1   error  Expected indentation of 4 spaces but found 8                                                                                                                               indent
   96:18  error  Identifier 'bid_sale_id' is not in camel case                                                                                                                              camelcase
   97:1   error  Expected indentation of 2 spaces but found 4                                                                                                                               indent
   99:1   error  Expected indentation of 2 spaces but found 0                                                                                                                               indent
  101:1   error  Expected indentation of 2 spaces but found 0                                                                                                                               indent
  101:2   error  Missing semicolon                                                                                                                                                          semi
  104:27  error  Newline required at end of file but not found                                                                                                                              eol-last

/Users/maria/git/ORIGYN/dapps-monorepo-lerna/packages/features/components/src/TransactionsTable/functions/EscrowDeposit.tsx
    1:27  error  Strings must use singlequote                                                                                                                                               quotes
    2:10  error  'formatTime' is defined but never used                                                                                                                                     @typescript-eslint/no-unused-vars
    2:75  error  Strings must use singlequote                                                                                                                                               quotes
    2:88  error  Missing semicolon                                                                                                                                                          semi
    4:1   error  Expected exception block, space or tab after '//' in comment                                                                                                               spaced-comment
    6:1   error  Expected indentation of 2 spaces but found 4                                                                                                                               indent
    6:5   error  Identifier 'acc_principal' is not in camel case                                                                                                                            camelcase
    7:1   error  Expected indentation of 2 spaces but found 4                                                                                                                               indent
    7:5   error  Identifier 'acc_id' is not in camel case                                                                                                                                   camelcase
    8:1   error  Expected indentation of 2 spaces but found 4                                                                                                                               indent
    8:5   error  Identifier 'acc_extensible' is not in camel case                                                                                                                           camelcase
    8:27  error  Missing trailing comma                                                                                                                                                     comma-dangle
   10:1   error  Expected indentation of 2 spaces but found 4                                                                                                                               indent
   10:9   error  'thisArray' is never reassigned. Use 'const' instead                                                                                                                       prefer-const
   10:51  error  Identifier 'acc_principal' is not in camel case                                                                                                                            camelcase
   10:51  error  Unexpected dangling '_' in '_arr'                                                                                                                                          no-underscore-dangle
   11:1   error  Expected indentation of 2 spaces but found 4                                                                                                                               indent
   11:5   error  Unexpected var, use let or const instead                                                                                                                                   no-var
   11:9   error  Identifier 'acc_principal_string' is not in camel case                                                                                                                     camelcase
   12:1   error  Expected indentation of 2 spaces but found 4                                                                                                                               indent
   12:14  error  Identifier 'acc_principal_string' is not in camel case                                                                                                                     camelcase
   12:36  error  Identifier 'acc_id' is not in camel case                                                                                                                                   camelcase
   12:44  error  Identifier 'acc_extensible' is not in camel case                                                                                                                           camelcase
   14:1   error  Expected exception block, space or tab after '//' in comment                                                                                                               spaced-comment
   16:1   error  Expected indentation of 2 spaces but found 4                                                                                                                               indent
   17:1   error  Expected indentation of 2 spaces but found 4                                                                                                                               indent
   18:1   error  Expected indentation of 2 spaces but found 4                                                                                                                               indent
   19:1   error  Expected indentation of 2 spaces but found 4                                                                                                                               indent
   20:1   error  Expected indentation of 2 spaces but found 4                                                                                                                               indent
   20:21  error  Missing trailing comma                                                                                                                                                     comma-dangle
   22:1   error  Expected indentation of 2 spaces but found 4                                                                                                                               indent
   22:9   error  'thisArray' is never reassigned. Use 'const' instead                                                                                                                       prefer-const
   22:51  error  Unexpected dangling '_' in '_arr'                                                                                                                                          no-underscore-dangle
   23:1   error  Expected indentation of 2 spaces but found 4                                                                                                                               indent
   23:5   error  Unexpected var, use let or const instead                                                                                                                                   no-var
   23:9   error  Identifier 'canister_string' is not in camel case                                                                                                                          camelcase
   24:1   error  Expected indentation of 2 spaces but found 4                                                                                                                               indent
   24:14  error  Identifier 'canister_string' is not in camel case                                                                                                                          camelcase
   26:1   error  Expected exception block, space or tab after '//' in comment                                                                                                               spaced-comment
   28:1   error  Expected indentation of 2 spaces but found 4                                                                                                                               indent
   31:1   error  Expected indentation of 2 spaces but found 4                                                                                                                               indent
   31:5   error  Identifier 'obj_transaction' is not in camel case                                                                                                                          camelcase
   32:1   error  Expected indentation of 2 spaces but found 4                                                                                                                               indent
   33:1   error  Expected indentation of 2 spaces but found 4                                                                                                                               indent
   34:1   error  Expected indentation of 2 spaces but found 4                                                                                                                               indent
   34:5   error  Identifier 'curr_obj' is not in camel case                                                                                                                                 camelcase
   35:1   error  Expected indentation of 2 spaces but found 4                                                                                                                               indent
   35:5   error  Identifier '_transaction_type_formatted' is not in camel case                                                                                                              camelcase
   35:40  error  Missing trailing comma                                                                                                                                                     comma-dangle
   36:6   error  Block must not be padded by blank lines                                                                                                                                    padded-blocks
   37:1   error  Trailing spaces not allowed                                                                                                                                                no-trailing-spaces
   38:1   error  Expected indentation of 2 spaces but found 5                                                                                                                               indent
   38:6   error  Expected exception block, space or tab after '//' in comment                                                                                                               spaced-comment
   39:1   error  Expected indentation of 2 spaces but found 5                                                                                                                               indent
   39:6   error  Unexpected var, use let or const instead                                                                                                                                   no-var
   39:10  error  Identifier 'dep_buyer' is not in camel case                                                                                                                                camelcase
   39:22  error  Identifier 'obj_transaction' is not in camel case                                                                                                                          camelcase
   39:22  error  Unexpected dangling '_' in '_props'                                                                                                                                        no-underscore-dangle
   40:1   error  Expected indentation of 2 spaces but found 5                                                                                                                               indent
   40:6   error  Unexpected var, use let or const instead                                                                                                                                   no-var
   40:10  error  Identifier 'dep_seller' is not in camel case                                                                                                                               camelcase
   40:23  error  Identifier 'obj_transaction' is not in camel case                                                                                                                          camelcase
   40:23  error  Unexpected dangling '_' in '_props'                                                                                                                                        no-underscore-dangle
   41:1   error  Expected indentation of 2 spaces but found 5                                                                                                                               indent
   41:6   error  Expected exception block, space or tab after '//' in comment                                                                                                               spaced-comment
   42:1   error  Expected indentation of 2 spaces but found 5                                                                                                                               indent
   42:6   error  Unexpected var, use let or const instead                                                                                                                                   no-var
   42:10  error  Identifier 'buyer_principal' is not in camel case                                                                                                                          camelcase
   42:28  error  Identifier 'dep_buyer' is not in camel case                                                                                                                                camelcase
   43:1   error  Expected indentation of 2 spaces but found 5                                                                                                                               indent
   43:6   error  Unexpected var, use let or const instead                                                                                                                                   no-var
   43:10  error  Identifier 'buyer_id' is not in camel case                                                                                                                                 camelcase
   43:21  error  Identifier 'dep_buyer' is not in camel case                                                                                                                                camelcase
   44:1   error  Expected indentation of 2 spaces but found 5                                                                                                                               indent
   44:6   error  Unexpected var, use let or const instead                                                                                                                                   no-var
   44:10  error  Identifier 'buyer_ext' is not in camel case                                                                                                                                camelcase
   44:22  error  Identifier 'dep_buyer' is not in camel case                                                                                                                                camelcase
   45:1   error  Expected indentation of 2 spaces but found 5                                                                                                                               indent
   45:11  error  Identifier 'buyer_id' is not in camel case                                                                                                                                 camelcase
   46:1   error  Expected indentation of 4 spaces but found 7                                                                                                                               indent
   46:8   error  Identifier 'buyer_id' is not in camel case                                                                                                                                 camelcase
   46:19  error  Strings must use singlequote                                                                                                                                               quotes
   47:1   error  Expected indentation of 2 spaces but found 5                                                                                                                               indent
   48:1   error  Expected indentation of 2 spaces but found 5                                                                                                                               indent
   48:11  error  Identifier 'buyer_ext' is not in camel case                                                                                                                                camelcase
   49:1   error  Expected indentation of 4 spaces but found 7                                                                                                                               indent
   49:8   error  Identifier 'buyer_ext' is not in camel case                                                                                                                                camelcase
   49:20  error  Strings must use singlequote                                                                                                                                               quotes
   50:1   error  Expected indentation of 2 spaces but found 5                                                                                                                               indent
   51:1   error  Expected indentation of 2 spaces but found 5                                                                                                                               indent
   51:6   error  Expected exception block, space or tab after '//' in comment                                                                                                               spaced-comment
   52:1   error  Expected indentation of 2 spaces but found 5                                                                                                                               indent
   52:6   error  All 'var' declarations must be at the top of the function scope                                                                                                            vars-on-top
   52:6   error  Unexpected var, use let or const instead                                                                                                                                   no-var
   52:10  error  Identifier 'buyer_account' is not in camel case                                                                                                                            camelcase
   53:1   error  Expected indentation of 4 spaces but found 7                                                                                                                               indent
   54:1   error  Expected indentation of 4 spaces but found 7                                                                                                                               indent
   55:1   error  Expected indentation of 4 spaces but found 7                                                                                                                               indent
   55:17  error  Missing trailing comma                                                                                                                                                     comma-dangle
   56:1   error  Expected indentation of 2 spaces but found 5                                                                                                                               indent
   58:1   error  Expected indentation of 2 spaces but found 5                                                                                                                               indent
   58:6   error  Expected exception block, space or tab after '//' in comment                                                                                                               spaced-comment
   59:1   error  Expected indentation of 2 spaces but found 5                                                                                                                               indent
   59:6   error  All 'var' declarations must be at the top of the function scope                                                                                                            vars-on-top
   59:6   error  Unexpected var, use let or const instead                                                                                                                                   no-var
   59:10  error  Identifier 'seller_principal' is not in camel case                                                                                                                         camelcase
   59:29  error  Identifier 'dep_seller' is not in camel case                                                                                                                               camelcase
   60:1   error  Expected indentation of 2 spaces but found 5                                                                                                                               indent
   60:6   error  All 'var' declarations must be at the top of the function scope                                                                                                            vars-on-top
   60:6   error  Unexpected var, use let or const instead                                                                                                                                   no-var
   60:10  error  Identifier 'seller_id' is not in camel case                                                                                                                                camelcase
   60:22  error  Identifier 'dep_seller' is not in camel case                                                                                                                               camelcase
   61:1   error  Expected indentation of 2 spaces but found 5                                                                                                                               indent
   61:6   error  All 'var' declarations must be at the top of the function scope                                                                                                            vars-on-top
   61:6   error  Unexpected var, use let or const instead                                                                                                                                   no-var
   61:10  error  Identifier 'seller_ext' is not in camel case                                                                                                                               camelcase
   61:23  error  Identifier 'dep_seller' is not in camel case                                                                                                                               camelcase
   62:1   error  Expected indentation of 2 spaces but found 5                                                                                                                               indent
   62:11  error  Identifier 'seller_id' is not in camel case                                                                                                                                camelcase
   63:1   error  Expected indentation of 4 spaces but found 7                                                                                                                               indent
   63:8   error  Identifier 'seller_id' is not in camel case                                                                                                                                camelcase
   63:20  error  Strings must use singlequote                                                                                                                                               quotes
   64:1   error  Expected indentation of 2 spaces but found 5                                                                                                                               indent
   65:1   error  Expected indentation of 2 spaces but found 5                                                                                                                               indent
   65:11  error  Identifier 'seller_ext' is not in camel case                                                                                                                               camelcase
   66:1   error  Expected indentation of 4 spaces but found 7                                                                                                                               indent
   66:8   error  Identifier 'seller_ext' is not in camel case                                                                                                                               camelcase
   66:21  error  Strings must use singlequote                                                                                                                                               quotes
   67:1   error  Expected indentation of 2 spaces but found 5                                                                                                                               indent
   68:1   error  Expected indentation of 2 spaces but found 5                                                                                                                               indent
   68:6   error  Expected exception block, space or tab after '//' in comment                                                                                                               spaced-comment
   69:1   error  Expected indentation of 2 spaces but found 5                                                                                                                               indent
   69:6   error  All 'var' declarations must be at the top of the function scope                                                                                                            vars-on-top
   69:6   error  Unexpected var, use let or const instead                                                                                                                                   no-var
   69:10  error  Identifier 'seller_account' is not in camel case                                                                                                                           camelcase
   70:1   error  Expected indentation of 4 spaces but found 7                                                                                                                               indent
   71:1   error  Expected indentation of 4 spaces but found 7                                                                                                                               indent
   72:1   error  Expected indentation of 4 spaces but found 7                                                                                                                               indent
   72:18  error  Missing trailing comma                                                                                                                                                     comma-dangle
   73:1   error  Expected indentation of 2 spaces but found 5                                                                                                                               indent
   75:1   error  Expected indentation of 2 spaces but found 5                                                                                                                               indent
   75:6   error  Expected exception block, space or tab after '//' in comment                                                                                                               spaced-comment
   76:1   error  Expected indentation of 2 spaces but found 5                                                                                                                               indent
   76:6   error  All 'var' declarations must be at the top of the function scope                                                                                                            vars-on-top
   76:6   error  Unexpected var, use let or const instead                                                                                                                                   no-var
   76:10  error  Identifier 'dep_token' is not in camel case                                                                                                                                camelcase
   76:22  error  Identifier 'obj_transaction' is not in camel case                                                                                                                          camelcase
   76:22  error  Unexpected dangling '_' in '_props'                                                                                                                                        no-underscore-dangle
   78:1   error  Expected indentation of 2 spaces but found 5                                                                                                                               indent
   78:6   error  All 'var' declarations must be at the top of the function scope                                                                                                            vars-on-top
   78:6   error  Unexpected var, use let or const instead                                                                                                                                   no-var
   79:1   error  Expected indentation of 2 spaces but found 5                                                                                                                               indent
   79:6   error  for..in loops iterate over the entire prototype chain, which is virtually never what you want. Use Object.{keys,values,entries}, and iterate over the resulting array      no-restricted-syntax
   79:6   error  The body of a for-in should be wrapped in an if statement to filter unwanted properties from the prototype                                                                 guard-for-in
   79:25  error  Identifier 'dep_token' is not in camel case                                                                                                                                camelcase
   80:1   error  Expected indentation of 4 spaces but found 7                                                                                                                               indent
   80:8   error  All 'var' declarations must be at the top of the function scope                                                                                                            vars-on-top
   80:8   error  Unexpected var, use let or const instead                                                                                                                                   no-var
   80:12  error  Unexpected dangling '_' in '_canister'                                                                                                                                     no-underscore-dangle
   80:24  error  Identifier 'dep_token' is not in camel case                                                                                                                                camelcase
   81:1   error  Expected indentation of 4 spaces but found 7                                                                                                                               indent
   81:8   error  All 'var' declarations must be at the top of the function scope                                                                                                            vars-on-top
   81:8   error  Unexpected var, use let or const instead                                                                                                                                   no-var
   81:12  error  Unexpected dangling '_' in '_fee'                                                                                                                                          no-underscore-dangle
   81:19  error  Identifier 'dep_token' is not in camel case                                                                                                                                camelcase
   82:1   error  Expected indentation of 4 spaces but found 7                                                                                                                               indent
   82:8   error  All 'var' declarations must be at the top of the function scope                                                                                                            vars-on-top
   82:8   error  Unexpected var, use let or const instead                                                                                                                                   no-var
   82:12  error  Unexpected dangling '_' in '_symbol'                                                                                                                                       no-underscore-dangle
   82:22  error  Identifier 'dep_token' is not in camel case                                                                                                                                camelcase
   83:1   error  Expected indentation of 4 spaces but found 7                                                                                                                               indent
   83:8   error  All 'var' declarations must be at the top of the function scope                                                                                                            vars-on-top
   83:8   error  Unexpected var, use let or const instead                                                                                                                                   no-var
   83:12  error  Unexpected dangling '_' in '_decimals'                                                                                                                                     no-underscore-dangle
   83:24  error  Identifier 'dep_token' is not in camel case                                                                                                                                camelcase
   84:1   error  Expected indentation of 4 spaces but found 7                                                                                                                               indent
   84:8   error  All 'var' declarations must be at the top of the function scope                                                                                                            vars-on-top
   84:8   error  Unexpected var, use let or const instead                                                                                                                                   no-var
   84:12  error  Unexpected dangling '_' in '_standard'                                                                                                                                     no-underscore-dangle
   84:24  error  Identifier 'dep_token' is not in camel case                                                                                                                                camelcase
   86:1   error  Expected indentation of 4 spaces but found 7                                                                                                                               indent
   86:8   error  iterators/generators require regenerator-runtime, which is too heavyweight for this guide to allow them. Separately, loops should be avoided in favor of array iterations  no-restricted-syntax
   87:1   error  Expected indentation of 6 spaces but found 9                                                                                                                               indent
   87:10  error  All 'var' declarations must be at the top of the function scope                                                                                                            vars-on-top
   87:10  error  Unexpected var, use let or const instead                                                                                                                                   no-var
   87:14  error  Identifier 'token_standard' is not in camel case                                                                                                                           camelcase
   88:1   error  Expected indentation of 4 spaces but found 7                                                                                                                               indent
   89:1   error  Expected indentation of 2 spaces but found 5                                                                                                                               indent
   91:1   error  Expected indentation of 2 spaces but found 5                                                                                                                               indent
   91:6   error  All 'var' declarations must be at the top of the function scope                                                                                                            vars-on-top
   91:6   error  Unexpected var, use let or const instead                                                                                                                                   no-var
   91:10  error  Identifier 'obj_token' is not in camel case                                                                                                                                camelcase
   92:1   error  Expected indentation of 4 spaces but found 7                                                                                                                               indent
   92:8   error  '_canister' used outside of binding context                                                                                                                                block-scoped-var
   93:1   error  Expected indentation of 4 spaces but found 7                                                                                                                               indent
   93:8   error  '_fee' used outside of binding context                                                                                                                                     block-scoped-var
   94:1   error  Expected indentation of 4 spaces but found 7                                                                                                                               indent
   94:8   error  '_symbol' used outside of binding context                                                                                                                                  block-scoped-var
   95:1   error  Expected indentation of 4 spaces but found 7                                                                                                                               indent
   95:8   error  '_decimals' used outside of binding context                                                                                                                                block-scoped-var
   96:1   error  Expected indentation of 4 spaces but found 7                                                                                                                               indent
   96:8   error  'token_standard' used outside of binding context                                                                                                                           block-scoped-var
   96:22  error  Missing trailing comma                                                                                                                                                     comma-dangle
   97:1   error  Expected indentation of 2 spaces but found 5                                                                                                                               indent
   99:1   error  Expected indentation of 2 spaces but found 5                                                                                                                               indent
   99:6   error  Expected exception block, space or tab after '//' in comment                                                                                                               spaced-comment
  100:1   error  Expected indentation of 2 spaces but found 5                                                                                                                               indent
  100:6   error  All 'var' declarations must be at the top of the function scope                                                                                                            vars-on-top
  100:6   error  Unexpected var, use let or const instead                                                                                                                                   no-var
  100:10  error  Identifier 'dep_trans' is not in camel case                                                                                                                                camelcase
  100:22  error  Identifier 'obj_transaction' is not in camel case                                                                                                                          camelcase
  100:22  error  Unexpected dangling '_' in '_props'                                                                                                                                        no-underscore-dangle
  101:1   error  Expected indentation of 2 spaces but found 5                                                                                                                               indent
  101:6   error  All 'var' declarations must be at the top of the function scope                                                                                                            vars-on-top
  101:6   error  Unexpected var, use let or const instead                                                                                                                                   no-var
  101:10  error  Identifier 'trans_nat' is not in camel case                                                                                                                                camelcase
  101:22  error  Identifier 'dep_trans' is not in camel case                                                                                                                                camelcase
  102:1   error  Expected indentation of 2 spaces but found 5                                                                                                                               indent
  102:6   error  All 'var' declarations must be at the top of the function scope                                                                                                            vars-on-top
  102:6   error  Unexpected var, use let or const instead                                                                                                                                   no-var
  102:10  error  Identifier 'trans_text' is not in camel case                                                                                                                               camelcase
  102:23  error  Identifier 'dep_trans' is not in camel case                                                                                                                                camelcase
  103:1   error  Expected indentation of 2 spaces but found 5                                                                                                                               indent
  103:6   error  All 'var' declarations must be at the top of the function scope                                                                                                            vars-on-top
  103:6   error  Unexpected var, use let or const instead                                                                                                                                   no-var
  103:10  error  Identifier 'trans_ext' is not in camel case                                                                                                                                camelcase
  103:22  error  Identifier 'dep_trans' is not in camel case                                                                                                                                camelcase
  105:1   error  Expected indentation of 2 spaces but found 5                                                                                                                               indent
  105:6   error  All 'var' declarations must be at the top of the function scope                                                                                                            vars-on-top
  105:6   error  Unexpected var, use let or const instead                                                                                                                                   no-var
  105:10  error  Identifier 'dep_trx' is not in camel case                                                                                                                                  camelcase
  106:1   error  Expected indentation of 4 spaces but found 7                                                                                                                               indent
  106:14  error  Identifier 'trans_nat' is not in camel case                                                                                                                                camelcase
  107:1   error  Expected indentation of 4 spaces but found 7                                                                                                                               indent
  107:15  error  Identifier 'trans_text' is not in camel case                                                                                                                               camelcase
  108:1   error  Expected indentation of 4 spaces but found 7                                                                                                                               indent
  108:21  error  Identifier 'trans_ext' is not in camel case                                                                                                                                camelcase
  109:1   error  Expected indentation of 2 spaces but found 5                                                                                                                               indent
  111:1   error  Expected indentation of 2 spaces but found 5                                                                                                                               indent
  111:6   error  Expected exception block, space or tab after '//' in comment                                                                                                               spaced-comment
  112:1   error  Expected indentation of 2 spaces but found 5                                                                                                                               indent
  112:6   error  Expected exception block, space or tab after '//' in comment                                                                                                               spaced-comment
  113:1   error  Expected indentation of 2 spaces but found 5                                                                                                                               indent
  113:6   error  All 'var' declarations must be at the top of the function scope                                                                                                            vars-on-top
  113:6   error  Unexpected var, use let or const instead                                                                                                                                   no-var
  113:10  error  Identifier 'array_accounts' is not in camel case                                                                                                                           camelcase
  114:1   error  Expected indentation of 2 spaces but found 5                                                                                                                               indent
  114:6   error  Identifier 'array_accounts' is not in camel case                                                                                                                           camelcase
  115:1   error  Expected indentation of 4 spaces but found 7                                                                                                                               indent
  115:21  error  Identifier 'seller_principal' is not in camel case                                                                                                                         camelcase
  115:21  error  Unexpected dangling '_' in '_arr'                                                                                                                                          no-underscore-dangle
  116:1   error  Expected indentation of 4 spaces but found 7                                                                                                                               indent
  116:21  error  Identifier 'buyer_principal' is not in camel case                                                                                                                          camelcase
  116:21  error  Unexpected dangling '_' in '_arr'                                                                                                                                          no-underscore-dangle
  116:42  error  Missing trailing comma                                                                                                                                                     comma-dangle
  117:1   error  Expected indentation of 2 spaces but found 5                                                                                                                               indent
  118:1   error  Expected indentation of 2 spaces but found 5                                                                                                                               indent
  118:6   error  All 'var' declarations must be at the top of the function scope                                                                                                            vars-on-top
  118:6   error  Unexpected var, use let or const instead                                                                                                                                   no-var
  118:10  error  Identifier 'array_principals' is not in camel case                                                                                                                         camelcase
  119:1   error  Expected indentation of 2 spaces but found 5                                                                                                                               indent
  119:6   error  Identifier 'array_principals' is not in camel case                                                                                                                         camelcase
  119:28  error  Identifier 'obj_token' is not in camel case                                                                                                                                camelcase
  121:1   error  Expected indentation of 2 spaces but found 5                                                                                                                               indent
  121:6   error  Assignment to function parameter 'transactionObj'                                                                                                                          no-param-reassign
  122:1   error  Expected indentation of 4 spaces but found 7                                                                                                                               indent
  122:21  error  Identifier 'curr_obj' is not in camel case                                                                                                                                 camelcase
  123:1   error  Expected indentation of 4 spaces but found 7                                                                                                                               indent
  123:18  error  Identifier 'curr_obj' is not in camel case                                                                                                                                 camelcase
  124:1   error  Expected indentation of 4 spaces but found 7                                                                                                                               indent
  124:18  error  Identifier '_transaction_type_formatted' is not in camel case                                                                                                              camelcase
  125:1   error  Expected indentation of 4 spaces but found 7                                                                                                                               indent
  125:17  error  Strings must use singlequote                                                                                                                                               quotes
  126:1   error  Expected indentation of 4 spaces but found 7                                                                                                                               indent
  127:1   error  Expected indentation of 4 spaces but found 7                                                                                                                               indent
  128:1   error  Expected indentation of 4 spaces but found 7                                                                                                                               indent
  128:15  error  Identifier 'obj_token' is not in camel case                                                                                                                                camelcase
  129:1   error  Expected indentation of 4 spaces but found 7                                                                                                                               indent
  129:15  error  Identifier 'buyer_account' is not in camel case                                                                                                                            camelcase
  130:1   error  Expected indentation of 4 spaces but found 7                                                                                                                               indent
  130:16  error  Identifier 'seller_account' is not in camel case                                                                                                                           camelcase
  131:1   error  Expected indentation of 4 spaces but found 7                                                                                                                               indent
  131:16  error  Identifier 'obj_transaction' is not in camel case                                                                                                                          camelcase
  131:16  error  Unexpected dangling '_' in '_props'                                                                                                                                        no-underscore-dangle
  132:1   error  Expected indentation of 4 spaces but found 7                                                                                                                               indent
  132:13  error  Identifier 'obj_transaction' is not in camel case                                                                                                                          camelcase
  132:13  error  Unexpected dangling '_' in '_props'                                                                                                                                        no-underscore-dangle
  133:1   error  Expected indentation of 4 spaces but found 7                                                                                                                               indent
  133:16  error  Identifier 'dep_trx' is not in camel case                                                                                                                                  camelcase
  134:1   error  Expected indentation of 2 spaces but found 5                                                                                                                               indent
  135:1   error  Expected indentation of 2 spaces but found 0                                                                                                                               indent
  137:1   error  Expected indentation of 2 spaces but found 0                                                                                                                               indent
  137:2   error  Missing semicolon                                                                                                                                                          semi
  140:30  error  Newline required at end of file but not found                                                                                                                              eol-last

/Users/maria/git/ORIGYN/dapps-monorepo-lerna/packages/features/components/src/TransactionsTable/functions/EscrowWithdraw.tsx
    1:27  error  Strings must use singlequote                                                                                                                                               quotes
    2:10  error  'formatTime' is defined but never used                                                                                                                                     @typescript-eslint/no-unused-vars
    2:75  error  Strings must use singlequote                                                                                                                                               quotes
    2:88  error  Missing semicolon                                                                                                                                                          semi
    4:1   error  Expected exception block, space or tab after '//' in comment                                                                                                               spaced-comment
    6:1   error  Expected indentation of 2 spaces but found 4                                                                                                                               indent
    6:5   error  Identifier 'acc_principal' is not in camel case                                                                                                                            camelcase
    7:1   error  Expected indentation of 2 spaces but found 4                                                                                                                               indent
    7:5   error  Identifier 'acc_id' is not in camel case                                                                                                                                   camelcase
    8:1   error  Expected indentation of 2 spaces but found 4                                                                                                                               indent
    8:5   error  Identifier 'acc_extensible' is not in camel case                                                                                                                           camelcase
    8:27  error  Missing trailing comma                                                                                                                                                     comma-dangle
   10:1   error  Expected indentation of 2 spaces but found 4                                                                                                                               indent
   10:9   error  'thisArray' is never reassigned. Use 'const' instead                                                                                                                       prefer-const
   10:51  error  Identifier 'acc_principal' is not in camel case                                                                                                                            camelcase
   10:51  error  Unexpected dangling '_' in '_arr'                                                                                                                                          no-underscore-dangle
   11:1   error  Expected indentation of 2 spaces but found 4                                                                                                                               indent
   11:5   error  Unexpected var, use let or const instead                                                                                                                                   no-var
   11:9   error  Identifier 'acc_principal_string' is not in camel case                                                                                                                     camelcase
   12:1   error  Expected indentation of 2 spaces but found 4                                                                                                                               indent
   12:14  error  Identifier 'acc_principal_string' is not in camel case                                                                                                                     camelcase
   12:36  error  Identifier 'acc_id' is not in camel case                                                                                                                                   camelcase
   12:44  error  Identifier 'acc_extensible' is not in camel case                                                                                                                           camelcase
   14:1   error  Expected exception block, space or tab after '//' in comment                                                                                                               spaced-comment
   16:1   error  Expected indentation of 2 spaces but found 4                                                                                                                               indent
   17:1   error  Expected indentation of 2 spaces but found 4                                                                                                                               indent
   18:1   error  Expected indentation of 2 spaces but found 4                                                                                                                               indent
   19:1   error  Expected indentation of 2 spaces but found 4                                                                                                                               indent
   20:1   error  Expected indentation of 2 spaces but found 4                                                                                                                               indent
   20:21  error  Missing trailing comma                                                                                                                                                     comma-dangle
   22:1   error  Expected indentation of 2 spaces but found 4                                                                                                                               indent
   22:9   error  'thisArray' is never reassigned. Use 'const' instead                                                                                                                       prefer-const
   22:51  error  Unexpected dangling '_' in '_arr'                                                                                                                                          no-underscore-dangle
   23:1   error  Expected indentation of 2 spaces but found 4                                                                                                                               indent
   23:5   error  Unexpected var, use let or const instead                                                                                                                                   no-var
   23:9   error  Identifier 'canister_string' is not in camel case                                                                                                                          camelcase
   24:1   error  Expected indentation of 2 spaces but found 4                                                                                                                               indent
   24:14  error  Identifier 'canister_string' is not in camel case                                                                                                                          camelcase
   26:1   error  Expected exception block, space or tab after '//' in comment                                                                                                               spaced-comment
   28:1   error  Expected indentation of 2 spaces but found 4                                                                                                                               indent
   31:1   error  Expected indentation of 2 spaces but found 4                                                                                                                               indent
   31:5   error  Identifier 'obj_transaction' is not in camel case                                                                                                                          camelcase
   32:1   error  Expected indentation of 2 spaces but found 4                                                                                                                               indent
   33:1   error  Expected indentation of 2 spaces but found 4                                                                                                                               indent
   34:1   error  Expected indentation of 2 spaces but found 4                                                                                                                               indent
   34:5   error  Identifier 'curr_obj' is not in camel case                                                                                                                                 camelcase
   35:1   error  Expected indentation of 2 spaces but found 4                                                                                                                               indent
   35:5   error  Identifier '_transaction_type_formatted' is not in camel case                                                                                                              camelcase
   35:40  error  Missing trailing comma                                                                                                                                                     comma-dangle
   37:3   error  Expected exception block, space or tab after '//' in comment                                                                                                               spaced-comment
   38:3   error  Unexpected var, use let or const instead                                                                                                                                   no-var
   38:7   error  Identifier 'wit_buyer' is not in camel case                                                                                                                                camelcase
   38:19  error  Identifier 'obj_transaction' is not in camel case                                                                                                                          camelcase
   38:19  error  Unexpected dangling '_' in '_props'                                                                                                                                        no-underscore-dangle
   39:3   error  Unexpected var, use let or const instead                                                                                                                                   no-var
   39:7   error  Identifier 'wit_seller' is not in camel case                                                                                                                               camelcase
   39:20  error  Identifier 'obj_transaction' is not in camel case                                                                                                                          camelcase
   39:20  error  Unexpected dangling '_' in '_props'                                                                                                                                        no-underscore-dangle
   40:3   error  Expected exception block, space or tab after '//' in comment                                                                                                               spaced-comment
   41:3   error  Unexpected var, use let or const instead                                                                                                                                   no-var
   41:7   error  Identifier 'buyer_principal' is not in camel case                                                                                                                          camelcase
   41:25  error  Identifier 'wit_buyer' is not in camel case                                                                                                                                camelcase
   42:3   error  Unexpected var, use let or const instead                                                                                                                                   no-var
   42:7   error  Identifier 'buyer_id' is not in camel case                                                                                                                                 camelcase
   42:18  error  Identifier 'wit_buyer' is not in camel case                                                                                                                                camelcase
   43:3   error  Unexpected var, use let or const instead                                                                                                                                   no-var
   43:7   error  Identifier 'buyer_ext' is not in camel case                                                                                                                                camelcase
   43:19  error  Identifier 'wit_buyer' is not in camel case                                                                                                                                camelcase
   44:8   error  Identifier 'buyer_id' is not in camel case                                                                                                                                 camelcase
   45:5   error  Identifier 'buyer_id' is not in camel case                                                                                                                                 camelcase
   45:16  error  Strings must use singlequote                                                                                                                                               quotes
   47:8   error  Identifier 'buyer_ext' is not in camel case                                                                                                                                camelcase
   48:5   error  Identifier 'buyer_ext' is not in camel case                                                                                                                                camelcase
   48:17  error  Strings must use singlequote                                                                                                                                               quotes
   50:3   error  Expected exception block, space or tab after '//' in comment                                                                                                               spaced-comment
   51:3   error  All 'var' declarations must be at the top of the function scope                                                                                                            vars-on-top
   51:3   error  Unexpected var, use let or const instead                                                                                                                                   no-var
   51:7   error  Identifier 'buyer_account' is not in camel case                                                                                                                            camelcase
   54:14  error  Missing trailing comma                                                                                                                                                     comma-dangle
   57:3   error  Expected exception block, space or tab after '//' in comment                                                                                                               spaced-comment
   58:3   error  All 'var' declarations must be at the top of the function scope                                                                                                            vars-on-top
   58:3   error  Unexpected var, use let or const instead                                                                                                                                   no-var
   58:7   error  Identifier 'seller_principal' is not in camel case                                                                                                                         camelcase
   58:26  error  Identifier 'wit_seller' is not in camel case                                                                                                                               camelcase
   59:3   error  All 'var' declarations must be at the top of the function scope                                                                                                            vars-on-top
   59:3   error  Unexpected var, use let or const instead                                                                                                                                   no-var
   59:7   error  Identifier 'seller_id' is not in camel case                                                                                                                                camelcase
   59:19  error  Identifier 'wit_seller' is not in camel case                                                                                                                               camelcase
   60:3   error  All 'var' declarations must be at the top of the function scope                                                                                                            vars-on-top
   60:3   error  Unexpected var, use let or const instead                                                                                                                                   no-var
   60:7   error  Identifier 'seller_ext' is not in camel case                                                                                                                               camelcase
   60:20  error  Identifier 'wit_seller' is not in camel case                                                                                                                               camelcase
   61:8   error  Identifier 'seller_id' is not in camel case                                                                                                                                camelcase
   62:5   error  Identifier 'seller_id' is not in camel case                                                                                                                                camelcase
   62:17  error  Strings must use singlequote                                                                                                                                               quotes
   64:8   error  Identifier 'seller_ext' is not in camel case                                                                                                                               camelcase
   65:5   error  Identifier 'seller_ext' is not in camel case                                                                                                                               camelcase
   65:18  error  Strings must use singlequote                                                                                                                                               quotes
   67:3   error  Expected exception block, space or tab after '//' in comment                                                                                                               spaced-comment
   68:3   error  All 'var' declarations must be at the top of the function scope                                                                                                            vars-on-top
   68:3   error  Unexpected var, use let or const instead                                                                                                                                   no-var
   68:7   error  Identifier 'seller_account' is not in camel case                                                                                                                           camelcase
   71:15  error  Missing trailing comma                                                                                                                                                     comma-dangle
   74:3   error  Expected exception block, space or tab after '//' in comment                                                                                                               spaced-comment
   75:3   error  All 'var' declarations must be at the top of the function scope                                                                                                            vars-on-top
   75:3   error  Unexpected var, use let or const instead                                                                                                                                   no-var
   75:7   error  Identifier 'wit_token' is not in camel case                                                                                                                                camelcase
   75:19  error  Identifier 'obj_transaction' is not in camel case                                                                                                                          camelcase
   75:19  error  Unexpected dangling '_' in '_props'                                                                                                                                        no-underscore-dangle
   77:3   error  All 'var' declarations must be at the top of the function scope                                                                                                            vars-on-top
   77:3   error  Unexpected var, use let or const instead                                                                                                                                   no-var
   78:3   error  for..in loops iterate over the entire prototype chain, which is virtually never what you want. Use Object.{keys,values,entries}, and iterate over the resulting array      no-restricted-syntax
   78:3   error  The body of a for-in should be wrapped in an if statement to filter unwanted properties from the prototype                                                                 guard-for-in
   78:22  error  Identifier 'wit_token' is not in camel case                                                                                                                                camelcase
   79:5   error  All 'var' declarations must be at the top of the function scope                                                                                                            vars-on-top
   79:5   error  Unexpected var, use let or const instead                                                                                                                                   no-var
   79:9   error  Unexpected dangling '_' in '_canister'                                                                                                                                     no-underscore-dangle
   79:21  error  Identifier 'wit_token' is not in camel case                                                                                                                                camelcase
   80:5   error  All 'var' declarations must be at the top of the function scope                                                                                                            vars-on-top
   80:5   error  Unexpected var, use let or const instead                                                                                                                                   no-var
   80:9   error  Unexpected dangling '_' in '_fee'                                                                                                                                          no-underscore-dangle
   80:16  error  Identifier 'wit_token' is not in camel case                                                                                                                                camelcase
   81:5   error  All 'var' declarations must be at the top of the function scope                                                                                                            vars-on-top
   81:5   error  Unexpected var, use let or const instead                                                                                                                                   no-var
   81:9   error  Unexpected dangling '_' in '_symbol'                                                                                                                                       no-underscore-dangle
   81:19  error  Identifier 'wit_token' is not in camel case                                                                                                                                camelcase
   82:5   error  All 'var' declarations must be at the top of the function scope                                                                                                            vars-on-top
   82:5   error  Unexpected var, use let or const instead                                                                                                                                   no-var
   82:9   error  Unexpected dangling '_' in '_decimals'                                                                                                                                     no-underscore-dangle
   82:21  error  Identifier 'wit_token' is not in camel case                                                                                                                                camelcase
   83:5   error  All 'var' declarations must be at the top of the function scope                                                                                                            vars-on-top
   83:5   error  Unexpected var, use let or const instead                                                                                                                                   no-var
   83:9   error  Unexpected dangling '_' in '_standard'                                                                                                                                     no-underscore-dangle
   83:21  error  Identifier 'wit_token' is not in camel case                                                                                                                                camelcase
   85:5   error  iterators/generators require regenerator-runtime, which is too heavyweight for this guide to allow them. Separately, loops should be avoided in favor of array iterations  no-restricted-syntax
   86:7   error  All 'var' declarations must be at the top of the function scope                                                                                                            vars-on-top
   86:7   error  Unexpected var, use let or const instead                                                                                                                                   no-var
   86:11  error  Identifier 'token_standard' is not in camel case                                                                                                                           camelcase
   90:3   error  All 'var' declarations must be at the top of the function scope                                                                                                            vars-on-top
   90:3   error  Unexpected var, use let or const instead                                                                                                                                   no-var
   90:7   error  Identifier 'obj_token' is not in camel case                                                                                                                                camelcase
   91:5   error  '_canister' used outside of binding context                                                                                                                                block-scoped-var
   92:5   error  '_fee' used outside of binding context                                                                                                                                     block-scoped-var
   93:5   error  '_symbol' used outside of binding context                                                                                                                                  block-scoped-var
   94:5   error  '_decimals' used outside of binding context                                                                                                                                block-scoped-var
   95:5   error  'token_standard' used outside of binding context                                                                                                                           block-scoped-var
   95:19  error  Missing trailing comma                                                                                                                                                     comma-dangle
   98:3   error  Expected exception block, space or tab after '//' in comment                                                                                                               spaced-comment
   99:3   error  All 'var' declarations must be at the top of the function scope                                                                                                            vars-on-top
   99:3   error  Unexpected var, use let or const instead                                                                                                                                   no-var
   99:7   error  Identifier 'wit_trans' is not in camel case                                                                                                                                camelcase
   99:19  error  Identifier 'obj_transaction' is not in camel case                                                                                                                          camelcase
   99:19  error  Unexpected dangling '_' in '_props'                                                                                                                                        no-underscore-dangle
  100:3   error  All 'var' declarations must be at the top of the function scope                                                                                                            vars-on-top
  100:3   error  Unexpected var, use let or const instead                                                                                                                                   no-var
  100:7   error  Identifier 'trans_nat' is not in camel case                                                                                                                                camelcase
  100:19  error  Identifier 'wit_trans' is not in camel case                                                                                                                                camelcase
  101:3   error  All 'var' declarations must be at the top of the function scope                                                                                                            vars-on-top
  101:3   error  Unexpected var, use let or const instead                                                                                                                                   no-var
  101:7   error  Identifier 'trans_text' is not in camel case                                                                                                                               camelcase
  101:20  error  Identifier 'wit_trans' is not in camel case                                                                                                                                camelcase
  102:3   error  All 'var' declarations must be at the top of the function scope                                                                                                            vars-on-top
  102:3   error  Unexpected var, use let or const instead                                                                                                                                   no-var
  102:7   error  Identifier 'trans_ext' is not in camel case                                                                                                                                camelcase
  102:19  error  Identifier 'wit_trans' is not in camel case                                                                                                                                camelcase
  104:3   error  All 'var' declarations must be at the top of the function scope                                                                                                            vars-on-top
  104:3   error  Unexpected var, use let or const instead                                                                                                                                   no-var
  104:7   error  Identifier 'wit_trx' is not in camel case                                                                                                                                  camelcase
  105:11  error  Identifier 'trans_nat' is not in camel case                                                                                                                                camelcase
  106:12  error  Identifier 'trans_text' is not in camel case                                                                                                                               camelcase
  107:18  error  Identifier 'trans_ext' is not in camel case                                                                                                                                camelcase
  112:3   error  Expected exception block, space or tab after '//' in comment                                                                                                               spaced-comment
  113:3   error  Expected exception block, space or tab after '//' in comment                                                                                                               spaced-comment
  114:3   error  All 'var' declarations must be at the top of the function scope                                                                                                            vars-on-top
  114:3   error  Unexpected var, use let or const instead                                                                                                                                   no-var
  114:7   error  Identifier 'array_accounts' is not in camel case                                                                                                                           camelcase
  115:3   error  Identifier 'array_accounts' is not in camel case                                                                                                                           camelcase
  116:18  error  Identifier 'buyer_principal' is not in camel case                                                                                                                          camelcase
  116:18  error  Unexpected dangling '_' in '_arr'                                                                                                                                          no-underscore-dangle
  117:18  error  Identifier 'seller_principal' is not in camel case                                                                                                                         camelcase
  117:18  error  Unexpected dangling '_' in '_arr'                                                                                                                                          no-underscore-dangle
  117:40  error  Missing trailing comma                                                                                                                                                     comma-dangle
  119:3   error  All 'var' declarations must be at the top of the function scope                                                                                                            vars-on-top
  119:3   error  Unexpected var, use let or const instead                                                                                                                                   no-var
  119:7   error  Identifier 'array_principals' is not in camel case                                                                                                                         camelcase
  120:3   error  Identifier 'array_principals' is not in camel case                                                                                                                         camelcase
  120:25  error  Identifier 'obj_token' is not in camel case                                                                                                                                camelcase
  122:3   error  Assignment to function parameter 'transactionObj'                                                                                                                          no-param-reassign
  123:18  error  Identifier 'curr_obj' is not in camel case                                                                                                                                 camelcase
  124:15  error  Identifier 'curr_obj' is not in camel case                                                                                                                                 camelcase
  125:15  error  Identifier '_transaction_type_formatted' is not in camel case                                                                                                              camelcase
  126:14  error  Strings must use singlequote                                                                                                                                               quotes
  129:12  error  Identifier 'obj_token' is not in camel case                                                                                                                                camelcase
  130:12  error  Identifier 'buyer_account' is not in camel case                                                                                                                            camelcase
  131:13  error  Identifier 'seller_account' is not in camel case                                                                                                                           camelcase
  132:13  error  Identifier 'obj_transaction' is not in camel case                                                                                                                          camelcase
  132:13  error  Unexpected dangling '_' in '_props'                                                                                                                                        no-underscore-dangle
  133:10  error  Identifier 'obj_transaction' is not in camel case                                                                                                                          camelcase
  133:10  error  Unexpected dangling '_' in '_props'                                                                                                                                        no-underscore-dangle
  134:13  error  Identifier 'wit_trx' is not in camel case                                                                                                                                  camelcase
  136:1   error  Expected indentation of 2 spaces but found 0                                                                                                                               indent
  138:1   error  Expected indentation of 2 spaces but found 0                                                                                                                               indent
  138:2   error  Missing semicolon                                                                                                                                                          semi
  141:31  error  Newline required at end of file but not found                                                                                                                              eol-last

/Users/maria/git/ORIGYN/dapps-monorepo-lerna/packages/features/components/src/TransactionsTable/functions/Mint.tsx
    1:27  error  Strings must use singlequote                                                                                                                                               quotes
    2:50  error  Strings must use singlequote                                                                                                                                               quotes
    4:1   error  Expected exception block, space or tab after '//' in comment                                                                                                               spaced-comment
    6:1   error  Expected indentation of 2 spaces but found 4                                                                                                                               indent
    7:1   error  Expected indentation of 2 spaces but found 4                                                                                                                               indent
    8:1   error  Expected indentation of 2 spaces but found 4                                                                                                                               indent
    9:1   error  Expected indentation of 2 spaces but found 4                                                                                                                               indent
   10:1   error  Expected indentation of 2 spaces but found 4                                                                                                                               indent
   10:21  error  Missing trailing comma                                                                                                                                                     comma-dangle
   12:1   error  Expected indentation of 2 spaces but found 4                                                                                                                               indent
   12:9   error  'thisArray' is never reassigned. Use 'const' instead                                                                                                                       prefer-const
   12:51  error  Unexpected dangling '_' in '_arr'                                                                                                                                          no-underscore-dangle
   13:1   error  Expected indentation of 2 spaces but found 4                                                                                                                               indent
   13:5   error  Unexpected var, use let or const instead                                                                                                                                   no-var
   13:9   error  Identifier 'canister_string' is not in camel case                                                                                                                          camelcase
   14:1   error  Expected indentation of 2 spaces but found 4                                                                                                                               indent
   14:14  error  Identifier 'canister_string' is not in camel case                                                                                                                          camelcase
   16:1   error  Expected exception block, space or tab after '//' in comment                                                                                                               spaced-comment
   18:1   error  Expected indentation of 2 spaces but found 4                                                                                                                               indent
   18:9   error  'thisArray' is never reassigned. Use 'const' instead                                                                                                                       prefer-const
   18:51  error  Unexpected dangling '_' in '_arr'                                                                                                                                          no-underscore-dangle
   19:1   error  Expected indentation of 2 spaces but found 4                                                                                                                               indent
   19:5   error  Unexpected var, use let or const instead                                                                                                                                   no-var
   19:9   error  Identifier 'acc_principal_string' is not in camel case                                                                                                                     camelcase
   20:1   error  Expected indentation of 2 spaces but found 4                                                                                                                               indent
   20:12  error  Identifier 'acc_principal_string' is not in camel case                                                                                                                     camelcase
   23:1   error  Expected exception block, space or tab after '//' in comment                                                                                                               spaced-comment
   25:1   error  Expected indentation of 2 spaces but found 4                                                                                                                               indent
   29:1   error  Expected indentation of 2 spaces but found 4                                                                                                                               indent
   29:5   error  Identifier 'obj_transaction' is not in camel case                                                                                                                          camelcase
   30:1   error  Expected indentation of 2 spaces but found 4                                                                                                                               indent
   31:1   error  Expected indentation of 2 spaces but found 4                                                                                                                               indent
   32:1   error  Expected indentation of 2 spaces but found 4                                                                                                                               indent
   32:5   error  Identifier 'curr_obj' is not in camel case                                                                                                                                 camelcase
   33:1   error  Expected indentation of 2 spaces but found 4                                                                                                                               indent
   33:5   error  Identifier '_transaction_type_formatted' is not in camel case                                                                                                              camelcase
   33:39  error  Missing trailing comma                                                                                                                                                     comma-dangle
   34:6   error  Block must not be padded by blank lines                                                                                                                                    padded-blocks
   36:1   error  Expected indentation of 2 spaces but found 4                                                                                                                               indent
   36:5   error  Unexpected var, use let or const instead                                                                                                                                   no-var
   36:24  error  Strings must use singlequote                                                                                                                                               quotes
   38:1   error  Expected indentation of 2 spaces but found 4                                                                                                                               indent
   38:5   error  Unexpected var, use let or const instead                                                                                                                                   no-var
   38:9   error  Identifier 'array8uint_from' is not in camel case                                                                                                                          camelcase
   38:27  error  Identifier 'obj_transaction' is not in camel case                                                                                                                          camelcase
   38:27  error  Unexpected dangling '_' in '_props'                                                                                                                                        no-underscore-dangle
   39:1   error  Expected indentation of 2 spaces but found 4                                                                                                                               indent
   39:5   error  Unexpected var, use let or const instead                                                                                                                                   no-var
   39:9   error  Identifier 'mint_from' is not in camel case                                                                                                                                camelcase
   41:1   error  Expected indentation of 2 spaces but found 4                                                                                                                               indent
   41:5   error  Unexpected var, use let or const instead                                                                                                                                   no-var
   41:9   error  Identifier 'array8uint_to' is not in camel case                                                                                                                            camelcase
   41:25  error  Identifier 'obj_transaction' is not in camel case                                                                                                                          camelcase
   41:25  error  Unexpected dangling '_' in '_props'                                                                                                                                        no-underscore-dangle
   42:1   error  Expected indentation of 2 spaces but found 4                                                                                                                               indent
   42:5   error  Unexpected var, use let or const instead                                                                                                                                   no-var
   42:9   error  Identifier 'mint_to' is not in camel case                                                                                                                                  camelcase
   44:1   error  Expected indentation of 2 spaces but found 4                                                                                                                               indent
   44:5   error  Unexpected var, use let or const instead                                                                                                                                   no-var
   44:9   error  Identifier 'mint_sale' is not in camel case                                                                                                                                camelcase
   44:21  error  Identifier 'obj_transaction' is not in camel case                                                                                                                          camelcase
   44:21  error  Unexpected dangling '_' in '_props'                                                                                                                                        no-underscore-dangle
   46:1   error  Expected indentation of 2 spaces but found 4                                                                                                                               indent
   46:5   error  Unexpected var, use let or const instead                                                                                                                                   no-var
   46:9   error  Identifier 'token_obj' is not in camel case                                                                                                                                camelcase
   46:21  error  Identifier 'mint_sale' is not in camel case                                                                                                                                camelcase
   48:1   error  Expected indentation of 2 spaces but found 4                                                                                                                               indent
   48:9   error  Identifier 'sale_obj' is not in camel case                                                                                                                                 camelcase
   50:1   error  Expected indentation of 2 spaces but found 4                                                                                                                               indent
   50:10  error  Identifier 'token_obj' is not in camel case                                                                                                                                camelcase
   51:1   error  Expected indentation of 4 spaces but found 8                                                                                                                               indent
   51:9   error  Identifier 'sale_obj' is not in camel case                                                                                                                                 camelcase
   52:1   error  Expected indentation of 6 spaces but found 12                                                                                                                              indent
   52:20  error  Strings must use singlequote                                                                                                                                               quotes
   53:1   error  Expected indentation of 6 spaces but found 12                                                                                                                              indent
   53:21  error  Strings must use singlequote                                                                                                                                               quotes
   54:1   error  Expected indentation of 4 spaces but found 8                                                                                                                               indent
   55:1   error  Expected indentation of 2 spaces but found 4                                                                                                                               indent
   56:1   error  Expected indentation of 4 spaces but found 8                                                                                                                               indent
   56:9   error  All 'var' declarations must be at the top of the function scope                                                                                                            vars-on-top
   56:9   error  Unexpected var, use let or const instead                                                                                                                                   no-var
   57:1   error  Expected indentation of 4 spaces but found 8                                                                                                                               indent
   57:9   error  for..in loops iterate over the entire prototype chain, which is virtually never what you want. Use Object.{keys,values,entries}, and iterate over the resulting array      no-restricted-syntax
   57:9   error  The body of a for-in should be wrapped in an if statement to filter unwanted properties from the prototype                                                                 guard-for-in
   57:28  error  Identifier 'token_obj' is not in camel case                                                                                                                                camelcase
   58:1   error  Expected indentation of 6 spaces but found 12                                                                                                                              indent
   58:13  error  All 'var' declarations must be at the top of the function scope                                                                                                            vars-on-top
   58:13  error  Unexpected var, use let or const instead                                                                                                                                   no-var
   58:17  error  Unexpected dangling '_' in '_canister'                                                                                                                                     no-underscore-dangle
   58:29  error  Identifier 'token_obj' is not in camel case                                                                                                                                camelcase
   59:1   error  Expected indentation of 6 spaces but found 12                                                                                                                              indent
   59:13  error  All 'var' declarations must be at the top of the function scope                                                                                                            vars-on-top
   59:13  error  Unexpected var, use let or const instead                                                                                                                                   no-var
   59:17  error  Unexpected dangling '_' in '_fee'                                                                                                                                          no-underscore-dangle
   59:24  error  Identifier 'token_obj' is not in camel case                                                                                                                                camelcase
   60:1   error  Expected indentation of 6 spaces but found 12                                                                                                                              indent
   60:13  error  All 'var' declarations must be at the top of the function scope                                                                                                            vars-on-top
   60:13  error  Unexpected var, use let or const instead                                                                                                                                   no-var
   60:17  error  Unexpected dangling '_' in '_symbol'                                                                                                                                       no-underscore-dangle
   60:27  error  Identifier 'token_obj' is not in camel case                                                                                                                                camelcase
   61:1   error  Expected indentation of 6 spaces but found 12                                                                                                                              indent
   61:13  error  All 'var' declarations must be at the top of the function scope                                                                                                            vars-on-top
   61:13  error  Unexpected var, use let or const instead                                                                                                                                   no-var
   61:17  error  Unexpected dangling '_' in '_decimals'                                                                                                                                     no-underscore-dangle
   61:29  error  Identifier 'token_obj' is not in camel case                                                                                                                                camelcase
   62:1   error  Expected indentation of 6 spaces but found 12                                                                                                                              indent
   62:13  error  All 'var' declarations must be at the top of the function scope                                                                                                            vars-on-top
   62:13  error  Unexpected var, use let or const instead                                                                                                                                   no-var
   62:17  error  Unexpected dangling '_' in '_standard'                                                                                                                                     no-underscore-dangle
   62:29  error  Identifier 'token_obj' is not in camel case                                                                                                                                camelcase
   64:1   error  Expected indentation of 6 spaces but found 12                                                                                                                              indent
   64:13  error  iterators/generators require regenerator-runtime, which is too heavyweight for this guide to allow them. Separately, loops should be avoided in favor of array iterations  no-restricted-syntax
   65:1   error  Expected indentation of 8 spaces but found 16                                                                                                                              indent
   65:17  error  All 'var' declarations must be at the top of the function scope                                                                                                            vars-on-top
   65:17  error  Unexpected var, use let or const instead                                                                                                                                   no-var
   65:21  error  Identifier 'token_standard' is not in camel case                                                                                                                           camelcase
   66:1   error  Expected indentation of 6 spaces but found 12                                                                                                                              indent
   67:1   error  Expected indentation of 4 spaces but found 8                                                                                                                               indent
   68:1   error  Expected indentation of 4 spaces but found 8                                                                                                                               indent
   68:9   error  All 'var' declarations must be at the top of the function scope                                                                                                            vars-on-top
   68:9   error  Unexpected var, use let or const instead                                                                                                                                   no-var
   68:13  error  Identifier 'obj_token' is not in camel case                                                                                                                                camelcase
   69:1   error  Expected indentation of 6 spaces but found 12                                                                                                                              indent
   69:13  error  '_canister' used outside of binding context                                                                                                                                block-scoped-var
   70:1   error  Expected indentation of 6 spaces but found 12                                                                                                                              indent
   70:13  error  '_fee' used outside of binding context                                                                                                                                     block-scoped-var
   71:1   error  Expected indentation of 6 spaces but found 12                                                                                                                              indent
   71:13  error  '_symbol' used outside of binding context                                                                                                                                  block-scoped-var
   72:1   error  Expected indentation of 6 spaces but found 12                                                                                                                              indent
   72:13  error  '_decimals' used outside of binding context                                                                                                                                block-scoped-var
   73:1   error  Expected indentation of 6 spaces but found 12                                                                                                                              indent
   73:13  error  'token_standard' used outside of binding context                                                                                                                           block-scoped-var
   73:27  error  Missing trailing comma                                                                                                                                                     comma-dangle
   74:1   error  Expected indentation of 4 spaces but found 8                                                                                                                               indent
   75:1   error  Expected indentation of 4 spaces but found 8                                                                                                                               indent
   75:9   error  Identifier 'sale_obj' is not in camel case                                                                                                                                 camelcase
   76:1   error  Expected indentation of 6 spaces but found 12                                                                                                                              indent
   76:20  error  Identifier 'obj_token' is not in camel case                                                                                                                                camelcase
   77:1   error  Expected indentation of 6 spaces but found 12                                                                                                                              indent
   77:21  error  Identifier 'mint_sale' is not in camel case                                                                                                                                camelcase
   78:1   error  Expected indentation of 4 spaces but found 8                                                                                                                               indent
   79:1   error  Expected indentation of 2 spaces but found 4                                                                                                                               indent
   80:1   error  Expected indentation of 2 spaces but found 4                                                                                                                               indent
   80:5   error  Expected exception block, space or tab after '//' in comment                                                                                                               spaced-comment
   81:1   error  Expected indentation of 2 spaces but found 4                                                                                                                               indent
   81:5   error  Expected exception block, space or tab after '//' in comment                                                                                                               spaced-comment
   82:1   error  Expected indentation of 2 spaces but found 4                                                                                                                               indent
   82:5   error  All 'var' declarations must be at the top of the function scope                                                                                                            vars-on-top
   82:5   error  Unexpected var, use let or const instead                                                                                                                                   no-var
   82:9   error  Identifier 'array_accounts' is not in camel case                                                                                                                           camelcase
   83:1   error  Expected indentation of 2 spaces but found 4                                                                                                                               indent
   83:5   error  Identifier 'array_accounts' is not in camel case                                                                                                                           camelcase
   84:1   error  Expected indentation of 4 spaces but found 8                                                                                                                               indent
   84:22  error  Identifier 'array8uint_from' is not in camel case                                                                                                                          camelcase
   84:22  error  Unexpected dangling '_' in '_arr'                                                                                                                                          no-underscore-dangle
   85:1   error  Expected indentation of 4 spaces but found 8                                                                                                                               indent
   85:22  error  Identifier 'array8uint_to' is not in camel case                                                                                                                            camelcase
   85:22  error  Unexpected dangling '_' in '_arr'                                                                                                                                          no-underscore-dangle
   85:51  error  Missing trailing comma                                                                                                                                                     comma-dangle
   86:1   error  Expected indentation of 2 spaces but found 4                                                                                                                               indent
   87:1   error  Expected indentation of 2 spaces but found 4                                                                                                                               indent
   87:5   error  All 'var' declarations must be at the top of the function scope                                                                                                            vars-on-top
   87:5   error  Unexpected var, use let or const instead                                                                                                                                   no-var
   87:9   error  Identifier 'array_principals' is not in camel case                                                                                                                         camelcase
   88:1   error  Expected indentation of 2 spaces but found 4                                                                                                                               indent
   88:5   error  Identifier 'array_principals' is not in camel case                                                                                                                         camelcase
   89:1   error  Expected indentation of 2 spaces but found 4                                                                                                                               indent
   89:5   error  Assignment to function parameter 'transactionObj'                                                                                                                          no-param-reassign
   90:1   error  Expected indentation of 4 spaces but found 8                                                                                                                               indent
   90:22  error  Identifier 'curr_obj' is not in camel case                                                                                                                                 camelcase
   91:1   error  Expected indentation of 4 spaces but found 8                                                                                                                               indent
   91:19  error  Identifier 'curr_obj' is not in camel case                                                                                                                                 camelcase
   92:1   error  Expected indentation of 4 spaces but found 8                                                                                                                               indent
   92:19  error  Identifier '_transaction_type_formatted' is not in camel case                                                                                                              camelcase
   93:1   error  Expected indentation of 4 spaces but found 8                                                                                                                               indent
   94:1   error  Expected indentation of 4 spaces but found 8                                                                                                                               indent
   95:1   error  Expected indentation of 4 spaces but found 8                                                                                                                               indent
   96:1   error  Expected indentation of 4 spaces but found 8                                                                                                                               indent
   96:9   error  Expected property shorthand                                                                                                                                                object-shorthand
   96:20  error  Identifier 'mint_from' is not in camel case                                                                                                                                camelcase
   97:1   error  Expected indentation of 4 spaces but found 8                                                                                                                               indent
   97:9   error  Expected property shorthand                                                                                                                                                object-shorthand
   97:18  error  Identifier 'mint_to' is not in camel case                                                                                                                                  camelcase
   98:1   error  Expected indentation of 4 spaces but found 8                                                                                                                               indent
   98:15  error  Identifier 'sale_obj' is not in camel case                                                                                                                                 camelcase
   99:1   error  Expected indentation of 2 spaces but found 4                                                                                                                               indent
  101:1   error  Expected indentation of 2 spaces but found 4                                                                                                                               indent
  102:1   error  Expected indentation of 4 spaces but found 8                                                                                                                               indent
  103:1   error  Expected indentation of 2 spaces but found 4                                                                                                                               indent
  103:6   error  Missing semicolon                                                                                                                                                          semi
  106:21  error  Newline required at end of file but not found                                                                                                                              eol-last

/Users/maria/git/ORIGYN/dapps-monorepo-lerna/packages/features/components/src/TransactionsTable/functions/OwnerTransfer.tsx
   1:27  error  Strings must use singlequote                                     quotes
   2:38  error  'formatTime' is defined but never used                           @typescript-eslint/no-unused-vars
   2:56  error  Strings must use singlequote                                     quotes
   2:69  error  Missing semicolon                                                semi
   4:1   error  Expected exception block, space or tab after '//' in comment     spaced-comment
   6:1   error  Expected indentation of 2 spaces but found 4                     indent
   6:5   error  Identifier 'acc_principal' is not in camel case                  camelcase
   7:1   error  Expected indentation of 2 spaces but found 4                     indent
   7:5   error  Identifier 'acc_id' is not in camel case                         camelcase
   8:1   error  Expected indentation of 2 spaces but found 4                     indent
   8:5   error  Identifier 'acc_extensible' is not in camel case                 camelcase
   8:27  error  Missing trailing comma                                           comma-dangle
  10:1   error  Expected indentation of 2 spaces but found 4                     indent
  10:9   error  'thisArray' is never reassigned. Use 'const' instead             prefer-const
  10:51  error  Identifier 'acc_principal' is not in camel case                  camelcase
  10:51  error  Unexpected dangling '_' in '_arr'                                no-underscore-dangle
  11:1   error  Expected indentation of 2 spaces but found 4                     indent
  11:5   error  Unexpected var, use let or const instead                         no-var
  11:9   error  Identifier 'acc_principal_string' is not in camel case           camelcase
  12:1   error  Expected indentation of 2 spaces but found 4                     indent
  12:14  error  Identifier 'acc_principal_string' is not in camel case           camelcase
  12:36  error  Identifier 'acc_id' is not in camel case                         camelcase
  12:44  error  Identifier 'acc_extensible' is not in camel case                 camelcase
  15:1   error  Expected exception block, space or tab after '//' in comment     spaced-comment
  17:1   error  Expected indentation of 2 spaces but found 4                     indent
  21:1   error  Expected indentation of 2 spaces but found 4                     indent
  21:5   error  Identifier 'obj_transaction' is not in camel case                camelcase
  22:1   error  Expected indentation of 2 spaces but found 4                     indent
  23:1   error  Expected indentation of 2 spaces but found 4                     indent
  24:1   error  Expected indentation of 2 spaces but found 4                     indent
  24:5   error  Identifier 'curr_obj' is not in camel case                       camelcase
  25:1   error  Expected indentation of 2 spaces but found 4                     indent
  25:5   error  Identifier '_transaction_type_formatted' is not in camel case    camelcase
  25:39  error  Missing trailing comma                                           comma-dangle
  27:1   error  Expected indentation of 2 spaces but found 4                     indent
  27:5   error  Unexpected var, use let or const instead                         no-var
  27:9   error  Identifier 'trans_from' is not in camel case                     camelcase
  27:22  error  Identifier 'obj_transaction' is not in camel case                camelcase
  27:22  error  Unexpected dangling '_' in '_props'                              no-underscore-dangle
  28:1   error  Expected indentation of 2 spaces but found 4                     indent
  28:5   error  Unexpected var, use let or const instead                         no-var
  28:9   error  Identifier 'trans_to' is not in camel case                       camelcase
  28:20  error  Identifier 'obj_transaction' is not in camel case                camelcase
  28:20  error  Unexpected dangling '_' in '_props'                              no-underscore-dangle
  30:1   error  Expected indentation of 2 spaces but found 4                     indent
  30:5   error  Unexpected var, use let or const instead                         no-var
  30:9   error  Identifier 'from_principal' is not in camel case                 camelcase
  30:26  error  Identifier 'trans_from' is not in camel case                     camelcase
  31:1   error  Expected indentation of 2 spaces but found 4                     indent
  31:5   error  Unexpected var, use let or const instead                         no-var
  31:9   error  Identifier 'from_id' is not in camel case                        camelcase
  31:19  error  Identifier 'trans_from' is not in camel case                     camelcase
  32:1   error  Expected indentation of 2 spaces but found 4                     indent
  32:5   error  Unexpected var, use let or const instead                         no-var
  32:9   error  Identifier 'from_ext' is not in camel case                       camelcase
  32:20  error  Identifier 'trans_from' is not in camel case                     camelcase
  33:1   error  Expected indentation of 2 spaces but found 4                     indent
  33:10  error  Identifier 'from_id' is not in camel case                        camelcase
  34:1   error  Expected indentation of 4 spaces but found 6                     indent
  34:7   error  Identifier 'from_id' is not in camel case                        camelcase
  34:17  error  Strings must use singlequote                                     quotes
  35:1   error  Expected indentation of 2 spaces but found 4                     indent
  36:1   error  Expected indentation of 2 spaces but found 4                     indent
  36:10  error  Identifier 'from_ext' is not in camel case                       camelcase
  37:1   error  Expected indentation of 4 spaces but found 6                     indent
  37:7   error  Identifier 'from_ext' is not in camel case                       camelcase
  37:18  error  Strings must use singlequote                                     quotes
  38:1   error  Expected indentation of 2 spaces but found 4                     indent
  39:1   error  Expected indentation of 2 spaces but found 4                     indent
  39:5   error  Expected exception block, space or tab after '//' in comment     spaced-comment
  40:1   error  Expected indentation of 2 spaces but found 4                     indent
  40:5   error  All 'var' declarations must be at the top of the function scope  vars-on-top
  40:5   error  Unexpected var, use let or const instead                         no-var
  40:9   error  Identifier 'trans_from_account' is not in camel case             camelcase
  41:1   error  Expected indentation of 4 spaces but found 6                     indent
  42:1   error  Expected indentation of 4 spaces but found 6                     indent
  43:1   error  Expected indentation of 4 spaces but found 6                     indent
  43:15  error  Missing trailing comma                                           comma-dangle
  44:1   error  Expected indentation of 2 spaces but found 4                     indent
  46:1   error  Expected indentation of 2 spaces but found 4                     indent
  46:5   error  All 'var' declarations must be at the top of the function scope  vars-on-top
  46:5   error  Unexpected var, use let or const instead                         no-var
  46:9   error  Identifier 'to_principal' is not in camel case                   camelcase
  46:24  error  Identifier 'trans_to' is not in camel case                       camelcase
  47:1   error  Expected indentation of 2 spaces but found 4                     indent
  47:5   error  All 'var' declarations must be at the top of the function scope  vars-on-top
  47:5   error  Unexpected var, use let or const instead                         no-var
  47:9   error  Identifier 'to_id' is not in camel case                          camelcase
  47:17  error  Identifier 'trans_to' is not in camel case                       camelcase
  48:1   error  Expected indentation of 2 spaces but found 4                     indent
  48:5   error  All 'var' declarations must be at the top of the function scope  vars-on-top
  48:5   error  Unexpected var, use let or const instead                         no-var
  48:9   error  Identifier 'to_ext' is not in camel case                         camelcase
  48:18  error  Identifier 'trans_to' is not in camel case                       camelcase
  49:1   error  Expected indentation of 2 spaces but found 4                     indent
  49:10  error  Identifier 'to_id' is not in camel case                          camelcase
  50:1   error  Expected indentation of 4 spaces but found 6                     indent
  50:7   error  Identifier 'to_id' is not in camel case                          camelcase
  50:15  error  Strings must use singlequote                                     quotes
  51:1   error  Expected indentation of 2 spaces but found 4                     indent
  52:1   error  Expected indentation of 2 spaces but found 4                     indent
  52:10  error  Identifier 'to_ext' is not in camel case                         camelcase
  53:1   error  Expected indentation of 4 spaces but found 6                     indent
  53:7   error  Identifier 'to_ext' is not in camel case                         camelcase
  53:16  error  Strings must use singlequote                                     quotes
  54:1   error  Expected indentation of 2 spaces but found 4                     indent
  55:1   error  Expected indentation of 2 spaces but found 4                     indent
  55:5   error  Expected exception block, space or tab after '//' in comment     spaced-comment
  56:1   error  Expected indentation of 2 spaces but found 4                     indent
  56:5   error  All 'var' declarations must be at the top of the function scope  vars-on-top
  56:5   error  Unexpected var, use let or const instead                         no-var
  56:9   error  Identifier 'trans_to_account' is not in camel case               camelcase
  58:1   error  Expected indentation of 2 spaces but found 4                     indent
  58:5   error  Expected exception block, space or tab after '//' in comment     spaced-comment
  59:1   error  Expected indentation of 2 spaces but found 4                     indent
  59:5   error  Expected exception block, space or tab after '//' in comment     spaced-comment
  60:1   error  Expected indentation of 2 spaces but found 4                     indent
  60:5   error  All 'var' declarations must be at the top of the function scope  vars-on-top
  60:5   error  Unexpected var, use let or const instead                         no-var
  60:9   error  Identifier 'array_accounts' is not in camel case                 camelcase
  61:1   error  Expected indentation of 2 spaces but found 4                     indent
  61:5   error  Identifier 'array_accounts' is not in camel case                 camelcase
  62:1   error  Expected indentation of 4 spaces but found 6                     indent
  62:20  error  Identifier 'from_principal' is not in camel case                 camelcase
  62:20  error  Unexpected dangling '_' in '_arr'                                no-underscore-dangle
  63:1   error  Expected indentation of 4 spaces but found 6                     indent
  63:20  error  Identifier 'to_principal' is not in camel case                   camelcase
  63:20  error  Unexpected dangling '_' in '_arr'                                no-underscore-dangle
  63:38  error  Missing trailing comma                                           comma-dangle
  64:1   error  Expected indentation of 2 spaces but found 4                     indent
  65:1   error  Expected indentation of 2 spaces but found 4                     indent
  65:5   error  All 'var' declarations must be at the top of the function scope  vars-on-top
  65:5   error  Unexpected var, use let or const instead                         no-var
  65:9   error  Identifier 'array_principals' is not in camel case               camelcase
  67:1   error  Expected indentation of 2 spaces but found 4                     indent
  67:5   error  Assignment to function parameter 'transactionObj'                no-param-reassign
  68:1   error  Expected indentation of 4 spaces but found 6                     indent
  68:20  error  Identifier 'curr_obj' is not in camel case                       camelcase
  69:1   error  Expected indentation of 4 spaces but found 6                     indent
  69:17  error  Identifier 'curr_obj' is not in camel case                       camelcase
  70:1   error  Expected indentation of 4 spaces but found 6                     indent
  70:17  error  Identifier '_transaction_type_formatted' is not in camel case    camelcase
  71:1   error  Expected indentation of 4 spaces but found 6                     indent
  71:16  error  Strings must use singlequote                                     quotes
  72:1   error  Expected indentation of 4 spaces but found 6                     indent
  73:1   error  Expected indentation of 4 spaces but found 6                     indent
  74:1   error  Expected indentation of 4 spaces but found 6                     indent
  74:11  error  Identifier 'trans_to_account' is not in camel case               camelcase
  75:1   error  Expected indentation of 4 spaces but found 6                     indent
  75:13  error  Identifier 'trans_from_account' is not in camel case             camelcase
  76:1   error  Expected indentation of 2 spaces but found 4                     indent
  78:1   error  Expected indentation of 2 spaces but found 4                     indent
  79:1   error  Expected indentation of 4 spaces but found 8                     indent
  80:1   error  Expected indentation of 2 spaces but found 4                     indent
  80:6   error  Missing semicolon                                                semi
  83:30  error  Newline required at end of file but not found                    eol-last

/Users/maria/git/ORIGYN/dapps-monorepo-lerna/packages/features/components/src/TransactionsTable/functions/SaleEnded.tsx
    1:27  error    Strings must use singlequote                                                                                                                                               quotes
    2:44  error    Strings must use singlequote                                                                                                                                               quotes
    2:57  error    Missing semicolon                                                                                                                                                          semi
    4:1   error    Expected exception block, space or tab after '//' in comment                                                                                                               spaced-comment
    6:1   error    Expected indentation of 2 spaces but found 4                                                                                                                               indent
    6:5   error    Identifier 'acc_principal' is not in camel case                                                                                                                            camelcase
    7:1   error    Expected indentation of 2 spaces but found 4                                                                                                                               indent
    7:5   error    Identifier 'acc_id' is not in camel case                                                                                                                                   camelcase
    8:1   error    Expected indentation of 2 spaces but found 4                                                                                                                               indent
    8:5   error    Identifier 'acc_extensible' is not in camel case                                                                                                                           camelcase
    8:27  error    Missing trailing comma                                                                                                                                                     comma-dangle
   10:1   error    Expected indentation of 2 spaces but found 4                                                                                                                               indent
   10:9   error    'thisArray' is never reassigned. Use 'const' instead                                                                                                                       prefer-const
   10:51  error    Identifier 'acc_principal' is not in camel case                                                                                                                            camelcase
   10:51  error    Unexpected dangling '_' in '_arr'                                                                                                                                          no-underscore-dangle
   11:1   error    Expected indentation of 2 spaces but found 4                                                                                                                               indent
   11:5   error    Unexpected var, use let or const instead                                                                                                                                   no-var
   11:9   error    Identifier 'acc_principal_string' is not in camel case                                                                                                                     camelcase
   12:1   error    Expected indentation of 2 spaces but found 4                                                                                                                               indent
   12:14  error    Identifier 'acc_principal_string' is not in camel case                                                                                                                     camelcase
   12:36  error    Identifier 'acc_id' is not in camel case                                                                                                                                   camelcase
   12:44  error    Identifier 'acc_extensible' is not in camel case                                                                                                                           camelcase
   14:1   error    Expected exception block, space or tab after '//' in comment                                                                                                               spaced-comment
   16:1   error    Expected indentation of 2 spaces but found 4                                                                                                                               indent
   17:1   error    Expected indentation of 2 spaces but found 4                                                                                                                               indent
   18:1   error    Expected indentation of 2 spaces but found 4                                                                                                                               indent
   19:1   error    Expected indentation of 2 spaces but found 4                                                                                                                               indent
   20:1   error    Expected indentation of 2 spaces but found 4                                                                                                                               indent
   20:21  error    Missing trailing comma                                                                                                                                                     comma-dangle
   22:1   error    Expected indentation of 2 spaces but found 4                                                                                                                               indent
   22:9   error    'thisArray' is never reassigned. Use 'const' instead                                                                                                                       prefer-const
   22:51  error    Unexpected dangling '_' in '_arr'                                                                                                                                          no-underscore-dangle
   23:1   error    Expected indentation of 2 spaces but found 4                                                                                                                               indent
   23:5   error    Unexpected var, use let or const instead                                                                                                                                   no-var
   23:9   error    Identifier 'canister_string' is not in camel case                                                                                                                          camelcase
   24:1   error    Expected indentation of 2 spaces but found 4                                                                                                                               indent
   24:14  error    Identifier 'canister_string' is not in camel case                                                                                                                          camelcase
   27:1   error    Expected exception block, space or tab after '//' in comment                                                                                                               spaced-comment
   29:1   error    Expected indentation of 2 spaces but found 4                                                                                                                               indent
   33:1   error    Expected indentation of 2 spaces but found 4                                                                                                                               indent
   33:5   error    Identifier 'obj_transaction' is not in camel case                                                                                                                          camelcase
   34:1   error    Expected indentation of 2 spaces but found 4                                                                                                                               indent
   35:1   error    Expected indentation of 2 spaces but found 4                                                                                                                               indent
   36:1   error    Expected indentation of 2 spaces but found 4                                                                                                                               indent
   36:5   error    Identifier 'curr_obj' is not in camel case                                                                                                                                 camelcase
   37:1   error    Expected indentation of 2 spaces but found 4                                                                                                                               indent
   37:5   error    Identifier '_transaction_type_formatted' is not in camel case                                                                                                              camelcase
   37:40  error    Missing trailing comma                                                                                                                                                     comma-dangle
   38:6   error    Block must not be padded by blank lines                                                                                                                                    padded-blocks
   40:1   error    Expected indentation of 2 spaces but found 4                                                                                                                               indent
   40:5   error    Unexpected var, use let or const instead                                                                                                                                   no-var
   40:9   error    Identifier 'sale_ended' is not in camel case                                                                                                                               camelcase
   40:22  error    Strings must use singlequote                                                                                                                                               quotes
   42:1   error    Expected indentation of 2 spaces but found 14                                                                                                                              indent
   42:15  error    Unexpected var, use let or const instead                                                                                                                                   no-var
   42:19  error    Identifier 'end_seller' is not in camel case                                                                                                                               camelcase
   42:32  error    Identifier 'obj_transaction' is not in camel case                                                                                                                          camelcase
   42:32  error    Unexpected dangling '_' in '_props'                                                                                                                                        no-underscore-dangle
   43:1   error    Expected indentation of 2 spaces but found 14                                                                                                                              indent
   43:15  error    Unexpected var, use let or const instead                                                                                                                                   no-var
   43:19  error    Identifier 'end_buyer' is not in camel case                                                                                                                                camelcase
   43:31  error    Identifier 'obj_transaction' is not in camel case                                                                                                                          camelcase
   43:31  error    Unexpected dangling '_' in '_props'                                                                                                                                        no-underscore-dangle
   44:1   error    Expected indentation of 2 spaces but found 14                                                                                                                              indent
   44:15  error    Unexpected var, use let or const instead                                                                                                                                   no-var
   44:19  error    Identifier 'end_token' is not in camel case                                                                                                                                camelcase
   44:31  error    Identifier 'obj_transaction' is not in camel case                                                                                                                          camelcase
   44:31  error    Unexpected dangling '_' in '_props'                                                                                                                                        no-underscore-dangle
   45:1   error    Expected indentation of 2 spaces but found 14                                                                                                                              indent
   45:15  error    Expected exception block, space or tab after '//' in comment                                                                                                               spaced-comment
   46:1   error    Expected indentation of 2 spaces but found 14                                                                                                                              indent
   46:15  error    Unexpected var, use let or const instead                                                                                                                                   no-var
   46:19  error    Identifier 'seller_principal' is not in camel case                                                                                                                         camelcase
   46:38  error    Identifier 'end_seller' is not in camel case                                                                                                                               camelcase
   47:1   error    Expected indentation of 2 spaces but found 14                                                                                                                              indent
   47:15  error    Unexpected var, use let or const instead                                                                                                                                   no-var
   47:19  error    Identifier 'seller_id' is not in camel case                                                                                                                                camelcase
   47:31  error    Identifier 'end_seller' is not in camel case                                                                                                                               camelcase
   48:1   error    Expected indentation of 2 spaces but found 14                                                                                                                              indent
   48:15  error    Unexpected var, use let or const instead                                                                                                                                   no-var
   48:19  error    Identifier 'seller_ext' is not in camel case                                                                                                                               camelcase
   48:32  error    Identifier 'end_seller' is not in camel case                                                                                                                               camelcase
   49:1   error    Expected indentation of 2 spaces but found 14                                                                                                                              indent
   49:20  error    Identifier 'seller_id' is not in camel case                                                                                                                                camelcase
   50:1   error    Expected indentation of 4 spaces but found 16                                                                                                                              indent
   50:17  error    Identifier 'seller_id' is not in camel case                                                                                                                                camelcase
   50:29  error    Strings must use singlequote                                                                                                                                               quotes
   51:1   error    Expected indentation of 2 spaces but found 14                                                                                                                              indent
   52:1   error    Expected indentation of 2 spaces but found 14                                                                                                                              indent
   52:15  error    All 'var' declarations must be at the top of the function scope                                                                                                            vars-on-top
   52:15  error    Unexpected var, use let or const instead                                                                                                                                   no-var
   52:32  error    Identifier 'end_seller' is not in camel case                                                                                                                               camelcase
   53:1   error    Expected indentation of 2 spaces but found 14                                                                                                                              indent
   53:20  error    Identifier 'seller_ext' is not in camel case                                                                                                                               camelcase
   54:1   error    Expected indentation of 4 spaces but found 16                                                                                                                              indent
   54:17  error    Identifier 'seller_ext' is not in camel case                                                                                                                               camelcase
   54:30  error    Strings must use singlequote                                                                                                                                               quotes
   55:1   error    Expected indentation of 2 spaces but found 14                                                                                                                              indent
   56:1   error    Expected indentation of 2 spaces but found 14                                                                                                                              indent
   56:15  error    All 'var' declarations must be at the top of the function scope                                                                                                            vars-on-top
   56:15  error    Unexpected var, use let or const instead                                                                                                                                   no-var
   56:19  error    Identifier 'seller_account' is not in camel case                                                                                                                           camelcase
   57:1   error    Expected indentation of 4 spaces but found 16                                                                                                                              indent
   58:1   error    Expected indentation of 4 spaces but found 16                                                                                                                              indent
   59:1   error    Expected indentation of 4 spaces but found 16                                                                                                                              indent
   59:27  error    Missing trailing comma                                                                                                                                                     comma-dangle
   60:1   error    Expected indentation of 2 spaces but found 14                                                                                                                              indent
   61:1   error    Expected indentation of 2 spaces but found 14                                                                                                                              indent
   61:15  error    Expected exception block, space or tab after '//' in comment                                                                                                               spaced-comment
   62:1   error    Expected indentation of 2 spaces but found 14                                                                                                                              indent
   62:15  error    All 'var' declarations must be at the top of the function scope                                                                                                            vars-on-top
   62:15  error    Unexpected var, use let or const instead                                                                                                                                   no-var
   62:19  error    Identifier 'buyer_principal' is not in camel case                                                                                                                          camelcase
   62:37  error    Identifier 'end_buyer' is not in camel case                                                                                                                                camelcase
   63:1   error    Expected indentation of 2 spaces but found 14                                                                                                                              indent
   63:15  error    All 'var' declarations must be at the top of the function scope                                                                                                            vars-on-top
   63:15  error    Unexpected var, use let or const instead                                                                                                                                   no-var
   63:19  error    Identifier 'buyer_id' is not in camel case                                                                                                                                 camelcase
   63:30  error    Identifier 'end_buyer' is not in camel case                                                                                                                                camelcase
   64:1   error    Expected indentation of 2 spaces but found 14                                                                                                                              indent
   64:20  error    Identifier 'buyer_id' is not in camel case                                                                                                                                 camelcase
   65:1   error    Expected indentation of 4 spaces but found 16                                                                                                                              indent
   65:17  error    Identifier 'buyer_id' is not in camel case                                                                                                                                 camelcase
   65:28  error    Strings must use singlequote                                                                                                                                               quotes
   66:1   error    Expected indentation of 2 spaces but found 14                                                                                                                              indent
   67:1   error    Expected indentation of 2 spaces but found 14                                                                                                                              indent
   67:15  error    All 'var' declarations must be at the top of the function scope                                                                                                            vars-on-top
   67:15  error    Unexpected var, use let or const instead                                                                                                                                   no-var
   67:19  error    Identifier 'buyer_ext' is not in camel case                                                                                                                                camelcase
   67:31  error    Identifier 'end_buyer' is not in camel case                                                                                                                                camelcase
   68:1   error    Expected indentation of 2 spaces but found 14                                                                                                                              indent
   68:20  error    Identifier 'buyer_ext' is not in camel case                                                                                                                                camelcase
   69:1   error    Expected indentation of 4 spaces but found 16                                                                                                                              indent
   69:17  error    Identifier 'buyer_ext' is not in camel case                                                                                                                                camelcase
   69:29  error    Strings must use singlequote                                                                                                                                               quotes
   70:1   error    Expected indentation of 2 spaces but found 14                                                                                                                              indent
   71:1   error    Expected indentation of 2 spaces but found 14                                                                                                                              indent
   71:15  error    All 'var' declarations must be at the top of the function scope                                                                                                            vars-on-top
   71:15  error    Unexpected var, use let or const instead                                                                                                                                   no-var
   71:19  error    Identifier 'buyer_account' is not in camel case                                                                                                                            camelcase
   72:1   error    Expected indentation of 4 spaces but found 16                                                                                                                              indent
   73:1   error    Expected indentation of 4 spaces but found 16                                                                                                                              indent
   74:1   error    Expected indentation of 4 spaces but found 16                                                                                                                              indent
   74:26  error    Missing trailing comma                                                                                                                                                     comma-dangle
   75:1   error    Expected indentation of 2 spaces but found 14                                                                                                                              indent
   76:1   error    Expected indentation of 2 spaces but found 14                                                                                                                              indent
   76:15  error    Expected exception block, space or tab after '//' in comment                                                                                                               spaced-comment
   77:1   error    Expected indentation of 2 spaces but found 14                                                                                                                              indent
   77:15  error    All 'var' declarations must be at the top of the function scope                                                                                                            vars-on-top
   77:15  error    Unexpected var, use let or const instead                                                                                                                                   no-var
   78:1   error    Expected indentation of 2 spaces but found 14                                                                                                                              indent
   78:15  error    for..in loops iterate over the entire prototype chain, which is virtually never what you want. Use Object.{keys,values,entries}, and iterate over the resulting array      no-restricted-syntax
   78:15  error    The body of a for-in should be wrapped in an if statement to filter unwanted properties from the prototype                                                                 guard-for-in
   78:34  error    Identifier 'end_token' is not in camel case                                                                                                                                camelcase
   79:1   error    Expected indentation of 4 spaces but found 16                                                                                                                              indent
   79:17  error    All 'var' declarations must be at the top of the function scope                                                                                                            vars-on-top
   79:17  error    Unexpected var, use let or const instead                                                                                                                                   no-var
   79:21  error    Unexpected dangling '_' in '_canister'                                                                                                                                     no-underscore-dangle
   79:33  error    Identifier 'end_token' is not in camel case                                                                                                                                camelcase
   80:1   error    Expected indentation of 4 spaces but found 16                                                                                                                              indent
   80:17  error    All 'var' declarations must be at the top of the function scope                                                                                                            vars-on-top
   80:17  error    Unexpected var, use let or const instead                                                                                                                                   no-var
   80:21  error    Unexpected dangling '_' in '_fee'                                                                                                                                          no-underscore-dangle
   80:28  error    Identifier 'end_token' is not in camel case                                                                                                                                camelcase
   81:1   error    Expected indentation of 4 spaces but found 16                                                                                                                              indent
   81:17  error    All 'var' declarations must be at the top of the function scope                                                                                                            vars-on-top
   81:17  error    Unexpected var, use let or const instead                                                                                                                                   no-var
   81:21  error    Unexpected dangling '_' in '_symbol'                                                                                                                                       no-underscore-dangle
   81:31  error    Identifier 'end_token' is not in camel case                                                                                                                                camelcase
   82:1   error    Expected indentation of 4 spaces but found 16                                                                                                                              indent
   82:17  error    All 'var' declarations must be at the top of the function scope                                                                                                            vars-on-top
   82:17  error    Unexpected var, use let or const instead                                                                                                                                   no-var
   82:21  error    Unexpected dangling '_' in '_decimals'                                                                                                                                     no-underscore-dangle
   82:33  error    Identifier 'end_token' is not in camel case                                                                                                                                camelcase
   83:1   error    Expected indentation of 4 spaces but found 16                                                                                                                              indent
   83:17  error    All 'var' declarations must be at the top of the function scope                                                                                                            vars-on-top
   83:17  error    Unexpected var, use let or const instead                                                                                                                                   no-var
   83:21  error    Unexpected dangling '_' in '_standard'                                                                                                                                     no-underscore-dangle
   83:33  error    Identifier 'end_token' is not in camel case                                                                                                                                camelcase
   85:1   error    Expected indentation of 4 spaces but found 16                                                                                                                              indent
   85:17  error    iterators/generators require regenerator-runtime, which is too heavyweight for this guide to allow them. Separately, loops should be avoided in favor of array iterations  no-restricted-syntax
   86:1   error    Expected indentation of 6 spaces but found 18                                                                                                                              indent
   86:19  error    All 'var' declarations must be at the top of the function scope                                                                                                            vars-on-top
   86:19  error    Unexpected var, use let or const instead                                                                                                                                   no-var
   86:23  error    Identifier 'token_standard' is not in camel case                                                                                                                           camelcase
   87:1   error    Expected indentation of 4 spaces but found 16                                                                                                                              indent
   88:1   error    Expected indentation of 2 spaces but found 14                                                                                                                              indent
   89:1   error    Expected indentation of 2 spaces but found 14                                                                                                                              indent
   89:15  error    Expected exception block, space or tab after '//' in comment                                                                                                               spaced-comment
   90:1   error    Expected indentation of 2 spaces but found 14                                                                                                                              indent
   90:15  error    All 'var' declarations must be at the top of the function scope                                                                                                            vars-on-top
   90:15  error    Unexpected var, use let or const instead                                                                                                                                   no-var
   90:19  error    Identifier 'obj_token_end' is not in camel case                                                                                                                            camelcase
   91:1   error    Expected indentation of 4 spaces but found 16                                                                                                                              indent
   91:17  error    '_canister' used outside of binding context                                                                                                                                block-scoped-var
   92:1   error    Expected indentation of 4 spaces but found 16                                                                                                                              indent
   92:17  error    '_fee' used outside of binding context                                                                                                                                     block-scoped-var
   93:1   error    Expected indentation of 4 spaces but found 16                                                                                                                              indent
   93:17  error    '_symbol' used outside of binding context                                                                                                                                  block-scoped-var
   94:1   error    Expected indentation of 4 spaces but found 16                                                                                                                              indent
   94:17  error    '_decimals' used outside of binding context                                                                                                                                block-scoped-var
   95:1   error    Expected indentation of 4 spaces but found 16                                                                                                                              indent
   95:17  error    'token_standard' used outside of binding context                                                                                                                           block-scoped-var
   95:31  error    Missing trailing comma                                                                                                                                                     comma-dangle
   96:1   error    Expected indentation of 2 spaces but found 14                                                                                                                              indent
   98:1   error    Expected indentation of 2 spaces but found 14                                                                                                                              indent
   98:15  error    All 'var' declarations must be at the top of the function scope                                                                                                            vars-on-top
   98:15  error    Unexpected var, use let or const instead                                                                                                                                   no-var
   98:19  error    Identifier 'end_sale_id' is not in camel case                                                                                                                              camelcase
   98:33  error    Identifier 'obj_transaction' is not in camel case                                                                                                                          camelcase
   98:33  error    Unexpected dangling '_' in '_props'                                                                                                                                        no-underscore-dangle
   99:1   error    Expected indentation of 2 spaces but found 14                                                                                                                              indent
   99:20  error    Identifier 'end_sale_id' is not in camel case                                                                                                                              camelcase
  100:1   error    Expected indentation of 4 spaces but found 16                                                                                                                              indent
  100:17  error    Identifier 'end_sale_id' is not in camel case                                                                                                                              camelcase
  100:31  error    Strings must use singlequote                                                                                                                                               quotes
  101:1   error    Expected indentation of 2 spaces but found 14                                                                                                                              indent
  102:1   error    Expected indentation of 4 spaces but found 16                                                                                                                              indent
  102:17  error    Identifier 'end_sale_id' is not in camel case                                                                                                                              camelcase
  102:17  error    Expected an assignment or function call and instead saw an expression                                                                                                      no-unused-expressions
  103:1   error    Expected indentation of 2 spaces but found 14                                                                                                                              indent
  104:1   error    Expected indentation of 2 spaces but found 14                                                                                                                              indent
  104:15  error    All 'var' declarations must be at the top of the function scope                                                                                                            vars-on-top
  104:15  error    Unexpected var, use let or const instead                                                                                                                                   no-var
  104:19  error    Identifier 'end_amount' is not in camel case                                                                                                                               camelcase
  104:32  error    Identifier 'obj_transaction' is not in camel case                                                                                                                          camelcase
  104:32  error    Unexpected dangling '_' in '_props'                                                                                                                                        no-underscore-dangle
  106:1   error    Expected indentation of 2 spaces but found 14                                                                                                                              indent
  106:15  error    Expected exception block, space or tab after '//' in comment                                                                                                               spaced-comment
  107:1   error    Expected indentation of 2 spaces but found 14                                                                                                                              indent
  107:15  error    Expected exception block, space or tab after '//' in comment                                                                                                               spaced-comment
  108:1   error    Expected indentation of 2 spaces but found 14                                                                                                                              indent
  108:15  error    All 'var' declarations must be at the top of the function scope                                                                                                            vars-on-top
  108:15  error    Unexpected var, use let or const instead                                                                                                                                   no-var
  108:19  error    Identifier 'array_accounts' is not in camel case                                                                                                                           camelcase
  109:1   error    Expected indentation of 2 spaces but found 14                                                                                                                              indent
  109:15  error    Identifier 'array_accounts' is not in camel case                                                                                                                           camelcase
  110:1   error    Expected indentation of 4 spaces but found 16                                                                                                                              indent
  110:30  error    Identifier 'seller_principal' is not in camel case                                                                                                                         camelcase
  110:30  error    Unexpected dangling '_' in '_arr'                                                                                                                                          no-underscore-dangle
  111:1   error    Expected indentation of 4 spaces but found 16                                                                                                                              indent
  111:30  error    Identifier 'buyer_principal' is not in camel case                                                                                                                          camelcase
  111:30  error    Unexpected dangling '_' in '_arr'                                                                                                                                          no-underscore-dangle
  111:51  error    Missing trailing comma                                                                                                                                                     comma-dangle
  112:1   error    Expected indentation of 2 spaces but found 14                                                                                                                              indent
  114:1   error    Expected indentation of 2 spaces but found 14                                                                                                                              indent
  114:15  error    All 'var' declarations must be at the top of the function scope                                                                                                            vars-on-top
  114:15  error    Unexpected var, use let or const instead                                                                                                                                   no-var
  114:19  error    Identifier 'array_principals' is not in camel case                                                                                                                         camelcase
  115:1   error    Expected indentation of 2 spaces but found 14                                                                                                                              indent
  115:15  error    Identifier 'array_principals' is not in camel case                                                                                                                         camelcase
  115:37  error    Identifier 'obj_token_end' is not in camel case                                                                                                                            camelcase
  116:1   error    Expected indentation of 2 spaces but found 14                                                                                                                              indent
  116:15  warning  Unexpected console statement                                                                                                                                               no-console
  116:27  error    Strings must use singlequote                                                                                                                                               quotes
  116:40  error    Identifier 'obj_token_end' is not in camel case                                                                                                                            camelcase
  118:1   error    Expected indentation of 2 spaces but found 14                                                                                                                              indent
  118:15  error    Assignment to function parameter 'transactionObj'                                                                                                                          no-param-reassign
  119:1   error    Expected indentation of 4 spaces but found 16                                                                                                                              indent
  119:30  error    Identifier 'curr_obj' is not in camel case                                                                                                                                 camelcase
  120:1   error    Expected indentation of 4 spaces but found 16                                                                                                                              indent
  120:27  error    Identifier 'curr_obj' is not in camel case                                                                                                                                 camelcase
  121:1   error    Expected indentation of 4 spaces but found 16                                                                                                                              indent
  121:27  error    Identifier '_transaction_type_formatted' is not in camel case                                                                                                              camelcase
  122:1   error    Expected indentation of 4 spaces but found 16                                                                                                                              indent
  122:26  error    Identifier 'sale_ended' is not in camel case                                                                                                                               camelcase
  123:1   error    Expected indentation of 4 spaces but found 16                                                                                                                              indent
  124:1   error    Expected indentation of 4 spaces but found 16                                                                                                                              indent
  125:1   error    Expected indentation of 4 spaces but found 16                                                                                                                              indent
  125:25  error    Identifier 'seller_account' is not in camel case                                                                                                                           camelcase
  126:1   error    Expected indentation of 4 spaces but found 16                                                                                                                              indent
  126:24  error    Identifier 'buyer_account' is not in camel case                                                                                                                            camelcase
  127:1   error    Expected indentation of 4 spaces but found 16                                                                                                                              indent
  127:24  error    Identifier 'obj_token_end' is not in camel case                                                                                                                            camelcase
  128:1   error    Expected indentation of 4 spaces but found 16                                                                                                                              indent
  128:23  error    Identifier 'end_sale_id' is not in camel case                                                                                                                              camelcase
  129:1   error    Expected indentation of 4 spaces but found 16                                                                                                                              indent
  129:25  error    Identifier 'end_amount' is not in camel case                                                                                                                               camelcase
  130:1   error    Expected indentation of 2 spaces but found 14                                                                                                                              indent
  132:1   error    Expected indentation of 2 spaces but found 0                                                                                                                               indent
  134:1   error    Expected indentation of 2 spaces but found 0                                                                                                                               indent
  134:2   error    Missing semicolon                                                                                                                                                          semi
  137:26  error    Newline required at end of file but not found                                                                                                                              eol-last

/Users/maria/git/ORIGYN/dapps-monorepo-lerna/packages/features/components/src/TransactionsTable/functions/SaleOpened.tsx
    1:27  error    Strings must use singlequote                                                                                                                                               quotes
    3:1   error    Expected exception block, space or tab after '//' in comment                                                                                                               spaced-comment
    5:1   error    Expected indentation of 2 spaces but found 4                                                                                                                               indent
    6:1   error    Expected indentation of 2 spaces but found 4                                                                                                                               indent
    7:1   error    Expected indentation of 2 spaces but found 4                                                                                                                               indent
    8:1   error    Expected indentation of 2 spaces but found 4                                                                                                                               indent
    8:15  error    Missing trailing comma                                                                                                                                                     comma-dangle
    9:1   error    Trailing spaces not allowed                                                                                                                                                no-trailing-spaces
   10:8   error    Strings must use singlequote                                                                                                                                               quotes
   10:21  error    Missing semicolon                                                                                                                                                          semi
   13:1   error    Expected indentation of 2 spaces but found 4                                                                                                                               indent
   14:1   error    Expected indentation of 2 spaces but found 4                                                                                                                               indent
   15:1   error    Expected indentation of 2 spaces but found 4                                                                                                                               indent
   16:1   error    Expected indentation of 2 spaces but found 4                                                                                                                               indent
   17:1   error    Expected indentation of 2 spaces but found 4                                                                                                                               indent
   17:21  error    Missing trailing comma                                                                                                                                                     comma-dangle
   19:1   error    Expected indentation of 2 spaces but found 4                                                                                                                               indent
   19:9   error    'thisArray' is never reassigned. Use 'const' instead                                                                                                                       prefer-const
   19:51  error    Unexpected dangling '_' in '_arr'                                                                                                                                          no-underscore-dangle
   20:1   error    Expected indentation of 2 spaces but found 4                                                                                                                               indent
   20:5   error    Unexpected var, use let or const instead                                                                                                                                   no-var
   20:9   error    Identifier 'canister_string' is not in camel case                                                                                                                          camelcase
   21:1   error    Expected indentation of 2 spaces but found 4                                                                                                                               indent
   21:14  error    Identifier 'canister_string' is not in camel case                                                                                                                          camelcase
   24:1   error    Expected exception block, space or tab after '//' in comment                                                                                                               spaced-comment
   25:10  error    Identifier 'format_data' is not in camel case                                                                                                                              camelcase
   25:22  error    Identifier '_date_int' is not in camel case                                                                                                                                camelcase
   26:1   error    Expected indentation of 2 spaces but found 4                                                                                                                               indent
   26:5   error    Unexpected var, use let or const instead                                                                                                                                   no-var
   26:9   error    Identifier 'formatted_data' is not in camel case                                                                                                                           camelcase
   27:1   error    Expected indentation of 2 spaces but found 4                                                                                                                               indent
   27:12  error    Identifier 'formatted_data' is not in camel case                                                                                                                           camelcase
   29:1   error    Expected exception block, space or tab after '//' in comment                                                                                                               spaced-comment
   31:1   error    Expected indentation of 2 spaces but found 4                                                                                                                               indent
   35:1   error    Expected indentation of 2 spaces but found 4                                                                                                                               indent
   35:5   error    Identifier 'obj_transaction' is not in camel case                                                                                                                          camelcase
   36:1   error    Expected indentation of 2 spaces but found 4                                                                                                                               indent
   37:1   error    Expected indentation of 2 spaces but found 4                                                                                                                               indent
   38:1   error    Expected indentation of 2 spaces but found 4                                                                                                                               indent
   38:5   error    Identifier 'curr_obj' is not in camel case                                                                                                                                 camelcase
   39:1   error    Expected indentation of 2 spaces but found 4                                                                                                                               indent
   39:5   error    Identifier '_transaction_type_formatted' is not in camel case                                                                                                              camelcase
   39:40  error    Missing trailing comma                                                                                                                                                     comma-dangle
   41:3   error    Unexpected var, use let or const instead                                                                                                                                   no-var
   41:7   error    Unexpected dangling '_' in '_extensible'                                                                                                                                   no-underscore-dangle
   41:21  error    Identifier 'obj_transaction' is not in camel case                                                                                                                          camelcase
   41:21  error    Unexpected dangling '_' in '_props'                                                                                                                                        no-underscore-dangle
   42:3   error    Unexpected var, use let or const instead                                                                                                                                   no-var
   42:7   error    Identifier '_sale_id' is not in camel case                                                                                                                                 camelcase
   42:7   error    Unexpected dangling '_' in '_sale_id'                                                                                                                                      no-underscore-dangle
   42:18  error    Identifier 'obj_transaction' is not in camel case                                                                                                                          camelcase
   42:18  error    Unexpected dangling '_' in '_props'                                                                                                                                        no-underscore-dangle
   43:3   error    Unexpected var, use let or const instead                                                                                                                                   no-var
   43:7   error    Identifier 'obj_pricing' is not in camel case                                                                                                                              camelcase
   43:21  error    Identifier 'obj_transaction' is not in camel case                                                                                                                          camelcase
   43:21  error    Unexpected dangling '_' in '_props'                                                                                                                                        no-underscore-dangle
   45:3   error    Unexpected var, use let or const instead                                                                                                                                   no-var
   47:3   error    for..in loops iterate over the entire prototype chain, which is virtually never what you want. Use Object.{keys,values,entries}, and iterate over the resulting array      no-restricted-syntax
   47:25  error    Identifier 'obj_pricing' is not in camel case                                                                                                                              camelcase
   48:9   error    Identifier 'obj_pricing' is not in camel case                                                                                                                              camelcase
   48:21  error    Do not access Object.prototype method 'hasOwnProperty' from target object                                                                                                  no-prototype-builtins
   49:7   error    Expected a default case                                                                                                                                                    default-case
   50:14  error    Strings must use singlequote                                                                                                                                               quotes
   51:11  error    Unexpected lexical declaration in case block                                                                                                                               no-case-declarations
   53:11  error    'InstantData' is never reassigned. Use 'const' instead                                                                                                                     prefer-const
   54:21  error    Identifier 'curr_obj' is not in camel case                                                                                                                                 camelcase
   55:23  error    Identifier 'curr_obj' is not in camel case                                                                                                                                 camelcase
   56:23  error    Identifier '_transaction_type_formatted' is not in camel case                                                                                                              camelcase
   60:11  error    Expected exception block, space or tab after '//' in comment                                                                                                               spaced-comment
   61:11  error    Expected exception block, space or tab after '//' in comment                                                                                                               spaced-comment
   62:11  error    All 'var' declarations must be at the top of the function scope                                                                                                            vars-on-top
   62:11  error    Unexpected var, use let or const instead                                                                                                                                   no-var
   62:15  error    Identifier 'array_accounts' is not in camel case                                                                                                                           camelcase
   63:11  error    All 'var' declarations must be at the top of the function scope                                                                                                            vars-on-top
   63:11  error    Unexpected var, use let or const instead                                                                                                                                   no-var
   63:15  error    Identifier 'array_principals' is not in camel case                                                                                                                         camelcase
   65:11  error    Assignment to function parameter 'transactionObj'                                                                                                                          no-param-reassign
   66:26  error    Identifier 'curr_obj' is not in camel case                                                                                                                                 camelcase
   67:23  error    Identifier 'curr_obj' is not in camel case                                                                                                                                 camelcase
   68:23  error    Identifier '_transaction_type_formatted' is not in camel case                                                                                                              camelcase
   69:22  error    Strings must use singlequote                                                                                                                                               quotes
   70:23  error    Identifier 'array_accounts' is not in camel case                                                                                                                           camelcase
   71:25  error    Identifier 'array_principals' is not in camel case                                                                                                                         camelcase
   78:14  error    Strings must use singlequote                                                                                                                                               quotes
   79:11  error    Unexpected lexical declaration in case block                                                                                                                               no-case-declarations
   81:11  error    All 'var' declarations must be at the top of the function scope                                                                                                            vars-on-top
   81:11  error    Unexpected var, use let or const instead                                                                                                                                   no-var
   81:15  error    Identifier 'flat_token' is not in camel case                                                                                                                               camelcase
   81:28  error    Identifier 'obj_pricing' is not in camel case                                                                                                                              camelcase
   82:11  error    All 'var' declarations must be at the top of the function scope                                                                                                            vars-on-top
   82:11  error    Unexpected var, use let or const instead                                                                                                                                   no-var
   83:11  error    for..in loops iterate over the entire prototype chain, which is virtually never what you want. Use Object.{keys,values,entries}, and iterate over the resulting array      no-restricted-syntax
   83:11  error    The body of a for-in should be wrapped in an if statement to filter unwanted properties from the prototype                                                                 guard-for-in
   83:30  error    Identifier 'flat_token' is not in camel case                                                                                                                               camelcase
   84:13  error    All 'var' declarations must be at the top of the function scope                                                                                                            vars-on-top
   84:13  error    Unexpected var, use let or const instead                                                                                                                                   no-var
   84:17  error    Unexpected dangling '_' in '_canister'                                                                                                                                     no-underscore-dangle
   84:17  error    '_canister' used outside of binding context                                                                                                                                block-scoped-var
   85:13  error    All 'var' declarations must be at the top of the function scope                                                                                                            vars-on-top
   85:13  error    Unexpected var, use let or const instead                                                                                                                                   no-var
   85:17  error    Unexpected dangling '_' in '_fee'                                                                                                                                          no-underscore-dangle
   85:17  error    '_fee' used outside of binding context                                                                                                                                     block-scoped-var
   85:24  error    Identifier 'flat_token' is not in camel case                                                                                                                               camelcase
   86:13  error    All 'var' declarations must be at the top of the function scope                                                                                                            vars-on-top
   86:13  error    Unexpected var, use let or const instead                                                                                                                                   no-var
   86:17  error    Unexpected dangling '_' in '_symbol'                                                                                                                                       no-underscore-dangle
   86:17  error    '_symbol' used outside of binding context                                                                                                                                  block-scoped-var
   86:27  error    Identifier 'flat_token' is not in camel case                                                                                                                               camelcase
   87:13  error    All 'var' declarations must be at the top of the function scope                                                                                                            vars-on-top
   87:13  error    Unexpected var, use let or const instead                                                                                                                                   no-var
   87:17  error    Unexpected dangling '_' in '_decimals'                                                                                                                                     no-underscore-dangle
   87:17  error    '_decimals' used outside of binding context                                                                                                                                block-scoped-var
   87:29  error    Identifier 'flat_token' is not in camel case                                                                                                                               camelcase
   88:13  error    All 'var' declarations must be at the top of the function scope                                                                                                            vars-on-top
   88:13  error    Unexpected var, use let or const instead                                                                                                                                   no-var
   88:17  error    Unexpected dangling '_' in '_standard'                                                                                                                                     no-underscore-dangle
   88:17  error    '_standard' used outside of binding context                                                                                                                                block-scoped-var
   88:29  error    Identifier 'flat_token' is not in camel case                                                                                                                               camelcase
   90:13  error    iterators/generators require regenerator-runtime, which is too heavyweight for this guide to allow them. Separately, loops should be avoided in favor of array iterations  no-restricted-syntax
   90:44  error    '_standard' used outside of binding context                                                                                                                                block-scoped-var
   91:15  error    All 'var' declarations must be at the top of the function scope                                                                                                            vars-on-top
   91:15  error    Unexpected var, use let or const instead                                                                                                                                   no-var
   91:19  error    Identifier 'token_standard' is not in camel case                                                                                                                           camelcase
   91:19  error    'token_standard' used outside of binding context                                                                                                                           block-scoped-var
   95:11  error    All 'var' declarations must be at the top of the function scope                                                                                                            vars-on-top
   95:11  error    Unexpected var, use let or const instead                                                                                                                                   no-var
   95:15  error    Identifier 'obj_token' is not in camel case                                                                                                                                camelcase
   96:13  error    '_canister' used outside of binding context                                                                                                                                block-scoped-var
   96:13  error    '_canister' used outside of binding context                                                                                                                                block-scoped-var
   97:13  error    '_fee' used outside of binding context                                                                                                                                     block-scoped-var
   97:13  error    '_fee' used outside of binding context                                                                                                                                     block-scoped-var
   98:13  error    '_symbol' used outside of binding context                                                                                                                                  block-scoped-var
   98:13  error    '_symbol' used outside of binding context                                                                                                                                  block-scoped-var
   99:13  error    '_decimals' used outside of binding context                                                                                                                                block-scoped-var
   99:13  error    '_decimals' used outside of binding context                                                                                                                                block-scoped-var
  100:13  error    'token_standard' used outside of binding context                                                                                                                           block-scoped-var
  100:13  error    'token_standard' used outside of binding context                                                                                                                           block-scoped-var
  100:27  error    Missing trailing comma                                                                                                                                                     comma-dangle
  102:28  error    Identifier 'obj_token' is not in camel case                                                                                                                                camelcase
  105:21  error    Identifier 'curr_obj' is not in camel case                                                                                                                                 camelcase
  106:23  error    Identifier 'curr_obj' is not in camel case                                                                                                                                 camelcase
  107:23  error    Identifier '_transaction_type_formatted' is not in camel case                                                                                                              camelcase
  109:21  error    Identifier 'obj_pricing' is not in camel case                                                                                                                              camelcase
  110:20  error    Identifier 'obj_token' is not in camel case                                                                                                                                camelcase
  112:11  error    Expected exception block, space or tab after '//' in comment                                                                                                               spaced-comment
  113:11  error    Expected exception block, space or tab after '//' in comment                                                                                                               spaced-comment
  114:11  error    All 'var' declarations must be at the top of the function scope                                                                                                            vars-on-top
  114:11  error    Unexpected var, use let or const instead                                                                                                                                   no-var
  116:11  error    All 'var' declarations must be at the top of the function scope                                                                                                            vars-on-top
  116:11  error    Unexpected var, use let or const instead                                                                                                                                   no-var
  117:11  error    Identifier 'array_principals' is not in camel case                                                                                                                         camelcase
  117:33  error    Identifier 'obj_token' is not in camel case                                                                                                                                camelcase
  118:11  error    Assignment to function parameter 'transactionObj'                                                                                                                          no-param-reassign
  119:26  error    Identifier 'curr_obj' is not in camel case                                                                                                                                 camelcase
  120:23  error    Identifier 'curr_obj' is not in camel case                                                                                                                                 camelcase
  121:23  error    Identifier '_transaction_type_formatted' is not in camel case                                                                                                              camelcase
  122:22  error    Strings must use singlequote                                                                                                                                               quotes
  125:22  error    Identifier '_sale_id' is not in camel case                                                                                                                                 camelcase
  133:14  error    Strings must use singlequote                                                                                                                                               quotes
  134:11  error    Unexpected lexical declaration in case block                                                                                                                               no-case-declarations
  136:11  error    'DutchData' is never reassigned. Use 'const' instead                                                                                                                       prefer-const
  137:21  error    Identifier 'curr_obj' is not in camel case                                                                                                                                 camelcase
  138:23  error    Identifier 'curr_obj' is not in camel case                                                                                                                                 camelcase
  139:23  error    Identifier '_transaction_type_formatted' is not in camel case                                                                                                              camelcase
  141:26  error    Identifier 'obj_pricing' is not in camel case                                                                                                                              camelcase
  143:15  error    Identifier 'obj_pricing' is not in camel case                                                                                                                              camelcase
  144:22  error    Identifier 'obj_pricing' is not in camel case                                                                                                                              camelcase
  147:11  error    Expected exception block, space or tab after '//' in comment                                                                                                               spaced-comment
  148:11  error    Expected exception block, space or tab after '//' in comment                                                                                                               spaced-comment
  149:11  error    All 'var' declarations must be at the top of the function scope                                                                                                            vars-on-top
  149:11  error    Unexpected var, use let or const instead                                                                                                                                   no-var
  150:11  error    All 'var' declarations must be at the top of the function scope                                                                                                            vars-on-top
  150:11  error    Unexpected var, use let or const instead                                                                                                                                   no-var
  152:11  error    Assignment to function parameter 'transactionObj'                                                                                                                          no-param-reassign
  153:26  error    Identifier 'curr_obj' is not in camel case                                                                                                                                 camelcase
  154:23  error    Identifier 'curr_obj' is not in camel case                                                                                                                                 camelcase
  155:23  error    Identifier '_transaction_type_formatted' is not in camel case                                                                                                              camelcase
  156:22  error    Strings must use singlequote                                                                                                                                               quotes
  159:22  error    Identifier '_sale_id' is not in camel case                                                                                                                                 camelcase
  167:14  error    Strings must use singlequote                                                                                                                                               quotes
  168:11  error    Unexpected lexical declaration in case block                                                                                                                               no-case-declarations
  170:11  error    All 'var' declarations must be at the top of the function scope                                                                                                            vars-on-top
  170:11  error    Unexpected var, use let or const instead                                                                                                                                   no-var
  170:15  error    Unexpected dangling '_' in '_reserve'                                                                                                                                      no-underscore-dangle
  170:26  error    Identifier 'obj_pricing' is not in camel case                                                                                                                              camelcase
  171:11  error    All 'var' declarations must be at the top of the function scope                                                                                                            vars-on-top
  171:11  error    Unexpected var, use let or const instead                                                                                                                                   no-var
  171:15  error    Unexpected dangling '_' in '_buyNow'                                                                                                                                       no-underscore-dangle
  171:25  error    Identifier 'obj_pricing' is not in camel case                                                                                                                              camelcase
  172:11  error    All 'var' declarations must be at the top of the function scope                                                                                                            vars-on-top
  172:11  error    Unexpected var, use let or const instead                                                                                                                                   no-var
  172:15  error    Unexpected dangling '_' in '_startPrice'                                                                                                                                   no-underscore-dangle
  172:29  error    Identifier 'obj_pricing' is not in camel case                                                                                                                              camelcase
  173:11  error    All 'var' declarations must be at the top of the function scope                                                                                                            vars-on-top
  173:11  error    Unexpected var, use let or const instead                                                                                                                                   no-var
  173:15  error    Unexpected dangling '_' in '_startDate'                                                                                                                                    no-underscore-dangle
  174:13  error    Identifier 'obj_pricing' is not in camel case                                                                                                                              camelcase
  174:50  error    Missing trailing comma                                                                                                                                                     comma-dangle
  177:11  error    All 'var' declarations must be at the top of the function scope                                                                                                            vars-on-top
  177:11  error    Unexpected var, use let or const instead                                                                                                                                   no-var
  177:15  error    Unexpected dangling '_' in '_minIncrease'                                                                                                                                  no-underscore-dangle
  177:28  error    There should be no line break before or after '='                                                                                                                          operator-linebreak
  178:13  error    Identifier 'obj_pricing' is not in camel case                                                                                                                              camelcase
  179:11  error    All 'var' declarations must be at the top of the function scope                                                                                                            vars-on-top
  179:11  error    Unexpected var, use let or const instead                                                                                                                                   no-var
  179:15  error    Identifier 'minimum_increase' is not in camel case                                                                                                                         camelcase
  180:28  error    Do not access Object.prototype method 'hasOwnProperty' from target object                                                                                                  no-prototype-builtins
  180:43  error    Strings must use singlequote                                                                                                                                               quotes
  181:13  error    Identifier 'minimum_increase' is not in camel case                                                                                                                         camelcase
  183:13  error    Identifier 'minimum_increase' is not in camel case                                                                                                                         camelcase
  186:11  error    All 'var' declarations must be at the top of the function scope                                                                                                            vars-on-top
  186:11  error    Unexpected var, use let or const instead                                                                                                                                   no-var
  186:15  error    Unexpected dangling '_' in '_ending'                                                                                                                                       no-underscore-dangle
  186:25  error    Identifier 'obj_pricing' is not in camel case                                                                                                                              camelcase
  187:11  error    All 'var' declarations must be at the top of the function scope                                                                                                            vars-on-top
  187:11  error    Unexpected var, use let or const instead                                                                                                                                   no-var
  187:15  error    Identifier 'ending_date' is not in camel case                                                                                                                              camelcase
  188:23  error    Do not access Object.prototype method 'hasOwnProperty' from target object                                                                                                  no-prototype-builtins
  188:38  error    Strings must use singlequote                                                                                                                                               quotes
  189:13  error    Identifier 'ending_date' is not in camel case                                                                                                                              camelcase
  191:17  error    Identifier 'wait_for_quiet' is not in camel case                                                                                                                           camelcase
  191:17  error    Use object destructuring                                                                                                                                                   prefer-destructuring
  191:17  error    'wait_for_quiet' is never reassigned. Use 'const' instead                                                                                                                  prefer-const
  192:13  error    All 'var' declarations must be at the top of the function scope                                                                                                            vars-on-top
  192:13  error    Unexpected var, use let or const instead                                                                                                                                   no-var
  192:17  error    Identifier 'wait_props' is not in camel case                                                                                                                               camelcase
  194:13  error    for..in loops iterate over the entire prototype chain, which is virtually never what you want. Use Object.{keys,values,entries}, and iterate over the resulting array      no-restricted-syntax
  194:13  error    The body of a for-in should be wrapped in an if statement to filter unwanted properties from the prototype                                                                 guard-for-in
  194:18  error    Identifier 'wait_props' is not in camel case                                                                                                                               camelcase
  194:32  error    Identifier 'wait_for_quiet' is not in camel case                                                                                                                           camelcase
  195:15  error    All 'var' declarations must be at the top of the function scope                                                                                                            vars-on-top
  195:15  error    Unexpected var, use let or const instead                                                                                                                                   no-var
  195:19  error    Identifier 'wfq_date' is not in camel case                                                                                                                                 camelcase
  196:17  error    Identifier 'wait_for_quiet' is not in camel case                                                                                                                           camelcase
  196:32  error    Identifier 'wait_props' is not in camel case                                                                                                                               camelcase
  196:48  error    Missing trailing comma                                                                                                                                                     comma-dangle
  198:15  error    All 'var' declarations must be at the top of the function scope                                                                                                            vars-on-top
  198:15  error    Unexpected var, use let or const instead                                                                                                                                   no-var
  198:19  error    Identifier 'wfq_extention' is not in camel case                                                                                                                            camelcase
  198:33  error    There should be no line break before or after '='                                                                                                                          operator-linebreak
  199:17  error    Identifier 'wait_for_quiet' is not in camel case                                                                                                                           camelcase
  199:32  error    Identifier 'wait_props' is not in camel case                                                                                                                               camelcase
  200:15  error    All 'var' declarations must be at the top of the function scope                                                                                                            vars-on-top
  200:15  error    Unexpected var, use let or const instead                                                                                                                                   no-var
  200:19  error    Identifier 'wfq_fade' is not in camel case                                                                                                                                 camelcase
  200:30  error    Identifier 'wait_for_quiet' is not in camel case                                                                                                                           camelcase
  200:45  error    Identifier 'wait_props' is not in camel case                                                                                                                               camelcase
  201:15  error    All 'var' declarations must be at the top of the function scope                                                                                                            vars-on-top
  201:15  error    Unexpected var, use let or const instead                                                                                                                                   no-var
  201:19  error    Identifier 'wfq_max' is not in camel case                                                                                                                                  camelcase
  201:29  error    Identifier 'wait_for_quiet' is not in camel case                                                                                                                           camelcase
  201:44  error    Identifier 'wait_props' is not in camel case                                                                                                                               camelcase
  204:13  error    All 'var' declarations must be at the top of the function scope                                                                                                            vars-on-top
  204:13  error    Unexpected var, use let or const instead                                                                                                                                   no-var
  204:17  error    Identifier 'obj_wfq' is not in camel case                                                                                                                                  camelcase
  205:33  error    'wfq_date' used outside of binding context                                                                                                                                 block-scoped-var
  206:26  error    'wfq_extention' used outside of binding context                                                                                                                            block-scoped-var
  206:26  error    Identifier 'wfq_extention' is not in camel case                                                                                                                            camelcase
  207:21  error    'wfq_fade' used outside of binding context                                                                                                                                 block-scoped-var
  207:21  error    Identifier 'wfq_fade' is not in camel case                                                                                                                                 camelcase
  208:20  error    'wfq_max' used outside of binding context                                                                                                                                  block-scoped-var
  208:20  error    Identifier 'wfq_max' is not in camel case                                                                                                                                  camelcase
  211:13  error    Identifier 'ending_date' is not in camel case                                                                                                                              camelcase
  211:27  error    Identifier 'obj_wfq' is not in camel case                                                                                                                                  camelcase
  214:11  error    All 'var' declarations must be at the top of the function scope                                                                                                            vars-on-top
  214:11  error    Unexpected var, use let or const instead                                                                                                                                   no-var
  214:15  error    Unexpected dangling '_' in '_token'                                                                                                                                        no-underscore-dangle
  214:24  error    Identifier 'obj_pricing' is not in camel case                                                                                                                              camelcase
  215:11  error    All 'var' declarations must be at the top of the function scope                                                                                                            vars-on-top
  215:11  error    Unexpected var, use let or const instead                                                                                                                                   no-var
  216:11  error    for..in loops iterate over the entire prototype chain, which is virtually never what you want. Use Object.{keys,values,entries}, and iterate over the resulting array      no-restricted-syntax
  216:11  error    The body of a for-in should be wrapped in an if statement to filter unwanted properties from the prototype                                                                 guard-for-in
  217:13  error    All 'var' declarations must be at the top of the function scope                                                                                                            vars-on-top
  217:13  error    Unexpected var, use let or const instead                                                                                                                                   no-var
  217:17  error    '_canister' used outside of binding context                                                                                                                                block-scoped-var
  217:17  error    Unexpected dangling '_' in '_canister'                                                                                                                                     no-underscore-dangle
  218:13  error    All 'var' declarations must be at the top of the function scope                                                                                                            vars-on-top
  218:13  error    Unexpected var, use let or const instead                                                                                                                                   no-var
  218:17  error    '_fee' used outside of binding context                                                                                                                                     block-scoped-var
  218:17  error    Unexpected dangling '_' in '_fee'                                                                                                                                          no-underscore-dangle
  219:13  error    All 'var' declarations must be at the top of the function scope                                                                                                            vars-on-top
  219:13  error    Unexpected var, use let or const instead                                                                                                                                   no-var
  219:17  error    '_symbol' used outside of binding context                                                                                                                                  block-scoped-var
  219:17  error    Unexpected dangling '_' in '_symbol'                                                                                                                                       no-underscore-dangle
  220:13  error    All 'var' declarations must be at the top of the function scope                                                                                                            vars-on-top
  220:13  error    Unexpected var, use let or const instead                                                                                                                                   no-var
  220:17  error    '_decimals' used outside of binding context                                                                                                                                block-scoped-var
  220:17  error    Unexpected dangling '_' in '_decimals'                                                                                                                                     no-underscore-dangle
  221:13  error    All 'var' declarations must be at the top of the function scope                                                                                                            vars-on-top
  221:13  error    Unexpected var, use let or const instead                                                                                                                                   no-var
  221:17  error    '_standard' used outside of binding context                                                                                                                                block-scoped-var
  221:17  error    Unexpected dangling '_' in '_standard'                                                                                                                                     no-underscore-dangle
  223:13  error    iterators/generators require regenerator-runtime, which is too heavyweight for this guide to allow them. Separately, loops should be avoided in favor of array iterations  no-restricted-syntax
  223:44  error    '_standard' used outside of binding context                                                                                                                                block-scoped-var
  224:15  error    All 'var' declarations must be at the top of the function scope                                                                                                            vars-on-top
  224:15  error    Unexpected var, use let or const instead                                                                                                                                   no-var
  224:19  error    'token_standard' used outside of binding context                                                                                                                           block-scoped-var
  228:11  error    All 'var' declarations must be at the top of the function scope                                                                                                            vars-on-top
  228:11  error    Unexpected var, use let or const instead                                                                                                                                   no-var
  229:13  error    '_canister' used outside of binding context                                                                                                                                block-scoped-var
  229:13  error    '_canister' used outside of binding context                                                                                                                                block-scoped-var
  230:13  error    '_fee' used outside of binding context                                                                                                                                     block-scoped-var
  230:13  error    '_fee' used outside of binding context                                                                                                                                     block-scoped-var
  231:13  error    '_symbol' used outside of binding context                                                                                                                                  block-scoped-var
  231:13  error    '_symbol' used outside of binding context                                                                                                                                  block-scoped-var
  232:13  error    '_decimals' used outside of binding context                                                                                                                                block-scoped-var
  232:13  error    '_decimals' used outside of binding context                                                                                                                                block-scoped-var
  233:13  error    'token_standard' used outside of binding context                                                                                                                           block-scoped-var
  233:13  error    'token_standard' used outside of binding context                                                                                                                           block-scoped-var
  233:27  error    Missing trailing comma                                                                                                                                                     comma-dangle
  236:11  error    'AuctionData' is never reassigned. Use 'const' instead                                                                                                                     prefer-const
  237:21  error    Identifier 'curr_obj' is not in camel case                                                                                                                                 camelcase
  238:23  error    Identifier 'curr_obj' is not in camel case                                                                                                                                 camelcase
  239:23  error    Identifier '_transaction_type_formatted' is not in camel case                                                                                                              camelcase
  241:20  error    Identifier 'obj_token' is not in camel case                                                                                                                                camelcase
  242:13  error    Expected property shorthand                                                                                                                                                object-shorthand
  242:26  error    Identifier 'ending_date' is not in camel case                                                                                                                              camelcase
  243:27  error    Identifier 'minimum_increase' is not in camel case                                                                                                                         camelcase
  250:11  error    Expected exception block, space or tab after '//' in comment                                                                                                               spaced-comment
  251:11  error    Expected exception block, space or tab after '//' in comment                                                                                                               spaced-comment
  252:11  error    All 'var' declarations must be at the top of the function scope                                                                                                            vars-on-top
  252:11  error    Unexpected var, use let or const instead                                                                                                                                   no-var
  254:11  error    All 'var' declarations must be at the top of the function scope                                                                                                            vars-on-top
  254:11  error    Unexpected var, use let or const instead                                                                                                                                   no-var
  255:11  error    Identifier 'array_principals' is not in camel case                                                                                                                         camelcase
  255:33  error    Identifier 'obj_token' is not in camel case                                                                                                                                camelcase
  256:11  error    Assignment to function parameter 'transactionObj'                                                                                                                          no-param-reassign
  257:26  error    Identifier 'curr_obj' is not in camel case                                                                                                                                 camelcase
  258:23  error    Identifier 'curr_obj' is not in camel case                                                                                                                                 camelcase
  259:23  error    Identifier '_transaction_type_formatted' is not in camel case                                                                                                              camelcase
  260:22  error    Strings must use singlequote                                                                                                                                               quotes
  264:22  error    Identifier '_sale_id' is not in camel case                                                                                                                                 camelcase
  270:14  error    Strings must use singlequote                                                                                                                                               quotes
  271:11  warning  Unexpected console statement                                                                                                                                               no-console
  271:23  error    Strings must use singlequote                                                                                                                                               quotes
  277:1   error    Expected indentation of 2 spaces but found 0                                                                                                                               indent
  279:1   error    Expected indentation of 2 spaces but found 0                                                                                                                               indent
  279:2   error    Missing semicolon                                                                                                                                                          semi
  282:27  error    Newline required at end of file but not found                                                                                                                              eol-last

/Users/maria/git/ORIGYN/dapps-monorepo-lerna/packages/features/components/src/TransactionsTable/functions/SaleWithdraw.tsx
    1:27  error  Strings must use singlequote                                                                                                                                               quotes
    2:1   error  Expected exception block, space or tab after '//' in comment                                                                                                               spaced-comment
    4:1   error  Expected indentation of 2 spaces but found 4                                                                                                                               indent
    5:1   error  Expected indentation of 2 spaces but found 4                                                                                                                               indent
    6:1   error  Expected indentation of 2 spaces but found 4                                                                                                                               indent
    6:17  error  Missing trailing comma                                                                                                                                                     comma-dangle
    7:8   error  Strings must use singlequote                                                                                                                                               quotes
    7:21  error  Missing semicolon                                                                                                                                                          semi
    8:1   error  Expected exception block, space or tab after '//' in comment                                                                                                               spaced-comment
   10:1   error  Expected indentation of 2 spaces but found 4                                                                                                                               indent
   10:5   error  Identifier 'acc_principal' is not in camel case                                                                                                                            camelcase
   11:1   error  Expected indentation of 2 spaces but found 4                                                                                                                               indent
   11:5   error  Identifier 'acc_id' is not in camel case                                                                                                                                   camelcase
   12:1   error  Expected indentation of 2 spaces but found 4                                                                                                                               indent
   12:5   error  Identifier 'acc_extensible' is not in camel case                                                                                                                           camelcase
   12:27  error  Missing trailing comma                                                                                                                                                     comma-dangle
   14:1   error  Expected indentation of 2 spaces but found 4                                                                                                                               indent
   14:9   error  'thisArray' is never reassigned. Use 'const' instead                                                                                                                       prefer-const
   14:51  error  Identifier 'acc_principal' is not in camel case                                                                                                                            camelcase
   14:51  error  Unexpected dangling '_' in '_arr'                                                                                                                                          no-underscore-dangle
   15:1   error  Expected indentation of 2 spaces but found 4                                                                                                                               indent
   15:5   error  Unexpected var, use let or const instead                                                                                                                                   no-var
   15:9   error  Identifier 'acc_principal_string' is not in camel case                                                                                                                     camelcase
   16:1   error  Expected indentation of 2 spaces but found 4                                                                                                                               indent
   16:14  error  Identifier 'acc_principal_string' is not in camel case                                                                                                                     camelcase
   16:36  error  Identifier 'acc_id' is not in camel case                                                                                                                                   camelcase
   16:44  error  Identifier 'acc_extensible' is not in camel case                                                                                                                           camelcase
   18:1   error  Expected exception block, space or tab after '//' in comment                                                                                                               spaced-comment
   20:1   error  Expected indentation of 2 spaces but found 4                                                                                                                               indent
   21:1   error  Expected indentation of 2 spaces but found 4                                                                                                                               indent
   22:1   error  Expected indentation of 2 spaces but found 4                                                                                                                               indent
   23:1   error  Expected indentation of 2 spaces but found 4                                                                                                                               indent
   24:1   error  Expected indentation of 2 spaces but found 4                                                                                                                               indent
   24:21  error  Missing trailing comma                                                                                                                                                     comma-dangle
   26:1   error  Expected indentation of 2 spaces but found 4                                                                                                                               indent
   26:9   error  'thisArray' is never reassigned. Use 'const' instead                                                                                                                       prefer-const
   26:51  error  Unexpected dangling '_' in '_arr'                                                                                                                                          no-underscore-dangle
   27:1   error  Expected indentation of 2 spaces but found 4                                                                                                                               indent
   27:5   error  Unexpected var, use let or const instead                                                                                                                                   no-var
   27:9   error  Identifier 'canister_string' is not in camel case                                                                                                                          camelcase
   28:1   error  Expected indentation of 2 spaces but found 4                                                                                                                               indent
   28:14  error  Identifier 'canister_string' is not in camel case                                                                                                                          camelcase
   31:1   error  Expected exception block, space or tab after '//' in comment                                                                                                               spaced-comment
   33:1   error  Expected indentation of 2 spaces but found 4                                                                                                                               indent
   37:1   error  Expected indentation of 2 spaces but found 4                                                                                                                               indent
   37:5   error  Identifier 'obj_transaction' is not in camel case                                                                                                                          camelcase
   38:1   error  Expected indentation of 2 spaces but found 4                                                                                                                               indent
   39:1   error  Expected indentation of 2 spaces but found 4                                                                                                                               indent
   40:1   error  Expected indentation of 2 spaces but found 4                                                                                                                               indent
   40:5   error  Identifier 'curr_obj' is not in camel case                                                                                                                                 camelcase
   41:1   error  Expected indentation of 2 spaces but found 4                                                                                                                               indent
   41:5   error  Identifier '_transaction_type_formatted' is not in camel case                                                                                                              camelcase
   41:40  error  Missing trailing comma                                                                                                                                                     comma-dangle
   43:3   error  Expected exception block, space or tab after '//' in comment                                                                                                               spaced-comment
   44:3   error  Unexpected var, use let or const instead                                                                                                                                   no-var
   44:7   error  Identifier 'sale_wit_buyer' is not in camel case                                                                                                                           camelcase
   44:24  error  Identifier 'obj_transaction' is not in camel case                                                                                                                          camelcase
   44:24  error  Unexpected dangling '_' in '_props'                                                                                                                                        no-underscore-dangle
   45:3   error  Unexpected var, use let or const instead                                                                                                                                   no-var
   45:7   error  Identifier 'sale_wit_seller' is not in camel case                                                                                                                          camelcase
   45:25  error  Identifier 'obj_transaction' is not in camel case                                                                                                                          camelcase
   45:25  error  Unexpected dangling '_' in '_props'                                                                                                                                        no-underscore-dangle
   46:3   error  Expected exception block, space or tab after '//' in comment                                                                                                               spaced-comment
   47:3   error  Unexpected var, use let or const instead                                                                                                                                   no-var
   47:7   error  Identifier 'buyer_principal' is not in camel case                                                                                                                          camelcase
   47:25  error  Identifier 'sale_wit_buyer' is not in camel case                                                                                                                           camelcase
   48:3   error  Unexpected var, use let or const instead                                                                                                                                   no-var
   48:7   error  Identifier 'buyer_id' is not in camel case                                                                                                                                 camelcase
   48:18  error  Identifier 'sale_wit_buyer' is not in camel case                                                                                                                           camelcase
   49:3   error  Unexpected var, use let or const instead                                                                                                                                   no-var
   49:7   error  Identifier 'buyer_ext' is not in camel case                                                                                                                                camelcase
   49:19  error  Identifier 'sale_wit_buyer' is not in camel case                                                                                                                           camelcase
   50:8   error  Identifier 'buyer_id' is not in camel case                                                                                                                                 camelcase
   51:5   error  Identifier 'buyer_id' is not in camel case                                                                                                                                 camelcase
   51:16  error  Strings must use singlequote                                                                                                                                               quotes
   53:8   error  Identifier 'buyer_ext' is not in camel case                                                                                                                                camelcase
   54:5   error  Identifier 'buyer_ext' is not in camel case                                                                                                                                camelcase
   54:17  error  Strings must use singlequote                                                                                                                                               quotes
   56:3   error  Expected exception block, space or tab after '//' in comment                                                                                                               spaced-comment
   57:3   error  All 'var' declarations must be at the top of the function scope                                                                                                            vars-on-top
   57:3   error  Unexpected var, use let or const instead                                                                                                                                   no-var
   57:7   error  Identifier 'buyer_account' is not in camel case                                                                                                                            camelcase
   60:14  error  Missing trailing comma                                                                                                                                                     comma-dangle
   63:3   error  Expected exception block, space or tab after '//' in comment                                                                                                               spaced-comment
   64:3   error  All 'var' declarations must be at the top of the function scope                                                                                                            vars-on-top
   64:3   error  Unexpected var, use let or const instead                                                                                                                                   no-var
   64:7   error  Identifier 'seller_principal' is not in camel case                                                                                                                         camelcase
   64:26  error  Identifier 'sale_wit_seller' is not in camel case                                                                                                                          camelcase
   65:3   error  All 'var' declarations must be at the top of the function scope                                                                                                            vars-on-top
   65:3   error  Unexpected var, use let or const instead                                                                                                                                   no-var
   65:7   error  Identifier 'seller_id' is not in camel case                                                                                                                                camelcase
   65:19  error  Identifier 'sale_wit_seller' is not in camel case                                                                                                                          camelcase
   66:3   error  All 'var' declarations must be at the top of the function scope                                                                                                            vars-on-top
   66:3   error  Unexpected var, use let or const instead                                                                                                                                   no-var
   66:7   error  Identifier 'seller_ext' is not in camel case                                                                                                                               camelcase
   66:20  error  Identifier 'sale_wit_seller' is not in camel case                                                                                                                          camelcase
   67:8   error  Identifier 'seller_id' is not in camel case                                                                                                                                camelcase
   68:5   error  Identifier 'seller_id' is not in camel case                                                                                                                                camelcase
   68:17  error  Strings must use singlequote                                                                                                                                               quotes
   70:8   error  Identifier 'seller_ext' is not in camel case                                                                                                                               camelcase
   71:5   error  Identifier 'seller_ext' is not in camel case                                                                                                                               camelcase
   71:18  error  Strings must use singlequote                                                                                                                                               quotes
   73:3   error  Expected exception block, space or tab after '//' in comment                                                                                                               spaced-comment
   74:3   error  All 'var' declarations must be at the top of the function scope                                                                                                            vars-on-top
   74:3   error  Unexpected var, use let or const instead                                                                                                                                   no-var
   74:7   error  Identifier 'seller_account' is not in camel case                                                                                                                           camelcase
   77:15  error  Missing trailing comma                                                                                                                                                     comma-dangle
   80:3   error  Expected exception block, space or tab after '//' in comment                                                                                                               spaced-comment
   81:3   error  All 'var' declarations must be at the top of the function scope                                                                                                            vars-on-top
   81:3   error  Unexpected var, use let or const instead                                                                                                                                   no-var
   81:7   error  Identifier 'sale_wit_token' is not in camel case                                                                                                                           camelcase
   81:24  error  Identifier 'obj_transaction' is not in camel case                                                                                                                          camelcase
   81:24  error  Unexpected dangling '_' in '_props'                                                                                                                                        no-underscore-dangle
   83:3   error  All 'var' declarations must be at the top of the function scope                                                                                                            vars-on-top
   83:3   error  Unexpected var, use let or const instead                                                                                                                                   no-var
   84:3   error  for..in loops iterate over the entire prototype chain, which is virtually never what you want. Use Object.{keys,values,entries}, and iterate over the resulting array      no-restricted-syntax
   84:3   error  The body of a for-in should be wrapped in an if statement to filter unwanted properties from the prototype                                                                 guard-for-in
   84:22  error  Identifier 'sale_wit_token' is not in camel case                                                                                                                           camelcase
   85:5   error  All 'var' declarations must be at the top of the function scope                                                                                                            vars-on-top
   85:5   error  Unexpected var, use let or const instead                                                                                                                                   no-var
   85:9   error  Unexpected dangling '_' in '_canister'                                                                                                                                     no-underscore-dangle
   85:21  error  Identifier 'sale_wit_token' is not in camel case                                                                                                                           camelcase
   86:5   error  All 'var' declarations must be at the top of the function scope                                                                                                            vars-on-top
   86:5   error  Unexpected var, use let or const instead                                                                                                                                   no-var
   86:9   error  Unexpected dangling '_' in '_fee'                                                                                                                                          no-underscore-dangle
   86:16  error  Identifier 'sale_wit_token' is not in camel case                                                                                                                           camelcase
   87:5   error  All 'var' declarations must be at the top of the function scope                                                                                                            vars-on-top
   87:5   error  Unexpected var, use let or const instead                                                                                                                                   no-var
   87:9   error  Unexpected dangling '_' in '_symbol'                                                                                                                                       no-underscore-dangle
   87:19  error  Identifier 'sale_wit_token' is not in camel case                                                                                                                           camelcase
   88:5   error  All 'var' declarations must be at the top of the function scope                                                                                                            vars-on-top
   88:5   error  Unexpected var, use let or const instead                                                                                                                                   no-var
   88:9   error  Unexpected dangling '_' in '_decimals'                                                                                                                                     no-underscore-dangle
   88:21  error  Identifier 'sale_wit_token' is not in camel case                                                                                                                           camelcase
   89:5   error  All 'var' declarations must be at the top of the function scope                                                                                                            vars-on-top
   89:5   error  Unexpected var, use let or const instead                                                                                                                                   no-var
   89:9   error  Unexpected dangling '_' in '_standard'                                                                                                                                     no-underscore-dangle
   89:21  error  Identifier 'sale_wit_token' is not in camel case                                                                                                                           camelcase
   91:5   error  iterators/generators require regenerator-runtime, which is too heavyweight for this guide to allow them. Separately, loops should be avoided in favor of array iterations  no-restricted-syntax
   92:7   error  All 'var' declarations must be at the top of the function scope                                                                                                            vars-on-top
   92:7   error  Unexpected var, use let or const instead                                                                                                                                   no-var
   92:11  error  Identifier 'token_standard' is not in camel case                                                                                                                           camelcase
   96:3   error  All 'var' declarations must be at the top of the function scope                                                                                                            vars-on-top
   96:3   error  Unexpected var, use let or const instead                                                                                                                                   no-var
   96:7   error  Identifier 'obj_token' is not in camel case                                                                                                                                camelcase
   97:5   error  '_canister' used outside of binding context                                                                                                                                block-scoped-var
   98:5   error  '_fee' used outside of binding context                                                                                                                                     block-scoped-var
   99:5   error  '_symbol' used outside of binding context                                                                                                                                  block-scoped-var
  100:5   error  '_decimals' used outside of binding context                                                                                                                                block-scoped-var
  101:5   error  'token_standard' used outside of binding context                                                                                                                           block-scoped-var
  101:19  error  Missing trailing comma                                                                                                                                                     comma-dangle
  104:3   error  Expected exception block, space or tab after '//' in comment                                                                                                               spaced-comment
  105:3   error  All 'var' declarations must be at the top of the function scope                                                                                                            vars-on-top
  105:3   error  Unexpected var, use let or const instead                                                                                                                                   no-var
  105:7   error  Identifier 'sale_wit_trans' is not in camel case                                                                                                                           camelcase
  105:24  error  Identifier 'obj_transaction' is not in camel case                                                                                                                          camelcase
  105:24  error  Unexpected dangling '_' in '_props'                                                                                                                                        no-underscore-dangle
  106:3   error  All 'var' declarations must be at the top of the function scope                                                                                                            vars-on-top
  106:3   error  Unexpected var, use let or const instead                                                                                                                                   no-var
  106:7   error  Identifier 'trans_nat' is not in camel case                                                                                                                                camelcase
  106:19  error  Identifier 'sale_wit_trans' is not in camel case                                                                                                                           camelcase
  107:3   error  All 'var' declarations must be at the top of the function scope                                                                                                            vars-on-top
  107:3   error  Unexpected var, use let or const instead                                                                                                                                   no-var
  107:7   error  Identifier 'trans_text' is not in camel case                                                                                                                               camelcase
  107:20  error  Identifier 'sale_wit_trans' is not in camel case                                                                                                                           camelcase
  108:3   error  All 'var' declarations must be at the top of the function scope                                                                                                            vars-on-top
  108:3   error  Unexpected var, use let or const instead                                                                                                                                   no-var
  108:7   error  Identifier 'trans_ext' is not in camel case                                                                                                                                camelcase
  108:19  error  Identifier 'sale_wit_trans' is not in camel case                                                                                                                           camelcase
  109:3   error  Expected exception block, space or tab after '//' in comment                                                                                                               spaced-comment
  110:3   error  All 'var' declarations must be at the top of the function scope                                                                                                            vars-on-top
  110:3   error  Unexpected var, use let or const instead                                                                                                                                   no-var
  110:7   error  Identifier 'sale_wit_trx' is not in camel case                                                                                                                             camelcase
  111:11  error  Identifier 'trans_nat' is not in camel case                                                                                                                                camelcase
  112:12  error  Identifier 'trans_text' is not in camel case                                                                                                                               camelcase
  113:18  error  Identifier 'trans_ext' is not in camel case                                                                                                                                camelcase
  116:3   error  Expected exception block, space or tab after '//' in comment                                                                                                               spaced-comment
  117:3   error  Expected exception block, space or tab after '//' in comment                                                                                                               spaced-comment
  118:3   error  All 'var' declarations must be at the top of the function scope                                                                                                            vars-on-top
  118:3   error  Unexpected var, use let or const instead                                                                                                                                   no-var
  118:7   error  Identifier 'array_accounts' is not in camel case                                                                                                                           camelcase
  119:3   error  Identifier 'array_accounts' is not in camel case                                                                                                                           camelcase
  120:18  error  Identifier 'buyer_principal' is not in camel case                                                                                                                          camelcase
  120:18  error  Unexpected dangling '_' in '_arr'                                                                                                                                          no-underscore-dangle
  121:18  error  Identifier 'seller_principal' is not in camel case                                                                                                                         camelcase
  121:18  error  Unexpected dangling '_' in '_arr'                                                                                                                                          no-underscore-dangle
  121:40  error  Missing trailing comma                                                                                                                                                     comma-dangle
  123:3   error  All 'var' declarations must be at the top of the function scope                                                                                                            vars-on-top
  123:3   error  Unexpected var, use let or const instead                                                                                                                                   no-var
  123:7   error  Identifier 'array_principals' is not in camel case                                                                                                                         camelcase
  124:3   error  Identifier 'array_principals' is not in camel case                                                                                                                         camelcase
  124:25  error  Identifier 'obj_token' is not in camel case                                                                                                                                camelcase
  125:3   error  Assignment to function parameter 'transactionObj'                                                                                                                          no-param-reassign
  126:18  error  Identifier 'curr_obj' is not in camel case                                                                                                                                 camelcase
  127:15  error  Identifier 'curr_obj' is not in camel case                                                                                                                                 camelcase
  128:15  error  Identifier '_transaction_type_formatted' is not in camel case                                                                                                              camelcase
  129:14  error  Strings must use singlequote                                                                                                                                               quotes
  132:12  error  Identifier 'obj_token' is not in camel case                                                                                                                                camelcase
  133:12  error  Identifier 'buyer_account' is not in camel case                                                                                                                            camelcase
  134:13  error  Identifier 'seller_account' is not in camel case                                                                                                                           camelcase
  135:13  error  Identifier 'obj_transaction' is not in camel case                                                                                                                          camelcase
  135:13  error  Unexpected dangling '_' in '_props'                                                                                                                                        no-underscore-dangle
  136:10  error  Identifier 'obj_transaction' is not in camel case                                                                                                                          camelcase
  136:10  error  Unexpected dangling '_' in '_props'                                                                                                                                        no-underscore-dangle
  137:13  error  Identifier 'sale_wit_trx' is not in camel case                                                                                                                             camelcase
  139:1   error  Expected indentation of 2 spaces but found 0                                                                                                                               indent
  141:1   error  Expected indentation of 2 spaces but found 0                                                                                                                               indent
  141:2   error  Missing semicolon                                                                                                                                                          semi
  144:29  error  Newline required at end of file but not found                                                                                                                              eol-last

/Users/maria/git/ORIGYN/dapps-monorepo-lerna/packages/features/components/src/TransactionsTable/index.tsx
    1:56  error    Strings must use singlequote                                                                                                                                           quotes
    2:31  error    Strings must use singlequote                                                                                                                                           quotes
    2:31  error    '/Users/maria/git/ORIGYN/dapps-monorepo-lerna/packages/utils/src/index.ts' imported multiple times                                                                     import/no-duplicates
    3:28  error    Multiple spaces found before '"@dapp/features-authentication"'                                                                                                         no-multi-spaces
    3:30  error    Strings must use singlequote                                                                                                                                           quotes
    4:33  error    Strings must use singlequote                                                                                                                                           quotes
    4:33  error    '/Users/maria/git/ORIGYN/dapps-monorepo-lerna/node_modules/@mui/material/index.d.ts' imported multiple times                                                           import/no-duplicates
    5:19  error    Strings must use singlequote                                                                                                                                           quotes
    6:19  error    Strings must use singlequote                                                                                                                                           quotes
    7:23  error    Strings must use singlequote                                                                                                                                           quotes
    8:23  error    Strings must use singlequote                                                                                                                                           quotes
    9:28  error    Strings must use singlequote                                                                                                                                           quotes
   10:23  error    Strings must use singlequote                                                                                                                                           quotes
   11:22  error    Strings must use singlequote                                                                                                                                           quotes
   12:19  error    Strings must use singlequote                                                                                                                                           quotes
   13:25  error    Strings must use singlequote                                                                                                                                           quotes
   14:29  error    Strings must use singlequote                                                                                                                                           quotes
   15:37  error    Strings must use singlequote                                                                                                                                           quotes
   16:39  error    Strings must use singlequote                                                                                                                                           quotes
   17:1   error    Expected exception block, space or tab after '//' in comment                                                                                                           spaced-comment
   20:6   error    Missing trailing comma                                                                                                                                                 comma-dangle
   21:8   error    Strings must use singlequote                                                                                                                                           quotes
   21:8   error    '/Users/maria/git/ORIGYN/dapps-monorepo-lerna/packages/utils/src/index.ts' imported multiple times                                                                     import/no-duplicates
   22:1   error    Expected exception block, space or tab after '//' in comment                                                                                                           spaced-comment
   23:18  error    Strings must use singlequote                                                                                                                                           quotes
   24:24  error    Strings must use singlequote                                                                                                                                           quotes
   25:23  error    Strings must use singlequote                                                                                                                                           quotes
   26:24  error    Strings must use singlequote                                                                                                                                           quotes
   27:27  error    Strings must use singlequote                                                                                                                                           quotes
   28:27  error    Strings must use singlequote                                                                                                                                           quotes
   29:28  error    Strings must use singlequote                                                                                                                                           quotes
   30:26  error    Strings must use singlequote                                                                                                                                           quotes
   31:1   error    Expected exception block, space or tab after '//' in comment                                                                                                           spaced-comment
   32:1   error    `@mui/material` import should occur before import of `./functions/Mint`                                                                                                import/order
   32:34  error    Strings must use singlequote                                                                                                                                           quotes
   32:34  error    '/Users/maria/git/ORIGYN/dapps-monorepo-lerna/node_modules/@mui/material/index.d.ts' imported multiple times                                                           import/no-duplicates
   33:1   error    Expected exception block, space or tab after '//' in comment                                                                                                           spaced-comment
   34:27  error    Strings must use singlequote                                                                                                                                           quotes
   35:1   error    Expected exception block, space or tab after '//' in comment                                                                                                           spaced-comment
   36:7   error    Identifier 'cell_style' is not in camel case                                                                                                                           camelcase
   37:12  error    Strings must use singlequote                                                                                                                                           quotes
   38:10  error    Strings must use singlequote                                                                                                                                           quotes
   39:15  error    Strings must use singlequote                                                                                                                                           quotes
   41:1   error    Expected exception block, space or tab after '//' in comment                                                                                                           spaced-comment
   43:13  error    Strings must use singlequote                                                                                                                                           quotes
   44:8   error    Strings must use singlequote                                                                                                                                           quotes
   45:9   error    Strings must use singlequote                                                                                                                                           quotes
   46:14  error    Strings must use singlequote                                                                                                                                           quotes
   47:13  error    Strings must use singlequote                                                                                                                                           quotes
   48:12  error    Strings must use singlequote                                                                                                                                           quotes
   49:11  error    Strings must use singlequote                                                                                                                                           quotes
   54:5   error    Strings must use singlequote                                                                                                                                           quotes
   56:1   error    Expected exception block, space or tab after '//' in comment                                                                                                           spaced-comment
   61:34  error    Function component is not a function declaration                                                                                                                       react/function-component-definition
   62:3   error    Expected exception block, space or tab after '//' in comment                                                                                                           spaced-comment
   63:19  error    There should be no line break before or after '='                                                                                                                      operator-linebreak
   66:3   error    Expected exception block, space or tab after '//*' in comment                                                                                                          spaced-comment
   67:3   error    Expected exception block, space or tab after '//' in comment                                                                                                           spaced-comment
   70:3   error    Expected exception block, space or tab after '//*' in comment                                                                                                          spaced-comment
   72:3   error    Expected exception block, space or tab after '//' in comment                                                                                                           spaced-comment
   77:3   error    Expected exception block, space or tab after '//' in comment                                                                                                           spaced-comment
   79:3   error    Expected exception block, space or tab after '//' in comment                                                                                                           spaced-comment
   87:3   error    Expected exception block, space or tab after '//' in comment                                                                                                           spaced-comment
   89:3   error    Expected exception block, space or tab after '//' in comment                                                                                                           spaced-comment
   95:3   error    Expected exception block, space or tab after '//*' in comment                                                                                                          spaced-comment
   99:3   error    Expected exception block, space or tab after '//*' in comment                                                                                                          spaced-comment
  100:3   error    Expected exception block, space or tab after '//' in comment                                                                                                           spaced-comment
  103:3   error    Expected exception block, space or tab after '//*' in comment                                                                                                          spaced-comment
  104:3   error    Expected exception block, space or tab after '//' in comment                                                                                                           spaced-comment
  108:9   error    'urlParams' is never reassigned. Use 'const' instead                                                                                                                   prefer-const
  109:23  error    Strings must use singlequote                                                                                                                                           quotes
  110:7   error    All 'var' declarations must be at the top of the function scope                                                                                                        vars-on-top
  110:7   error    Unexpected var, use let or const instead                                                                                                                               no-var
  110:11  error    Identifier 'cur_url' is not in camel case                                                                                                                              camelcase
  111:7   error    All 'var' declarations must be at the top of the function scope                                                                                                        vars-on-top
  111:7   error    Unexpected var, use let or const instead                                                                                                                               no-var
  111:11  error    Identifier 'search_params' is not in camel case                                                                                                                        camelcase
  111:27  error    Identifier 'cur_url' is not in camel case                                                                                                                              camelcase
  112:7   error    Identifier 'search_params' is not in camel case                                                                                                                        camelcase
  112:28  error    Strings must use singlequote                                                                                                                                           quotes
  113:7   error    Identifier 'cur_url' is not in camel case                                                                                                                              camelcase
  113:24  error    Identifier 'search_params' is not in camel case                                                                                                                        camelcase
  115:9   error    Strings must use singlequote                                                                                                                                           quotes
  116:9   error    Strings must use singlequote                                                                                                                                           quotes
  117:60  error    Identifier 'cur_url' is not in camel case                                                                                                                              camelcase
  117:79  error    Missing trailing comma                                                                                                                                                 comma-dangle
  120:5   error    Must use destructuring props assignment                                                                                                                                react/destructuring-assignment
  120:11  error    'setIndexID' is missing in props validation                                                                                                                            react/prop-types
  120:22  error    Strings must use singlequote                                                                                                                                           quotes
  123:34  error    Identifier 'obj_trans' is not in camel case                                                                                                                            camelcase
  124:5   error    Expected exception block, space or tab after '//' in comment                                                                                                           spaced-comment
  125:18  error    Strings must use singlequote                                                                                                                                           quotes
  126:5   error    for..in loops iterate over the entire prototype chain, which is virtually never what you want. Use Object.{keys,values,entries}, and iterate over the resulting array  no-restricted-syntax
  126:10  error    All 'var' declarations must be at the top of the function scope                                                                                                        vars-on-top
  126:10  error    Unexpected var, use let or const instead                                                                                                                               no-var
  126:19  error    Identifier 'obj_trans' is not in camel case                                                                                                                            camelcase
  127:11  error    Identifier 'obj_trans' is not in camel case                                                                                                                            camelcase
  127:36  error    Expected '===' and instead saw '=='                                                                                                                                    eqeqeq
  128:9   error    Expected exception block, space or tab after '//' in comment                                                                                                           spaced-comment
  129:22  error    Identifier 'obj_trans' is not in camel case                                                                                                                            camelcase
  130:9   error    Expected exception block, space or tab after '//' in comment                                                                                                           spaced-comment
  132:9   error    Expected exception block, space or tab after '//' in comment                                                                                                           spaced-comment
  133:9   error    All 'var' declarations must be at the top of the function scope                                                                                                        vars-on-top
  133:9   error    Unexpected var, use let or const instead                                                                                                                               no-var
  133:50  error    Strings must use singlequote                                                                                                                                           quotes
  134:26  error    Must use destructuring props assignment                                                                                                                                react/destructuring-assignment
  134:32  error    'searchBarTokenId' is missing in props validation                                                                                                                      react/prop-types
  135:11  error    Expected exception block, space or tab after '//' in comment                                                                                                           spaced-comment
  136:15  error    'urlParams' is never reassigned. Use 'const' instead                                                                                                                   prefer-const
  137:29  error    Strings must use singlequote                                                                                                                                           quotes
  138:13  warning  Unexpected console statement                                                                                                                                           no-console
  138:25  error    Strings must use singlequote                                                                                                                                           quotes
  140:13  error    All 'var' declarations must be at the top of the function scope                                                                                                        vars-on-top
  140:13  error    Unexpected var, use let or const instead                                                                                                                               no-var
  141:13  error    All 'var' declarations must be at the top of the function scope                                                                                                        vars-on-top
  141:13  error    Unexpected var, use let or const instead                                                                                                                               no-var
  141:17  error    Identifier 'search_params' is not in camel case                                                                                                                        camelcase
  142:13  error    Identifier 'search_params' is not in camel case                                                                                                                        camelcase
  142:31  error    Strings must use singlequote                                                                                                                                           quotes
  143:26  error    Identifier 'search_params' is not in camel case                                                                                                                        camelcase
  145:15  error    Strings must use singlequote                                                                                                                                           quotes
  146:15  error    Strings must use singlequote                                                                                                                                           quotes
  147:81  error    Missing trailing comma                                                                                                                                                 comma-dangle
  153:5   error    Must use destructuring props assignment                                                                                                                                react/destructuring-assignment
  153:11  error    'setIndexID' is missing in props validation                                                                                                                            react/prop-types
  158:5   error    Must use destructuring props assignment                                                                                                                                react/destructuring-assignment
  158:11  error    'setIsLoading' is missing in props validation                                                                                                                          react/prop-types
  160:5   error    Must use destructuring props assignment                                                                                                                                react/destructuring-assignment
  160:11  error    'setTrans_types' is missing in props validation                                                                                                                        react/prop-types
  160:27  error    Strings must use singlequote                                                                                                                                           quotes
  161:5   error    Expected exception block, space or tab after '//' in comment                                                                                                           spaced-comment
  162:5   error    All 'var' declarations must be at the top of the function scope                                                                                                        vars-on-top
  162:5   error    Unexpected var, use let or const instead                                                                                                                               no-var
  162:9   error    Identifier 'select_vals' is not in camel case                                                                                                                          camelcase
  162:24  error    Strings must use singlequote                                                                                                                                           quotes
  163:5   error    All 'var' declarations must be at the top of the function scope                                                                                                        vars-on-top
  163:5   error    Unexpected var, use let or const instead                                                                                                                               no-var
  163:9   error    Identifier 'array_with_all_types' is not in camel case                                                                                                                 camelcase
  163:33  error    Strings must use singlequote                                                                                                                                           quotes
  164:9   error    'response' is never reassigned. Use 'const' instead                                                                                                                    prefer-const
  165:7   error    Must use destructuring props assignment                                                                                                                                react/destructuring-assignment
  165:13  error    'searchBarTokenId' is missing in props validation                                                                                                                      react/prop-types
  167:9   error    Missing trailing comma                                                                                                                                                 comma-dangle
  170:5   error    Expected exception block, space or tab after '//' in comment                                                                                                           spaced-comment
  171:9   error    Identifier 'string_history' is not in camel case                                                                                                                       camelcase
  171:9   error    'string_history' is never reassigned. Use 'const' instead                                                                                                              prefer-const
  173:41  error    Strings must use singlequote                                                                                                                                           quotes
  174:8   error    Missing trailing comma                                                                                                                                                 comma-dangle
  176:5   error    Expected exception block, space or tab after '//' in comment                                                                                                           spaced-comment
  177:9   error    Identifier 'json_history' is not in camel case                                                                                                                         camelcase
  177:9   error    'json_history' is never reassigned. Use 'const' instead                                                                                                                prefer-const
  179:5   error    Expected exception block, space or tab after '//' in comment                                                                                                           spaced-comment
  180:9   error    'historyNFT' is never reassigned. Use 'const' instead                                                                                                                  prefer-const
  180:22  error    Identifier 'json_history' is not in camel case                                                                                                                         camelcase
  181:5   error    Expected exception block, space or tab after '//' in comment                                                                                                           spaced-comment
  182:5   error    Split 'let' declarations into multiple statements                                                                                                                      one-var
  182:20  error    Expected variable declaration to be on a new line                                                                                                                      one-var-declaration-per-line
  182:20  error    Unexpected dangling '_' in '_props'                                                                                                                                    no-underscore-dangle
  184:5   error    Expected exception block, space or tab after '//' in comment                                                                                                           spaced-comment
  185:5   error    for..in loops iterate over the entire prototype chain, which is virtually never what you want. Use Object.{keys,values,entries}, and iterate over the resulting array  no-restricted-syntax
  185:5   error    The body of a for-in should be wrapped in an if statement to filter unwanted properties from the prototype                                                             guard-for-in
  186:7   error    Expected exception block, space or tab after '//' in comment                                                                                                           spaced-comment
  187:7   error    All 'var' declarations must be at the top of the function scope                                                                                                        vars-on-top
  187:7   error    Unexpected var, use let or const instead                                                                                                                               no-var
  188:7   error    All 'var' declarations must be at the top of the function scope                                                                                                        vars-on-top
  188:7   error    Unexpected var, use let or const instead                                                                                                                               no-var
  188:11  error    Identifier '_transaction_type_formatted' is not in camel case                                                                                                          camelcase
  188:11  error    Unexpected dangling '_' in '_transaction_type_formatted'                                                                                                               no-underscore-dangle
  188:49  error    Strings must use singlequote                                                                                                                                           quotes
  190:7   error    All 'var' declarations must be at the top of the function scope                                                                                                        vars-on-top
  190:7   error    Unexpected var, use let or const instead                                                                                                                               no-var
  190:11  error    Identifier '_date_string' is not in camel case                                                                                                                         camelcase
  190:11  error    Unexpected dangling '_' in '_date_string'                                                                                                                              no-underscore-dangle
  192:7   error    All 'var' declarations must be at the top of the function scope                                                                                                        vars-on-top
  192:7   error    Unexpected var, use let or const instead                                                                                                                               no-var
  192:11  error    Identifier 'enter_in_transaction' is not in camel case                                                                                                                 camelcase
  194:7   error    All 'var' declarations must be at the top of the function scope                                                                                                        vars-on-top
  194:7   error    Unexpected var, use let or const instead                                                                                                                               no-var
  194:11  error    Unexpected dangling '_' in '_indexTrans'                                                                                                                               no-underscore-dangle
  196:7   error    All 'var' declarations must be at the top of the function scope                                                                                                        vars-on-top
  196:7   error    Unexpected var, use let or const instead                                                                                                                               no-var
  196:11  error    Identifier '_token_id' is not in camel case                                                                                                                            camelcase
  196:11  error    Unexpected dangling '_' in '_token_id'                                                                                                                                 no-underscore-dangle
  198:7   error    for..in loops iterate over the entire prototype chain, which is virtually never what you want. Use Object.{keys,values,entries}, and iterate over the resulting array  no-restricted-syntax
  198:22  error    Identifier 'enter_in_transaction' is not in camel case                                                                                                                 camelcase
  199:13  error    Identifier 'enter_in_transaction' is not in camel case                                                                                                                 camelcase
  199:34  error    Do not access Object.prototype method 'hasOwnProperty' from target object                                                                                              no-prototype-builtins
  200:11  error    Expected exception block, space or tab after '//' in comment                                                                                                           spaced-comment
  201:11  error    All 'var' declarations must be at the top of the function scope                                                                                                        vars-on-top
  201:11  error    Unexpected var, use let or const instead                                                                                                                               no-var
  202:11  error    Expected exception block, space or tab after '//' in comment                                                                                                           spaced-comment
  203:11  error    All 'var' declarations must be at the top of the function scope                                                                                                        vars-on-top
  203:11  error    Unexpected var, use let or const instead                                                                                                                               no-var
  203:46  error    Strings must use singlequote                                                                                                                                           quotes
  203:51  error    Strings must use singlequote                                                                                                                                           quotes
  204:11  error    Identifier '_transaction_type_formatted' is not in camel case                                                                                                          camelcase
  206:11  error    Expected a default case                                                                                                                                                default-case
  207:18  error    Strings must use singlequote                                                                                                                                           quotes
  213:44  error    Missing trailing comma                                                                                                                                                 comma-dangle
  215:19  error    Must use destructuring props assignment                                                                                                                                react/destructuring-assignment
  215:25  error    'indexID' is missing in props validation                                                                                                                               react/prop-types
  216:52  error    Expected '===' and instead saw '=='                                                                                                                                    eqeqeq
  216:55  error    Must use destructuring props assignment                                                                                                                                react/destructuring-assignment
  216:61  error    'indexID' is missing in props validation                                                                                                                               react/prop-types
  217:32  error    Strings must use singlequote                                                                                                                                           quotes
  222:15  error    Must use destructuring props assignment                                                                                                                                react/destructuring-assignment
  222:21  error    'setTransactionData' is missing in props validation                                                                                                                    react/prop-types
  222:40  error    Function declared in a loop contains unsafe references to variable(s) 'transactionObj'                                                                                 no-loop-func
  222:47  error    Unexpected block statement surrounding arrow body; move the returned value immediately after the `=>`                                                                  arrow-body-style
  227:18  error    Strings must use singlequote                                                                                                                                           quotes
  233:44  error    Missing trailing comma                                                                                                                                                 comma-dangle
  235:15  error    Expected exception block, space or tab after '//' in comment                                                                                                           spaced-comment
  236:19  error    Must use destructuring props assignment                                                                                                                                react/destructuring-assignment
  236:25  error    'indexID' is missing in props validation                                                                                                                               react/prop-types
  237:52  error    Expected '===' and instead saw '=='                                                                                                                                    eqeqeq
  237:55  error    Must use destructuring props assignment                                                                                                                                react/destructuring-assignment
  237:61  error    'indexID' is missing in props validation                                                                                                                               react/prop-types
  238:32  error    Strings must use singlequote                                                                                                                                           quotes
  243:15  error    Must use destructuring props assignment                                                                                                                                react/destructuring-assignment
  243:21  error    'setTransactionData' is missing in props validation                                                                                                                    react/prop-types
  243:40  error    Function declared in a loop contains unsafe references to variable(s) 'transactionObj'                                                                                 no-loop-func
  243:47  error    Unexpected block statement surrounding arrow body; move the returned value immediately after the `=>`                                                                  arrow-body-style
  247:18  error    Strings must use singlequote                                                                                                                                           quotes
  253:44  error    Missing trailing comma                                                                                                                                                 comma-dangle
  255:19  error    Must use destructuring props assignment                                                                                                                                react/destructuring-assignment
  255:25  error    'indexID' is missing in props validation                                                                                                                               react/prop-types
  256:52  error    Expected '===' and instead saw '=='                                                                                                                                    eqeqeq
  256:55  error    Must use destructuring props assignment                                                                                                                                react/destructuring-assignment
  256:61  error    'indexID' is missing in props validation                                                                                                                               react/prop-types
  257:32  error    Strings must use singlequote                                                                                                                                           quotes
  262:15  error    Must use destructuring props assignment                                                                                                                                react/destructuring-assignment
  262:21  error    'setTransactionData' is missing in props validation                                                                                                                    react/prop-types
  262:40  error    Function declared in a loop contains unsafe references to variable(s) 'transactionObj'                                                                                 no-loop-func
  262:47  error    Unexpected block statement surrounding arrow body; move the returned value immediately after the `=>`                                                                  arrow-body-style
  266:18  error    Strings must use singlequote                                                                                                                                           quotes
  272:44  error    Missing trailing comma                                                                                                                                                 comma-dangle
  274:19  error    Must use destructuring props assignment                                                                                                                                react/destructuring-assignment
  274:25  error    'indexID' is missing in props validation                                                                                                                               react/prop-types
  275:52  error    Expected '===' and instead saw '=='                                                                                                                                    eqeqeq
  275:55  error    Must use destructuring props assignment                                                                                                                                react/destructuring-assignment
  275:61  error    'indexID' is missing in props validation                                                                                                                               react/prop-types
  276:32  error    Strings must use singlequote                                                                                                                                           quotes
  281:15  error    Must use destructuring props assignment                                                                                                                                react/destructuring-assignment
  281:21  error    'setTransactionData' is missing in props validation                                                                                                                    react/prop-types
  281:40  error    Function declared in a loop contains unsafe references to variable(s) 'transactionObj'                                                                                 no-loop-func
  281:47  error    Unexpected block statement surrounding arrow body; move the returned value immediately after the `=>`                                                                  arrow-body-style
  286:18  error    Strings must use singlequote                                                                                                                                           quotes
  292:44  error    Missing trailing comma                                                                                                                                                 comma-dangle
  294:19  error    Must use destructuring props assignment                                                                                                                                react/destructuring-assignment
  294:25  error    'indexID' is missing in props validation                                                                                                                               react/prop-types
  295:52  error    Expected '===' and instead saw '=='                                                                                                                                    eqeqeq
  295:55  error    Must use destructuring props assignment                                                                                                                                react/destructuring-assignment
  295:61  error    'indexID' is missing in props validation                                                                                                                               react/prop-types
  296:32  error    Strings must use singlequote                                                                                                                                           quotes
  301:15  error    Must use destructuring props assignment                                                                                                                                react/destructuring-assignment
  301:21  error    'setTransactionData' is missing in props validation                                                                                                                    react/prop-types
  301:40  error    Function declared in a loop contains unsafe references to variable(s) 'transactionObj'                                                                                 no-loop-func
  301:47  error    Unexpected block statement surrounding arrow body; move the returned value immediately after the `=>`                                                                  arrow-body-style
  306:18  error    Strings must use singlequote                                                                                                                                           quotes
  312:44  error    Missing trailing comma                                                                                                                                                 comma-dangle
  314:19  error    Must use destructuring props assignment                                                                                                                                react/destructuring-assignment
  314:25  error    'indexID' is missing in props validation                                                                                                                               react/prop-types
  315:52  error    Expected '===' and instead saw '=='                                                                                                                                    eqeqeq
  315:55  error    Must use destructuring props assignment                                                                                                                                react/destructuring-assignment
  315:61  error    'indexID' is missing in props validation                                                                                                                               react/prop-types
  316:32  error    Strings must use singlequote                                                                                                                                           quotes
  321:15  error    Must use destructuring props assignment                                                                                                                                react/destructuring-assignment
  321:21  error    'setTransactionData' is missing in props validation                                                                                                                    react/prop-types
  321:40  error    Function declared in a loop contains unsafe references to variable(s) 'transactionObj'                                                                                 no-loop-func
  321:47  error    Unexpected block statement surrounding arrow body; move the returned value immediately after the `=>`                                                                  arrow-body-style
  325:18  error    Strings must use singlequote                                                                                                                                           quotes
  331:44  error    Missing trailing comma                                                                                                                                                 comma-dangle
  333:19  error    Must use destructuring props assignment                                                                                                                                react/destructuring-assignment
  333:25  error    'indexID' is missing in props validation                                                                                                                               react/prop-types
  334:52  error    Expected '===' and instead saw '=='                                                                                                                                    eqeqeq
  334:55  error    Must use destructuring props assignment                                                                                                                                react/destructuring-assignment
  334:61  error    'indexID' is missing in props validation                                                                                                                               react/prop-types
  335:32  error    Strings must use singlequote                                                                                                                                           quotes
  340:15  error    Must use destructuring props assignment                                                                                                                                react/destructuring-assignment
  340:21  error    'setTransactionData' is missing in props validation                                                                                                                    react/prop-types
  340:40  error    Function declared in a loop contains unsafe references to variable(s) 'transactionObj'                                                                                 no-loop-func
  340:47  error    Unexpected block statement surrounding arrow body; move the returned value immediately after the `=>`                                                                  arrow-body-style
  344:18  error    Strings must use singlequote                                                                                                                                           quotes
  350:44  error    Missing trailing comma                                                                                                                                                 comma-dangle
  352:19  error    Must use destructuring props assignment                                                                                                                                react/destructuring-assignment
  352:25  error    'indexID' is missing in props validation                                                                                                                               react/prop-types
  353:52  error    Expected '===' and instead saw '=='                                                                                                                                    eqeqeq
  353:55  error    Must use destructuring props assignment                                                                                                                                react/destructuring-assignment
  353:61  error    'indexID' is missing in props validation                                                                                                                               react/prop-types
  354:32  error    Strings must use singlequote                                                                                                                                           quotes
  359:15  error    Must use destructuring props assignment                                                                                                                                react/destructuring-assignment
  359:21  error    'setTransactionData' is missing in props validation                                                                                                                    react/prop-types
  359:40  error    Function declared in a loop contains unsafe references to variable(s) 'transactionObj'                                                                                 no-loop-func
  359:47  error    Unexpected block statement surrounding arrow body; move the returned value immediately after the `=>`                                                                  arrow-body-style
  366:7   error    Identifier 'array_with_all_types' is not in camel case                                                                                                                 camelcase
  367:7   error    All 'var' declarations must be at the top of the function scope                                                                                                        vars-on-top
  367:7   error    Unexpected var, use let or const instead                                                                                                                               no-var
  367:11  error    Identifier 'return_all_rows' is not in camel case                                                                                                                      camelcase
  372:9   error    Must use destructuring props assignment                                                                                                                                react/destructuring-assignment
  372:15  error    'filter' is missing in props validation                                                                                                                                react/prop-types
  372:22  error    'filter.transactionType' is missing in props validation                                                                                                                react/prop-types
  372:38  error    Expected '===' and instead saw '=='                                                                                                                                    eqeqeq
  372:41  error    Strings must use singlequote                                                                                                                                           quotes
  372:44  error    '||' should be placed at the beginning of the line                                                                                                                     operator-linebreak
  373:9   error    Must use destructuring props assignment                                                                                                                                react/destructuring-assignment
  373:15  error    'filter' is missing in props validation                                                                                                                                react/prop-types
  373:22  error    'filter.transactionType' is missing in props validation                                                                                                                react/prop-types
  373:38  error    Expected '===' and instead saw '=='                                                                                                                                    eqeqeq
  373:41  error    Strings must use singlequote                                                                                                                                           quotes
  375:9   error    Expected a default case                                                                                                                                                default-case
  375:17  error    Must use destructuring props assignment                                                                                                                                react/destructuring-assignment
  375:23  error    'filter' is missing in props validation                                                                                                                                react/prop-types
  375:30  error    'filter.categoryToFilter' is missing in props validation                                                                                                               react/prop-types
  376:16  error    Strings must use singlequote                                                                                                                                           quotes
  379:21  error    Identifier '_date_string' is not in camel case                                                                                                                         camelcase
  380:25  error    Identifier '_token_id' is not in camel case                                                                                                                            camelcase
  381:25  error    Identifier '_transaction_type_formatted' is not in camel case                                                                                                          camelcase
  383:33  error    Unexpected block statement surrounding arrow body; move the returned value immediately after the `=>`                                                                  arrow-body-style
  386:13  error    Identifier 'select_vals' is not in camel case                                                                                                                          camelcase
  387:13  error    Expected exception block, space or tab after '//' in comment                                                                                                           spaced-comment
  390:16  error    Strings must use singlequote                                                                                                                                           quotes
  391:13  error    Expected exception block, space or tab after '//' in comment                                                                                                           spaced-comment
  392:17  error    Must use destructuring props assignment                                                                                                                                react/destructuring-assignment
  392:23  error    'filter' is missing in props validation                                                                                                                                react/prop-types
  392:30  error    'filter.searchInputValue' is missing in props validation                                                                                                               react/prop-types
  392:65  error    Expected '===' and instead saw '=='                                                                                                                                    eqeqeq
  392:68  error    Strings must use singlequote                                                                                                                                           quotes
  393:15  error    Identifier 'return_all_rows' is not in camel case                                                                                                                      camelcase
  396:42  error    '==' should be placed at the beginning of the line                                                                                                                     operator-linebreak
  396:42  error    Expected '===' and instead saw '=='                                                                                                                                    eqeqeq
  397:15  error    Must use destructuring props assignment                                                                                                                                react/destructuring-assignment
  397:21  error    'filter' is missing in props validation                                                                                                                                react/prop-types
  397:28  error    'filter.searchInputValue' is missing in props validation                                                                                                               react/prop-types
  401:23  error    Identifier '_date_string' is not in camel case                                                                                                                         camelcase
  402:27  error    Identifier '_token_id' is not in camel case                                                                                                                            camelcase
  403:27  error    Identifier '_transaction_type_formatted' is not in camel case                                                                                                          camelcase
  405:35  error    Unexpected block statement surrounding arrow body; move the returned value immediately after the `=>`                                                                  arrow-body-style
  409:15  error    Expected exception block, space or tab after '//' in comment                                                                                                           spaced-comment
  413:16  error    Strings must use singlequote                                                                                                                                           quotes
  414:13  error    Expected exception block, space or tab after '//' in comment                                                                                                           spaced-comment
  415:17  error    Must use destructuring props assignment                                                                                                                                react/destructuring-assignment
  415:23  error    'filter' is missing in props validation                                                                                                                                react/prop-types
  415:30  error    'filter.searchInputValue' is missing in props validation                                                                                                               react/prop-types
  415:65  error    Expected '===' and instead saw '=='                                                                                                                                    eqeqeq
  415:68  error    Strings must use singlequote                                                                                                                                           quotes
  416:15  error    Identifier 'return_all_rows' is not in camel case                                                                                                                      camelcase
  419:39  error    '==' should be placed at the beginning of the line                                                                                                                     operator-linebreak
  419:39  error    Expected '===' and instead saw '=='                                                                                                                                    eqeqeq
  420:15  error    Must use destructuring props assignment                                                                                                                                react/destructuring-assignment
  420:21  error    'filter' is missing in props validation                                                                                                                                react/prop-types
  420:28  error    'filter.searchInputValue' is missing in props validation                                                                                                               react/prop-types
  424:23  error    Identifier '_date_string' is not in camel case                                                                                                                         camelcase
  425:27  error    Identifier '_token_id' is not in camel case                                                                                                                            camelcase
  426:27  error    Identifier '_transaction_type_formatted' is not in camel case                                                                                                          camelcase
  428:35  error    Unexpected block statement surrounding arrow body; move the returned value immediately after the `=>`                                                                  arrow-body-style
  431:15  error    Identifier 'select_vals' is not in camel case                                                                                                                          camelcase
  432:15  error    Expected exception block, space or tab after '//' in comment                                                                                                           spaced-comment
  436:16  error    Strings must use singlequote                                                                                                                                           quotes
  437:13  error    Expected exception block, space or tab after '//' in comment                                                                                                           spaced-comment
  438:17  error    Must use destructuring props assignment                                                                                                                                react/destructuring-assignment
  438:23  error    'filter' is missing in props validation                                                                                                                                react/prop-types
  438:30  error    'filter.searchInputValue' is missing in props validation                                                                                                               react/prop-types
  438:65  error    Expected '===' and instead saw '=='                                                                                                                                    eqeqeq
  438:68  error    Strings must use singlequote                                                                                                                                           quotes
  439:15  error    Identifier 'return_all_rows' is not in camel case                                                                                                                      camelcase
  442:15  error    Must use destructuring props assignment                                                                                                                                react/destructuring-assignment
  442:21  error    'filter' is missing in props validation                                                                                                                                react/prop-types
  442:28  error    'filter.searchInputValue' is missing in props validation                                                                                                               react/prop-types
  442:62  error    Missing trailing comma                                                                                                                                                 comma-dangle
  444:23  error    Expected '!==' and instead saw '!='                                                                                                                                    eqeqeq
  447:23  error    Identifier '_date_string' is not in camel case                                                                                                                         camelcase
  448:27  error    Identifier '_token_id' is not in camel case                                                                                                                            camelcase
  449:27  error    Identifier '_transaction_type_formatted' is not in camel case                                                                                                          camelcase
  451:35  error    Unexpected block statement surrounding arrow body; move the returned value immediately after the `=>`                                                                  arrow-body-style
  454:15  error    Identifier 'select_vals' is not in camel case                                                                                                                          camelcase
  455:15  error    Expected exception block, space or tab after '//' in comment                                                                                                           spaced-comment
  459:16  error    Strings must use singlequote                                                                                                                                           quotes
  460:13  error    Expected exception block, space or tab after '//' in comment                                                                                                           spaced-comment
  461:17  error    Must use destructuring props assignment                                                                                                                                react/destructuring-assignment
  461:23  error    'filter' is missing in props validation                                                                                                                                react/prop-types
  461:30  error    'filter.searchInputValue' is missing in props validation                                                                                                               react/prop-types
  461:65  error    Expected '===' and instead saw '=='                                                                                                                                    eqeqeq
  461:68  error    Strings must use singlequote                                                                                                                                           quotes
  462:15  error    Identifier 'return_all_rows' is not in camel case                                                                                                                      camelcase
  465:15  error    Must use destructuring props assignment                                                                                                                                react/destructuring-assignment
  465:21  error    'filter' is missing in props validation                                                                                                                                react/prop-types
  465:28  error    'filter.searchInputValue' is missing in props validation                                                                                                               react/prop-types
  465:62  error    Missing trailing comma                                                                                                                                                 comma-dangle
  467:23  error    Expected '!==' and instead saw '!='                                                                                                                                    eqeqeq
  470:23  error    Identifier '_date_string' is not in camel case                                                                                                                         camelcase
  471:27  error    Identifier '_token_id' is not in camel case                                                                                                                            camelcase
  472:27  error    Identifier '_transaction_type_formatted' is not in camel case                                                                                                          camelcase
  474:35  error    Unexpected block statement surrounding arrow body; move the returned value immediately after the `=>`                                                                  arrow-body-style
  477:15  error    Identifier 'select_vals' is not in camel case                                                                                                                          camelcase
  479:15  error    Expected exception block, space or tab after '//' in comment                                                                                                           spaced-comment
  486:9   error    Expected a default case                                                                                                                                                default-case
  486:17  error    Must use destructuring props assignment                                                                                                                                react/destructuring-assignment
  486:23  error    'filter' is missing in props validation                                                                                                                                react/prop-types
  486:30  error    'filter.categoryToFilter' is missing in props validation                                                                                                               react/prop-types
  487:16  error    Strings must use singlequote                                                                                                                                           quotes
  488:41  error    Expected '===' and instead saw '=='                                                                                                                                    eqeqeq
  488:44  error    Must use destructuring props assignment                                                                                                                                react/destructuring-assignment
  488:50  error    'filter' is missing in props validation                                                                                                                                react/prop-types
  488:57  error    'filter.transactionType' is missing in props validation                                                                                                                react/prop-types
  491:23  error    Identifier '_date_string' is not in camel case                                                                                                                         camelcase
  492:27  error    Identifier '_token_id' is not in camel case                                                                                                                            camelcase
  493:27  error    Identifier '_transaction_type_formatted' is not in camel case                                                                                                          camelcase
  495:35  error    Unexpected block statement surrounding arrow body; move the returned value immediately after the `=>`                                                                  arrow-body-style
  498:19  error    Must use destructuring props assignment                                                                                                                                react/destructuring-assignment
  498:25  error    'filter' is missing in props validation                                                                                                                                react/prop-types
  498:32  error    'filter.update' is missing in props validation                                                                                                                         react/prop-types
  498:39  error    Expected '===' and instead saw '=='                                                                                                                                    eqeqeq
  499:17  error    All 'var' declarations must be at the top of the function scope                                                                                                        vars-on-top
  499:17  error    Unexpected var, use let or const instead                                                                                                                               no-var
  500:17  error    for..in loops iterate over the entire prototype chain, which is virtually never what you want. Use Object.{keys,values,entries}, and iterate over the resulting array  no-restricted-syntax
  500:17  error    The body of a for-in should be wrapped in an if statement to filter unwanted properties from the prototype                                                             guard-for-in
  501:19  error    All 'var' declarations must be at the top of the function scope                                                                                                        vars-on-top
  501:19  error    Unexpected var, use let or const instead                                                                                                                               no-var
  501:41  error    Missing semicolon                                                                                                                                                      semi
  502:19  error    Identifier 'select_vals' is not in camel case                                                                                                                          camelcase
  505:17  error    Identifier 'select_vals' is not in camel case                                                                                                                          camelcase
  507:15  error    Expected exception block, space or tab after '//' in comment                                                                                                           spaced-comment
  511:16  error    Strings must use singlequote                                                                                                                                           quotes
  512:17  error    Must use destructuring props assignment                                                                                                                                react/destructuring-assignment
  512:23  error    'filter' is missing in props validation                                                                                                                                react/prop-types
  512:30  error    'filter.searchInputValue' is missing in props validation                                                                                                               react/prop-types
  512:47  error    Expected '===' and instead saw '=='                                                                                                                                    eqeqeq
  512:50  error    Strings must use singlequote                                                                                                                                           quotes
  514:41  error    Expected '===' and instead saw '=='                                                                                                                                    eqeqeq
  514:44  error    Must use destructuring props assignment                                                                                                                                react/destructuring-assignment
  514:50  error    'filter' is missing in props validation                                                                                                                                react/prop-types
  514:57  error    'filter.transactionType' is missing in props validation                                                                                                                react/prop-types
  518:25  error    Identifier '_date_string' is not in camel case                                                                                                                         camelcase
  519:29  error    Identifier '_token_id' is not in camel case                                                                                                                            camelcase
  520:29  error    Identifier '_transaction_type_formatted' is not in camel case                                                                                                          camelcase
  522:37  error    Unexpected block statement surrounding arrow body; move the returned value immediately after the `=>`                                                                  arrow-body-style
  525:17  error    Identifier 'select_vals' is not in camel case                                                                                                                          camelcase
  529:15  error    Unexpected if as the only statement in an else block                                                                                                                   no-lonely-if
  530:44  error    '==' should be placed at the beginning of the line                                                                                                                     operator-linebreak
  530:44  error    Expected '===' and instead saw '=='                                                                                                                                    eqeqeq
  531:17  error    Must use destructuring props assignment                                                                                                                                react/destructuring-assignment
  531:23  error    'filter' is missing in props validation                                                                                                                                react/prop-types
  531:30  error    'filter.searchInputValue' is missing in props validation                                                                                                               react/prop-types
  531:65  error    '&&' should be placed at the beginning of the line                                                                                                                     operator-linebreak
  532:41  error    Expected '===' and instead saw '=='                                                                                                                                    eqeqeq
  532:44  error    Must use destructuring props assignment                                                                                                                                react/destructuring-assignment
  532:50  error    'filter' is missing in props validation                                                                                                                                react/prop-types
  532:57  error    'filter.transactionType' is missing in props validation                                                                                                                react/prop-types
  536:25  error    Identifier '_date_string' is not in camel case                                                                                                                         camelcase
  537:29  error    Identifier '_token_id' is not in camel case                                                                                                                            camelcase
  538:29  error    Identifier '_transaction_type_formatted' is not in camel case                                                                                                          camelcase
  540:37  error    Unexpected block statement surrounding arrow body; move the returned value immediately after the `=>`                                                                  arrow-body-style
  543:17  error    Identifier 'select_vals' is not in camel case                                                                                                                          camelcase
  544:17  error    Expected exception block, space or tab after '//' in comment                                                                                                           spaced-comment
  547:17  error    Identifier 'select_vals' is not in camel case                                                                                                                          camelcase
  547:34  error    Strings must use singlequote                                                                                                                                           quotes
  552:16  error    Strings must use singlequote                                                                                                                                           quotes
  553:17  error    Must use destructuring props assignment                                                                                                                                react/destructuring-assignment
  553:23  error    'filter' is missing in props validation                                                                                                                                react/prop-types
  553:30  error    'filter.searchInputValue' is missing in props validation                                                                                                               react/prop-types
  553:47  error    Expected '===' and instead saw '=='                                                                                                                                    eqeqeq
  553:50  error    Strings must use singlequote                                                                                                                                           quotes
  554:56  error    '&&' should be placed at the beginning of the line                                                                                                                     operator-linebreak
  555:41  error    Expected '===' and instead saw '=='                                                                                                                                    eqeqeq
  555:44  error    Must use destructuring props assignment                                                                                                                                react/destructuring-assignment
  555:50  error    'filter' is missing in props validation                                                                                                                                react/prop-types
  555:57  error    'filter.transactionType' is missing in props validation                                                                                                                react/prop-types
  559:25  error    Identifier '_date_string' is not in camel case                                                                                                                         camelcase
  560:29  error    Identifier '_token_id' is not in camel case                                                                                                                            camelcase
  561:29  error    Identifier '_transaction_type_formatted' is not in camel case                                                                                                          camelcase
  563:37  error    Unexpected block statement surrounding arrow body; move the returned value immediately after the `=>`                                                                  arrow-body-style
  566:17  error    Identifier 'select_vals' is not in camel case                                                                                                                          camelcase
  571:17  error    Must use destructuring props assignment                                                                                                                                react/destructuring-assignment
  571:23  error    'filter' is missing in props validation                                                                                                                                react/prop-types
  571:30  error    'filter.searchInputValue' is missing in props validation                                                                                                               react/prop-types
  571:64  error    Missing trailing comma                                                                                                                                                 comma-dangle
  574:41  error    Expected '===' and instead saw '=='                                                                                                                                    eqeqeq
  574:44  error    Must use destructuring props assignment                                                                                                                                react/destructuring-assignment
  574:50  error    'filter' is missing in props validation                                                                                                                                react/prop-types
  574:57  error    'filter.transactionType' is missing in props validation                                                                                                                react/prop-types
  574:73  error    '&&' should be placed at the beginning of the line                                                                                                                     operator-linebreak
  575:23  error    Expected '!==' and instead saw '!='                                                                                                                                    eqeqeq
  579:25  error    Identifier '_date_string' is not in camel case                                                                                                                         camelcase
  580:29  error    Identifier '_token_id' is not in camel case                                                                                                                            camelcase
  581:29  error    Identifier '_transaction_type_formatted' is not in camel case                                                                                                          camelcase
  583:37  error    Unexpected block statement surrounding arrow body; move the returned value immediately after the `=>`                                                                  arrow-body-style
  586:17  error    Identifier 'select_vals' is not in camel case                                                                                                                          camelcase
  587:17  error    Expected exception block, space or tab after '//' in comment                                                                                                           spaced-comment
  593:16  error    Strings must use singlequote                                                                                                                                           quotes
  594:17  error    Must use destructuring props assignment                                                                                                                                react/destructuring-assignment
  594:23  error    'filter' is missing in props validation                                                                                                                                react/prop-types
  594:30  error    'filter.searchInputValue' is missing in props validation                                                                                                               react/prop-types
  594:47  error    Expected '===' and instead saw '=='                                                                                                                                    eqeqeq
  594:50  error    Strings must use singlequote                                                                                                                                           quotes
  595:54  error    '&&' should be placed at the beginning of the line                                                                                                                     operator-linebreak
  596:41  error    Expected '===' and instead saw '=='                                                                                                                                    eqeqeq
  596:44  error    Must use destructuring props assignment                                                                                                                                react/destructuring-assignment
  596:50  error    'filter' is missing in props validation                                                                                                                                react/prop-types
  596:57  error    'filter.transactionType' is missing in props validation                                                                                                                react/prop-types
  600:25  error    Identifier '_date_string' is not in camel case                                                                                                                         camelcase
  601:29  error    Identifier '_token_id' is not in camel case                                                                                                                            camelcase
  602:29  error    Identifier '_transaction_type_formatted' is not in camel case                                                                                                          camelcase
  604:37  error    Unexpected block statement surrounding arrow body; move the returned value immediately after the `=>`                                                                  arrow-body-style
  607:17  error    Identifier 'select_vals' is not in camel case                                                                                                                          camelcase
  612:17  error    Must use destructuring props assignment                                                                                                                                react/destructuring-assignment
  612:23  error    'filter' is missing in props validation                                                                                                                                react/prop-types
  612:30  error    'filter.searchInputValue' is missing in props validation                                                                                                               react/prop-types
  612:64  error    Missing trailing comma                                                                                                                                                 comma-dangle
  615:23  error    Expected '!==' and instead saw '!='                                                                                                                                    eqeqeq
  615:29  error    '&&' should be placed at the beginning of the line                                                                                                                     operator-linebreak
  616:41  error    Expected '===' and instead saw '=='                                                                                                                                    eqeqeq
  616:44  error    Must use destructuring props assignment                                                                                                                                react/destructuring-assignment
  616:50  error    'filter' is missing in props validation                                                                                                                                react/prop-types
  616:57  error    'filter.transactionType' is missing in props validation                                                                                                                react/prop-types
  620:25  error    Identifier '_date_string' is not in camel case                                                                                                                         camelcase
  621:29  error    Identifier '_token_id' is not in camel case                                                                                                                            camelcase
  622:29  error    Identifier '_transaction_type_formatted' is not in camel case                                                                                                          camelcase
  624:37  error    Unexpected block statement surrounding arrow body; move the returned value immediately after the `=>`                                                                  arrow-body-style
  627:17  error    Identifier 'select_vals' is not in camel case                                                                                                                          camelcase
  635:11  error    Identifier 'return_all_rows' is not in camel case                                                                                                                      camelcase
  635:27  error    Expected '===' and instead saw '=='                                                                                                                                    eqeqeq
  635:36  error    Block must not be padded by blank lines                                                                                                                                padded-blocks
  639:17  error    Identifier '_date_string' is not in camel case                                                                                                                         camelcase
  640:21  error    Identifier '_token_id' is not in camel case                                                                                                                            camelcase
  641:21  error    Identifier '_transaction_type_formatted' is not in camel case                                                                                                          camelcase
  643:29  error    Unexpected block statement surrounding arrow body; move the returned value immediately after the `=>`                                                                  arrow-body-style
  646:9   error    Identifier 'select_vals' is not in camel case                                                                                                                          camelcase
  648:8   error    Block must not be padded by blank lines                                                                                                                                padded-blocks
  652:5   error    Must use destructuring props assignment                                                                                                                                react/destructuring-assignment
  652:11  error    'setTrans_types' is missing in props validation                                                                                                                        react/prop-types
  654:5   error    Must use destructuring props assignment                                                                                                                                react/destructuring-assignment
  654:11  error    'setIsLoading' is missing in props validation                                                                                                                          react/prop-types
  657:9   error    Must use destructuring props assignment                                                                                                                                react/destructuring-assignment
  657:15  error    'searchBarTokenId' is missing in props validation                                                                                                                      react/prop-types
  657:32  error    Expected '!==' and instead saw '!='                                                                                                                                    eqeqeq
  657:35  error    Strings must use singlequote                                                                                                                                           quotes
  657:53  error    Must use destructuring props assignment                                                                                                                                react/destructuring-assignment
  657:59  error    'searchBarTokenId' is missing in props validation                                                                                                                      react/prop-types
  657:76  error    Expected '!==' and instead saw '!='                                                                                                                                    eqeqeq
  657:79  error    Strings must use singlequote                                                                                                                                           quotes
  661:9   error    Must use destructuring props assignment                                                                                                                                react/destructuring-assignment
  661:15  error    'setTransactionData' is missing in props validation                                                                                                                    react/prop-types
  665:7   error    Must use destructuring props assignment                                                                                                                                react/destructuring-assignment
  665:13  error    'searchBarTokenId' is missing in props validation                                                                                                                      react/prop-types
  665:31  error    Must use destructuring props assignment                                                                                                                                react/destructuring-assignment
  665:37  error    'filter' is missing in props validation                                                                                                                                react/prop-types
  668:5   error    JSX not allowed in files with extension '.tsx'                                                                                                                         react/jsx-filename-extension
  675:9   error    Must use destructuring props assignment                                                                                                                                react/destructuring-assignment
  675:15  error    'isLoading' is missing in props validation                                                                                                                             react/prop-types
  679:37  error    Strings must use singlequote                                                                                                                                           quotes
  679:68  error    Strings must use singlequote                                                                                                                                           quotes
  681:13  error    Empty components are self-closing                                                                                                                                      react/self-closing-comp
  687:37  error    Strings must use singlequote                                                                                                                                           quotes
  694:16  error    Must use destructuring props assignment                                                                                                                                react/destructuring-assignment
  694:22  error    'searchBarTokenId' is missing in props validation                                                                                                                      react/prop-types
  694:39  error    Expected '===' and instead saw '=='                                                                                                                                    eqeqeq
  694:42  error    Strings must use singlequote                                                                                                                                           quotes
  694:57  error    '||' should be placed at the beginning of the line                                                                                                                     operator-linebreak
  695:17  error    Must use destructuring props assignment                                                                                                                                react/destructuring-assignment
  695:23  error    'searchBarTokenId' is missing in props validation                                                                                                                      react/prop-types
  695:40  error    Expected '===' and instead saw '=='                                                                                                                                    eqeqeq
  695:43  error    Strings must use singlequote                                                                                                                                           quotes
  696:17  error    Expected indentation of 18 space characters but found 16                                                                                                               react/jsx-indent
  698:36  error    Identifier 'cell_style' is not in camel case                                                                                                                           camelcase
  701:1   error    Expected indentation of 16 spaces but found 14                                                                                                                         indent
  723:1   error    Expected indentation of 16 spaces but found 14                                                                                                                         indent
  731:23  error    Strings must use singlequote                                                                                                                                           quotes
  732:31  error    Strings must use singlequote                                                                                                                                           quotes
  735:36  error    Identifier 'cell_style' is not in camel case                                                                                                                           camelcase
  750:27  error    Expected no linebreak before this expression                                                                                                                           implicit-arrow-linebreak
  750:55  error    Must use destructuring props assignment                                                                                                                                react/destructuring-assignment
  750:61  error    'transactionData' is missing in props validation                                                                                                                       react/prop-types
  751:25  error    Unexpected newline before '}'                                                                                                                                          react/jsx-curly-newline
  753:27  error    Strings must use singlequote                                                                                                                                           quotes
  754:35  error    Strings must use singlequote                                                                                                                                           quotes
  758:69  error    Strings must use singlequote                                                                                                                                           quotes
  791:4   error    Missing semicolon                                                                                                                                                      semi

/Users/maria/git/ORIGYN/dapps-monorepo-lerna/packages/features/components/src/VLabel/index.tsx
   5:29  error  Function component is not a function declaration    react/function-component-definition
   6:7   error  'VNumber' is never reassigned. Use 'const' instead  prefer-const
   6:25  error  Must use destructuring props assignment             react/destructuring-assignment
   6:31  error  'ledgerVersion' is missing in props validation      react/prop-types
   9:5   error  JSX not allowed in files with extension '.tsx'      react/jsx-filename-extension
  15:16  error  `{VNumber}` must be placed on a new line            react/jsx-one-expression-per-line

/Users/maria/git/ORIGYN/dapps-monorepo-lerna/packages/features/components/src/WalletTokens/index.tsx
    1:27  error  'useEffect' is defined but never used                                                                                                                                                              @typescript-eslint/no-unused-vars
   16:3   error  'ListItemAvatar' is defined but never used                                                                                                                                                         @typescript-eslint/no-unused-vars
   17:3   error  'Avatar' is defined but never used                                                                                                                                                                 @typescript-eslint/no-unused-vars
   21:1   error  `@dapp/features-tokens-provider` import should occur before import of `../TabPanel`                                                                                                                import/order
   21:28  error  'Token' is defined but never used                                                                                                                                                                  @typescript-eslint/no-unused-vars
   23:1   error  `@dapp/utils` import should occur before import of `../TabPanel`                                                                                                                                   import/order
   25:1   error  `@dapp/features-authentication` import should occur before import of `../TabPanel`                                                                                                                 import/order
   27:29  error  Function component is not a function declaration                                                                                                                                                   react/function-component-definition
   27:32  error  'children' is missing in props validation                                                                                                                                                          react/prop-types
   35:63  error  There should be no line break before or after '='                                                                                                                                                  operator-linebreak
   38:11  error  'principal' is assigned a value but never used                                                                                                                                                     @typescript-eslint/no-unused-vars
   82:40  error  Unexpected block statement surrounding arrow body; parenthesize the returned value and move it immediately after the `=>`                                                                          arrow-body-style
   89:5   error  JSX not allowed in files with extension '.tsx'                                                                                                                                                     react/jsx-filename-extension
  104:43  error  Prop spreading is forbidden                                                                                                                                                                        react/jsx-props-no-spreading
  105:41  error  Prop spreading is forbidden                                                                                                                                                                        react/jsx-props-no-spreading
  117:23  error  Missing parentheses around multilines JSX                                                                                                                                                          react/jsx-wrap-multilines
  174:41  error  Unexpected use of 'isNaN'. Use Number.isNaN instead https://github.com/airbnb/javascript#standard-library--isnan                                                                                   no-restricted-globals
  174:47  error  Missing radix parameter                                                                                                                                                                            radix
  194:7   error  Visible, non-interactive elements with click handlers must have at least one keyboard listener                                                                                                     jsx-a11y/click-events-have-key-events
  194:7   error  Avoid non-native interactive elements. If using native HTML is not possible, add an appropriate role and support for tabbing, mouse, keyboard, and touch inputs to an interactive content element  jsx-a11y/no-static-element-interactions

/Users/maria/git/ORIGYN/dapps-monorepo-lerna/packages/features/sales-escrows/modals/ConfirmSalesActionModal.tsx
   14:37  error    Unexpected function expression                            prefer-arrow-callback
   20:10  error    JSX not allowed in files with extension '.tsx'            react/jsx-filename-extension
   20:42  error    Prop spreading is forbidden                               react/jsx-props-no-spreading
   23:40  error    Function component is not a function declaration          react/function-component-definition
   24:3   error    'open' is missing in props validation                     react/prop-types
   25:3   error    'handleClose' is missing in props validation              react/prop-types
   26:3   error    'currentToken' is missing in props validation             react/prop-types
   27:3   error    'action' is missing in props validation                   react/prop-types
   28:3   error    'escrow' is missing in props validation                   react/prop-types
   33:3   warning  Unexpected console statement                              no-console
   34:9   error    Unexpected dangling '_' in '_handleClose'                 no-underscore-dangle
   38:37  error    'currentToken.Class' is missing in props validation       react/prop-types
   38:44  error    'currentToken.Class.find' is missing in props validation  react/prop-types
   54:11  error    Async arrow function expected no return value             consistent-return
   55:16  error    Unnecessary 'else' after 'return'                         no-else-return
   64:11  error    Async arrow function expected no return value             consistent-return
   66:14  error    Unnecessary 'else' after 'return'                         no-else-return
   68:11  error    Async arrow function expected no return value             consistent-return
   79:27  error    Strings must use singlequote                              quotes
   87:11  error    Async arrow function expected no return value             consistent-return
   88:16  error    Unnecessary 'else' after 'return'                         no-else-return
   97:11  error    Async arrow function expected no return value             consistent-return
  101:11  error    Async arrow function expected no return value             consistent-return
  111:27  error    Strings must use singlequote                              quotes
  119:11  error    Async arrow function expected no return value             consistent-return
  120:16  error    Unnecessary 'else' after 'return'                         no-else-return
  129:11  error    Async arrow function expected no return value             consistent-return
  145:12  error    Do not nest ternary expressions                           no-nested-ternary
  148:1   error    Expected indentation of 14 spaces but found 12            indent
  149:1   error    Expected indentation of 14 spaces but found 12            indent
  154:16  error    Do not nest ternary expressions                           no-nested-ternary
  156:66  error    `{' '}` must be placed on a new line                      react/jsx-one-expression-per-line
  159:37  error    'currentToken.Class' is missing in props validation       react/prop-types
  159:44  error    'currentToken.Class.find' is missing in props validation  react/prop-types

/Users/maria/git/ORIGYN/dapps-monorepo-lerna/packages/features/sales-escrows/modals/StartAuctionModal.tsx
   30:37  error    'currentToken' is missing in props validation                  react/prop-types
   30:51  error    'open' is missing in props validation                          react/prop-types
   30:57  error    'handleClose' is missing in props validation                   react/prop-types
   31:18  error    'ogyActor' is assigned a value but never used                  @typescript-eslint/no-unused-vars
   32:28  error    'closeSnackbar' is assigned a value but never used             @typescript-eslint/no-unused-vars
   56:33  error    'currentToken.Class' is missing in props validation            react/prop-types
   56:40  error    'currentToken.Class.find' is missing in props validation       react/prop-types
   88:25  error    Strings must use singlequote                                   quotes
   97:25  error    Strings must use singlequote                                   quotes
  106:7   warning  Unexpected console statement                                   no-console
  107:23  error    Strings must use singlequote                                   quotes
  145:5   warning  Unexpected console statement                                   no-console
  149:5   error    JSX not allowed in files with extension '.tsx'                 react/jsx-filename-extension
  157:28  error    `{' '}` must be placed on a new line                           react/jsx-one-expression-per-line
  158:26  error    'currentToken.Class' is missing in props validation            react/prop-types
  158:33  error    'currentToken.Class.find' is missing in props validation       react/prop-types
  158:78  error    `?        ` must be placed on a new line                       react/jsx-one-expression-per-line
  171:17  error    Prop spreading is forbidden                                    react/jsx-props-no-spreading
  172:24  error    Unnecessary use of boolean literals in conditional expression  no-unneeded-ternary
  187:17  error    Prop spreading is forbidden                                    react/jsx-props-no-spreading
  188:24  error    Unnecessary use of boolean literals in conditional expression  no-unneeded-ternary
  204:17  error    Prop spreading is forbidden                                    react/jsx-props-no-spreading
  205:24  error    Unnecessary use of boolean literals in conditional expression  no-unneeded-ternary
  222:23  error    Prop spreading is forbidden                                    react/jsx-props-no-spreading
  223:23  error    Prop spreading is forbidden                                    react/jsx-props-no-spreading
  224:30  error    Unnecessary use of boolean literals in conditional expression  no-unneeded-ternary

/Users/maria/git/ORIGYN/dapps-monorepo-lerna/packages/features/sales-escrows/modals/StartEscrowModal.tsx
   30:3   error    'nft' is missing in props validation                                                                              react/prop-types
   31:3   error    'open' is missing in props validation                                                                             react/prop-types
   32:3   error    'handleClose' is missing in props validation                                                                      react/prop-types
   33:3   error    'initialValues' is missing in props validation                                                                    react/prop-types
   35:39  error    'canisterId' is assigned a value but never used                                                                   @typescript-eslint/no-unused-vars
   35:52  error    There should be no line break before or after '='                                                                 operator-linebreak
   39:10  error    'searchParams' is assigned a value but never used                                                                 @typescript-eslint/no-unused-vars
   67:40  error    Unexpected block statement surrounding arrow body; move the returned value immediately after the `=>`             arrow-body-style
   74:9   error    'params' is never reassigned. Use 'const' instead                                                                 prefer-const
   79:5   warning  Unexpected console statement                                                                                      no-console
   83:33  error    'value' is defined but never used                                                                                 @typescript-eslint/no-unused-vars
   83:42  error    'name' is defined but never used                                                                                  @typescript-eslint/no-unused-vars
   83:48  error    'type' is defined but never used                                                                                  @typescript-eslint/no-unused-vars
   84:11  error    'params' is never reassigned. Use 'const' instead                                                                 prefer-const
   91:9   error    'params' is never reassigned. Use 'const' instead                                                                 prefer-const
   96:9   error    Unexpected dangling '_' in '_nft'                                                                                 no-underscore-dangle
   97:14  error    'nft.metadata' is missing in props validation                                                                     react/prop-types
   97:24  error    'nft.metadata.Class' is missing in props validation                                                               react/prop-types
   97:31  error    'nft.metadata.Class.find' is missing in props validation                                                          react/prop-types
   98:18  error    'nft.metadata' is missing in props validation                                                                     react/prop-types
   98:28  error    'nft.metadata.Class' is missing in props validation                                                               react/prop-types
   98:35  error    'nft.metadata.Class.find' is missing in props validation                                                          react/prop-types
  102:12  error    'nft.current_sale' is missing in props validation                                                                 react/prop-types
  102:26  error    'nft.current_sale.length' is missing in props validation                                                          react/prop-types
  103:16  error    'nft.current_sale' is missing in props validation                                                                 react/prop-types
  103:32  error    'nft.current_sale[].sale_type' is missing in props validation                                                     react/prop-types
  103:43  error    'nft.current_sale[].sale_type.auction' is missing in props validation                                             react/prop-types
  103:52  error    'nft.current_sale[].sale_type.auction.config' is missing in props validation                                      react/prop-types
  103:60  error    'nft.current_sale[].sale_type.auction.config.auction' is missing in props validation                              react/prop-types
  103:69  error    'nft.current_sale[].sale_type.auction.config.auction.token' is missing in props validation                        react/prop-types
  103:76  error    'nft.current_sale[].sale_type.auction.config.auction.token.ic' is missing in props validation                     react/prop-types
  104:1   error    Expected indentation of 10 spaces but found 12                                                                    indent
  104:15  error    'nft.current_sale[].sale_type.auction.config.auction.token.ic.symbol' is missing in props validation              react/prop-types
  107:23  error    'nft.current_sale' is missing in props validation                                                                 react/prop-types
  107:37  error    'nft.current_sale.find' is missing in props validation                                                            react/prop-types
  108:7   error    Expected no linebreak before this expression                                                                      implicit-arrow-linebreak
  108:41  error    Do not access Object.prototype method 'hasOwnProperty' from target object                                         no-prototype-builtins
  109:5   error    Unexpected newline before ')'                                                                                     function-paren-newline
  111:3   warning  Unexpected console statement                                                                                      no-console
  114:5   warning  Unexpected console statement                                                                                      no-console
  116:7   error    Unexpected use of 'isNaN'. Use Number.isNaN instead https://github.com/airbnb/javascript#standard-library--isnan  no-restricted-globals
  116:42  error    '||' should be placed at the beginning of the line                                                                operator-linebreak
  117:37  error    '||' should be placed at the beginning of the line                                                                operator-linebreak
  120:23  error    Strings must use singlequote                                                                                      quotes
  135:15  error    Identifier 'account_id' is not in camel case                                                                      camelcase
  159:20  error    Expected property shorthand                                                                                       object-shorthand
  171:29  error    Strings must use singlequote                                                                                      quotes
  187:11  warning  Unexpected console statement                                                                                      no-console
  195:29  error    Strings must use singlequote                                                                                      quotes
  210:9   warning  Unexpected console statement                                                                                      no-console
  224:5   error    JSX not allowed in files with extension '.tsx'                                                                    react/jsx-filename-extension
  232:27  error    `strong` must be placed on a new line                                                                             react/jsx-one-expression-per-line
  232:53  error    `?        ` must be placed on a new line                                                                          react/jsx-one-expression-per-line
  244:17  error    Prop spreading is forbidden                                                                                       react/jsx-props-no-spreading
  245:24  error    Unnecessary use of boolean literals in conditional expression                                                     no-unneeded-ternary
  260:17  error    Prop spreading is forbidden                                                                                       react/jsx-props-no-spreading
  261:24  error    Unnecessary use of boolean literals in conditional expression                                                     no-unneeded-ternary
  275:17  error    Prop spreading is forbidden                                                                                       react/jsx-props-no-spreading
  276:24  error    Unnecessary use of boolean literals in conditional expression                                                     no-unneeded-ternary

/Users/maria/git/ORIGYN/dapps-monorepo-lerna/packages/features/sales-escrows/pages/NFTPage/index.tsx
   18:3   error    'Tooltip' is defined but never used                                                                                                                                                                                                                                                                                                                                @typescript-eslint/no-unused-vars
   32:24  error    Function component is not a function declaration                                                                                                                                                                                                                                                                                                                   react/function-component-definition
   32:27  error    'symbol' is missing in props validation                                                                                                                                                                                                                                                                                                                            react/prop-types
   32:40  error    Unexpected block statement surrounding arrow body; move the returned value immediately after the `=>`                                                                                                                                                                                                                                                              arrow-body-style
   34:5   error    JSX not allowed in files with extension '.tsx'                                                                                                                                                                                                                                                                                                                     react/jsx-filename-extension
   44:9   error    `{' '}` must be placed on a new line                                                                                                                                                                                                                                                                                                                               react/jsx-one-expression-per-line
   58:9   error    `{' '}` must be placed on a new line                                                                                                                                                                                                                                                                                                                               react/jsx-one-expression-per-line
   63:24  error    Function component is not a function declaration                                                                                                                                                                                                                                                                                                                   react/function-component-definition
   64:11  error    'logIn' is assigned a value but never used                                                                                                                                                                                                                                                                                                                         @typescript-eslint/no-unused-vars
   64:18  error    'loggedIn' is assigned a value but never used                                                                                                                                                                                                                                                                                                                      @typescript-eslint/no-unused-vars
   64:28  error    'tokenId' is assigned a value but never used                                                                                                                                                                                                                                                                                                                       @typescript-eslint/no-unused-vars
   64:68  error    There should be no line break before or after '='                                                                                                                                                                                                                                                                                                                  operator-linebreak
   71:24  error    'setSearchParams' is assigned a value but never used                                                                                                                                                                                                                                                                                                               @typescript-eslint/no-unused-vars
   84:30  error    'dataChanged' is assigned a value but never used                                                                                                                                                                                                                                                                                                                   @typescript-eslint/no-unused-vars
   89:22  error    There should be no line break before or after '='                                                                                                                                                                                                                                                                                                                  operator-linebreak
   95:5   error    Expected no linebreak before this expression                                                                                                                                                                                                                                                                                                                       implicit-arrow-linebreak
   95:39  error    Do not access Object.prototype method 'hasOwnProperty' from target object                                                                                                                                                                                                                                                                                          no-prototype-builtins
   96:3   error    Unexpected newline before ')'                                                                                                                                                                                                                                                                                                                                      function-paren-newline
   99:9   error    'modalInitial' is never reassigned. Use 'const' instead                                                                                                                                                                                                                                                                                                            prefer-const
  108:9   error    Missing radix parameter                                                                                                                                                                                                                                                                                                                                            radix
  113:26  error    Missing radix parameter                                                                                                                                                                                                                                                                                                                                            radix
  116:13  error    Identifier 'min_increase' is not in camel case                                                                                                                                                                                                                                                                                                                     camelcase
  116:28  error    Missing radix parameter                                                                                                                                                                                                                                                                                                                                            radix
  120:13  error    Identifier 'highest_bid' is not in camel case                                                                                                                                                                                                                                                                                                                      camelcase
  120:27  error    Missing radix parameter                                                                                                                                                                                                                                                                                                                                            radix
  124:9   error    Identifier 'highest_bid' is not in camel case                                                                                                                                                                                                                                                                                                                      camelcase
  125:14  error    Missing radix parameter                                                                                                                                                                                                                                                                                                                                            radix
  125:23  error    Identifier 'highest_bid' is not in camel case                                                                                                                                                                                                                                                                                                                      camelcase
  125:47  error    '+' should be placed at the beginning of the line                                                                                                                                                                                                                                                                                                                  operator-linebreak
  126:15  error    Missing radix parameter                                                                                                                                                                                                                                                                                                                                            radix
  126:24  error    Identifier 'min_increase' is not in camel case                                                                                                                                                                                                                                                                                                                     camelcase
  126:50  error    '/' should be placed at the beginning of the line                                                                                                                                                                                                                                                                                                                  operator-linebreak
  128:13  error    Missing radix parameter                                                                                                                                                                                                                                                                                                                                            radix
  138:7   error    Expected exception block, space or tab after '//' in comment                                                                                                                                                                                                                                                                                                       spaced-comment
  145:11  error    'params' is never reassigned. Use 'const' instead                                                                                                                                                                                                                                                                                                                  prefer-const
  146:7   error    iterators/generators require regenerator-runtime, which is too heavyweight for this guide to allow them. Separately, loops should be avoided in favor of array iterations                                                                                                                                                                                          no-restricted-syntax
  146:17  error    'key' is never reassigned. Use 'const' instead                                                                                                                                                                                                                                                                                                                     prefer-const
  146:22  error    'value' is never reassigned. Use 'const' instead                                                                                                                                                                                                                                                                                                                   prefer-const
  157:11  warning  Unexpected console statement                                                                                                                                                                                                                                                                                                                                       no-console
  161:16  warning  Unexpected console statement                                                                                                                                                                                                                                                                                                                                       no-console
  166:5   error    Expected no linebreak before this statement                                                                                                                                                                                                                                                                                                                        nonblock-statement-body-position
  166:5   error    Expected { after 'if' condition                                                                                                                                                                                                                                                                                                                                    curly
  182:13  error    img elements must have an alt prop, either with meaningful text, or an empty string for decorative images                                                                                                                                                                                                                                                          jsx-a11y/alt-text
  226:33  error    `: ` must be placed on a new line                                                                                                                                                                                                                                                                                                                                  react/jsx-one-expression-per-line
  226:35  error    `b` must be placed on a new line                                                                                                                                                                                                                                                                                                                                   react/jsx-one-expression-per-line
  247:23  error    `{' '}` must be placed on a new line                                                                                                                                                                                                                                                                                                                               react/jsx-one-expression-per-line
  248:15  error    The href attribute requires a valid value to be accessible. Provide a valid, navigable address as the href value. If you cannot provide a valid href, but still need the element to resemble a link, use a button and change it with appropriate styles. Learn more: https://github.com/jsx-eslint/eslint-plugin-jsx-a11y/blob/HEAD/docs/rules/anchor-is-valid.md  jsx-a11y/anchor-is-valid
  259:30  error    Value must be omitted for boolean attributes                                                                                                                                                                                                                                                                                                                       react/jsx-boolean-value
  266:70  error    ` There is                        an active auction for this NFT                      ` must be placed on a new line                                                                                                                                                                                                                                               react/jsx-one-expression-per-line
  272:37  error    `{' '}` must be placed on a new line                                                                                                                                                                                                                                                                                                                               react/jsx-one-expression-per-line
  277:31  error    Missing radix parameter                                                                                                                                                                                                                                                                                                                                            radix
  286:31  error    `{' '}` must be placed on a new line                                                                                                                                                                                                                                                                                                                               react/jsx-one-expression-per-line
  295:37  error    `{' '}` must be placed on a new line                                                                                                                                                                                                                                                                                                                               react/jsx-one-expression-per-line
  306:38  error    `{' '}` must be placed on a new line                                                                                                                                                                                                                                                                                                                               react/jsx-one-expression-per-line
  317:37  error    `{' '}` must be placed on a new line                                                                                                                                                                                                                                                                                                                               react/jsx-one-expression-per-line
  330:35  error    `{' '}` must be placed on a new line                                                                                                                                                                                                                                                                                                                               react/jsx-one-expression-per-line
  341:23  error    Empty components are self-closing                                                                                                                                                                                                                                                                                                                                  react/self-closing-comp
  343:24  error    Closing tag of a multiline JSX expression must be on its own line                                                                                                                                                                                                                                                                                                  react/jsx-closing-tag-location
  347:30  error    Value must be omitted for boolean attributes                                                                                                                                                                                                                                                                                                                       react/jsx-boolean-value
  354:67  error    ` This NFT is                        not listed for a public sale.                      ` must be placed on a new line                                                                                                                                                                                                                                             react/jsx-one-expression-per-line
  373:1   error    Expected indentation of 14 spaces but found 12                                                                                                                                                                                                                                                                                                                     indent
  376:30  error    Value must be omitted for boolean attributes                                                                                                                                                                                                                                                                                                                       react/jsx-boolean-value
  383:70  error    ` There is                        an active auction for this NFT                      ` must be placed on a new line                                                                                                                                                                                                                                               react/jsx-one-expression-per-line
  389:37  error    `{' '}` must be placed on a new line                                                                                                                                                                                                                                                                                                                               react/jsx-one-expression-per-line
  394:31  error    Missing radix parameter                                                                                                                                                                                                                                                                                                                                            radix
  403:31  error    `{' '}` must be placed on a new line                                                                                                                                                                                                                                                                                                                               react/jsx-one-expression-per-line
  412:37  error    `{' '}` must be placed on a new line                                                                                                                                                                                                                                                                                                                               react/jsx-one-expression-per-line
  423:38  error    `{' '}` must be placed on a new line                                                                                                                                                                                                                                                                                                                               react/jsx-one-expression-per-line
  434:37  error    `{' '}` must be placed on a new line                                                                                                                                                                                                                                                                                                                               react/jsx-one-expression-per-line
  447:35  error    `{' '}` must be placed on a new line                                                                                                                                                                                                                                                                                                                               react/jsx-one-expression-per-line
  480:30  error    Value must be omitted for boolean attributes                                                                                                                                                                                                                                                                                                                       react/jsx-boolean-value
  487:67  error    ` This NFT is                        not listed for a public sale.                      ` must be placed on a new line                                                                                                                                                                                                                                             react/jsx-one-expression-per-line
  507:1   error    Expected indentation of 14 spaces but found 12                                                                                                                                                                                                                                                                                                                     indent
  509:26  error    Value must be omitted for boolean attributes                                                                                                                                                                                                                                                                                                                       react/jsx-boolean-value
  516:71  error    `{' '}` must be placed on a new line                                                                                                                                                                                                                                                                                                                               react/jsx-one-expression-per-line

/Users/maria/git/ORIGYN/dapps-monorepo-lerna/packages/features/theme/src/index.tsx
   1:50  error    '/Users/maria/git/ORIGYN/dapps-monorepo-lerna/node_modules/@types/react/index.d.ts' imported multiple times                                        import/no-duplicates
   2:25  error    '/Users/maria/git/ORIGYN/dapps-monorepo-lerna/node_modules/@types/react/index.d.ts' imported multiple times                                        import/no-duplicates
  16:18  error    't' is defined but never used                                                                                                                      @typescript-eslint/no-unused-vars
  17:18  error    'd' is defined but never used                                                                                                                      @typescript-eslint/no-unused-vars
  22:29  error    Function component is not a function declaration                                                                                                   react/function-component-definition
  22:32  error    'children' is missing in props validation                                                                                                          react/prop-types
  40:3   warning  Unexpected console statement                                                                                                                       no-console
  42:5   error    JSX not allowed in files with extension '.tsx'                                                                                                     react/jsx-filename-extension
  43:14  error    The object passed as the value prop to the Context provider (at line 43) changes every render. To fix this consider wrapping it in a useMemo hook  react/jsx-no-constructed-context-values
  54:39  error    'children' is missing in props validation                                                                                                          react/prop-types
  56:3   warning  Unexpected console statement                                                                                                                       no-console

/Users/maria/git/ORIGYN/dapps-monorepo-lerna/packages/features/theme/src/palette.tsx
  1:1  error  Expected 1 empty line after import statement not followed by another import  import/newline-after-import

/Users/maria/git/ORIGYN/dapps-monorepo-lerna/packages/features/tokens-provider/src/TokensContextProvider.tsx
  108:48  error  Function component is not a function declaration                                                                                                    react/function-component-definition
  123:7   error  Expected property shorthand                                                                                                                         object-shorthand
  129:11  error  Unexpected dangling '_' in '_tokens'                                                                                                                no-underscore-dangle
  138:7   error  Assignment to property of function parameter 'pTokens'                                                                                              no-param-reassign
  147:30  error  Use the '**' operator instead of 'Math.pow'                                                                                                         prefer-exponentiation-operator
  147:30  error  'Math.pow' is restricted from being used. Use the exponentiation operator (**) instead                                                              no-restricted-properties
  156:7   error  Assignment to property of function parameter 'pTokens'                                                                                              no-param-reassign
  162:11  error  Unexpected dangling '_' in '_tokens'                                                                                                                no-underscore-dangle
  168:23  error  Unexpected block statement surrounding arrow body; parenthesize the returned value and move it immediately after the `=>`                           arrow-body-style
  179:5   error  JSX not allowed in files with extension '.tsx'                                                                                                      react/jsx-filename-extension
  180:14  error  The object passed as the value prop to the Context provider (at line 180) changes every render. To fix this consider wrapping it in a useMemo hook  react/jsx-no-constructed-context-values

/Users/maria/git/ORIGYN/dapps-monorepo-lerna/packages/utils/src/useLocalStorage.tsx
  24:20  error  There should be no line break before or after '='  operator-linebreak

✖ 4534 problems (4479 errors, 55 warnings)
  2184 errors and 0 warnings potentially fixable with the `--fix` option.

